Archive member included to satisfy reference by file (symbol)

/Applications/ArmGNUToolchain/15.2.rel1/arm-none-eabi/bin/../lib/gcc/arm-none-eabi/15.2.1/../../../../arm-none-eabi/lib/thumb/v7e-m+fp/hard/libc_nano.a(libc_a-exit.o)
                              /Applications/ArmGNUToolchain/15.2.rel1/arm-none-eabi/bin/../lib/gcc/arm-none-eabi/15.2.1/../../../../arm-none-eabi/lib/thumb/v7e-m+fp/hard/crt0.o (exit)
/Applications/ArmGNUToolchain/15.2.rel1/arm-none-eabi/bin/../lib/gcc/arm-none-eabi/15.2.1/../../../../arm-none-eabi/lib/thumb/v7e-m+fp/hard/libc_nano.a(libc_a-findfp.o)
                              /Applications/ArmGNUToolchain/15.2.rel1/arm-none-eabi/bin/../lib/gcc/arm-none-eabi/15.2.1/../../../../arm-none-eabi/lib/thumb/v7e-m+fp/hard/libc_nano.a(libc_a-exit.o) (__stdio_exit_handler)
/Applications/ArmGNUToolchain/15.2.rel1/arm-none-eabi/bin/../lib/gcc/arm-none-eabi/15.2.1/../../../../arm-none-eabi/lib/thumb/v7e-m+fp/hard/libc_nano.a(libc_a-fwalk.o)
                              /Applications/ArmGNUToolchain/15.2.rel1/arm-none-eabi/bin/../lib/gcc/arm-none-eabi/15.2.1/../../../../arm-none-eabi/lib/thumb/v7e-m+fp/hard/libc_nano.a(libc_a-findfp.o) (_fwalk_sglue)
/Applications/ArmGNUToolchain/15.2.rel1/arm-none-eabi/bin/../lib/gcc/arm-none-eabi/15.2.1/../../../../arm-none-eabi/lib/thumb/v7e-m+fp/hard/libc_nano.a(libc_a-puts.o)
                              build/main.o (puts)
/Applications/ArmGNUToolchain/15.2.rel1/arm-none-eabi/bin/../lib/gcc/arm-none-eabi/15.2.1/../../../../arm-none-eabi/lib/thumb/v7e-m+fp/hard/libc_nano.a(libc_a-memset.o)
                              /Applications/ArmGNUToolchain/15.2.rel1/arm-none-eabi/bin/../lib/gcc/arm-none-eabi/15.2.1/../../../../arm-none-eabi/lib/thumb/v7e-m+fp/hard/crt0.o (memset)
/Applications/ArmGNUToolchain/15.2.rel1/arm-none-eabi/bin/../lib/gcc/arm-none-eabi/15.2.1/../../../../arm-none-eabi/lib/thumb/v7e-m+fp/hard/libc_nano.a(libc_a-init.o)
                              /Applications/ArmGNUToolchain/15.2.rel1/arm-none-eabi/bin/../lib/gcc/arm-none-eabi/15.2.1/../../../../arm-none-eabi/lib/thumb/v7e-m+fp/hard/crt0.o (__libc_init_array)
/Applications/ArmGNUToolchain/15.2.rel1/arm-none-eabi/bin/../lib/gcc/arm-none-eabi/15.2.1/../../../../arm-none-eabi/lib/thumb/v7e-m+fp/hard/libc_nano.a(libc_a-lock.o)
                              /Applications/ArmGNUToolchain/15.2.rel1/arm-none-eabi/bin/../lib/gcc/arm-none-eabi/15.2.1/../../../../arm-none-eabi/lib/thumb/v7e-m+fp/hard/libc_nano.a(libc_a-findfp.o) (__retarget_lock_init_recursive)
/Applications/ArmGNUToolchain/15.2.rel1/arm-none-eabi/bin/../lib/gcc/arm-none-eabi/15.2.1/../../../../arm-none-eabi/lib/thumb/v7e-m+fp/hard/libc_nano.a(libc_a-impure.o)
                              /Applications/ArmGNUToolchain/15.2.rel1/arm-none-eabi/bin/../lib/gcc/arm-none-eabi/15.2.1/../../../../arm-none-eabi/lib/thumb/v7e-m+fp/hard/libc_nano.a(libc_a-puts.o) (_impure_ptr)
/Applications/ArmGNUToolchain/15.2.rel1/arm-none-eabi/bin/../lib/gcc/arm-none-eabi/15.2.1/../../../../arm-none-eabi/lib/thumb/v7e-m+fp/hard/libc_nano.a(libc_a-mallocr.o)
                              /Applications/ArmGNUToolchain/15.2.rel1/arm-none-eabi/bin/../lib/gcc/arm-none-eabi/15.2.1/../../../../arm-none-eabi/lib/thumb/v7e-m+fp/hard/libc_nano.a(libc_a-findfp.o) (_malloc_r)
/Applications/ArmGNUToolchain/15.2.rel1/arm-none-eabi/bin/../lib/gcc/arm-none-eabi/15.2.1/../../../../arm-none-eabi/lib/thumb/v7e-m+fp/hard/libc_nano.a(libc_a-mlock.o)
                              /Applications/ArmGNUToolchain/15.2.rel1/arm-none-eabi/bin/../lib/gcc/arm-none-eabi/15.2.1/../../../../arm-none-eabi/lib/thumb/v7e-m+fp/hard/libc_nano.a(libc_a-mallocr.o) (__malloc_lock)
/Applications/ArmGNUToolchain/15.2.rel1/arm-none-eabi/bin/../lib/gcc/arm-none-eabi/15.2.1/../../../../arm-none-eabi/lib/thumb/v7e-m+fp/hard/libc_nano.a(libc_a-stdio.o)
                              /Applications/ArmGNUToolchain/15.2.rel1/arm-none-eabi/bin/../lib/gcc/arm-none-eabi/15.2.1/../../../../arm-none-eabi/lib/thumb/v7e-m+fp/hard/libc_nano.a(libc_a-findfp.o) (__sread)
/Applications/ArmGNUToolchain/15.2.rel1/arm-none-eabi/bin/../lib/gcc/arm-none-eabi/15.2.1/../../../../arm-none-eabi/lib/thumb/v7e-m+fp/hard/libc_nano.a(libc_a-fflush.o)
                              /Applications/ArmGNUToolchain/15.2.rel1/arm-none-eabi/bin/../lib/gcc/arm-none-eabi/15.2.1/../../../../arm-none-eabi/lib/thumb/v7e-m+fp/hard/libc_nano.a(libc_a-findfp.o) (_fflush_r)
/Applications/ArmGNUToolchain/15.2.rel1/arm-none-eabi/bin/../lib/gcc/arm-none-eabi/15.2.1/../../../../arm-none-eabi/lib/thumb/v7e-m+fp/hard/libc_nano.a(libc_a-wbuf.o)
                              /Applications/ArmGNUToolchain/15.2.rel1/arm-none-eabi/bin/../lib/gcc/arm-none-eabi/15.2.1/../../../../arm-none-eabi/lib/thumb/v7e-m+fp/hard/libc_nano.a(libc_a-puts.o) (__swbuf_r)
/Applications/ArmGNUToolchain/15.2.rel1/arm-none-eabi/bin/../lib/gcc/arm-none-eabi/15.2.1/../../../../arm-none-eabi/lib/thumb/v7e-m+fp/hard/libc_nano.a(libc_a-wsetup.o)
[...]
Memory Configuration

Name             Origin             Length             Attributes
RAM              0x20000000         0x00018000         xrw
RAM2             0x10000000         0x00008000         xrw
FLASH            0x08000000         0x00100000         xr
*default*        0x00000000         0xffffffff

Linker script and memory map

LOAD /Applications/ArmGNUToolchain/15.2.rel1/arm-none-eabi/bin/../lib/gcc/arm-none-eabi/15.2.1/thumb/v7e-m+fp/hard/crti.o
LOAD /Applications/ArmGNUToolchain/15.2.rel1/arm-none-eabi/bin/../lib/gcc/arm-none-eabi/15.2.1/thumb/v7e-m+fp/hard/crtbegin.o
LOAD /Applications/ArmGNUToolchain/15.2.rel1/arm-none-eabi/bin/../lib/gcc/arm-none-eabi/15.2.1/../../../../arm-none-eabi/lib/thumb/v7e-m+fp/hard/crt0.o
LOAD build/main.o
LOAD build/gpio.o
LOAD build/i2c.o
LOAD build/sdmmc.o
LOAD build/usart.o
LOAD build/stm32l4xx_it.o
LOAD build/stm32l4xx_hal_msp.o
LOAD build/fatfs.o
LOAD build/bsp_driver_sd.o
LOAD build/sd_diskio.o
LOAD build/fatfs_platform.o
LOAD build/stm32l4xx_hal.o
LOAD build/stm32l4xx_hal_rcc.o
LOAD build/stm32l4xx_hal_rcc_ex.o
LOAD build/stm32l4xx_hal_flash.o
LOAD build/stm32l4xx_hal_flash_ex.o
LOAD build/stm32l4xx_hal_flash_ramfunc.o
LOAD build/stm32l4xx_hal_gpio.o
LOAD build/stm32l4xx_hal_i2c.o
LOAD build/stm32l4xx_hal_i2c_ex.o
LOAD build/stm32l4xx_hal_dma.o
LOAD build/stm32l4xx_hal_dma_ex.o
LOAD build/stm32l4xx_hal_pwr.o
LOAD build/stm32l4xx_hal_pwr_ex.o
LOAD build/stm32l4xx_hal_cortex.o
LOAD build/stm32l4xx_hal_exti.o
LOAD build/stm32l4xx_ll_sdmmc.o
LOAD build/stm32l4xx_hal_sd.o
LOAD build/stm32l4xx_hal_sd_ex.o
LOAD build/stm32l4xx_hal_mmc.o
LOAD build/stm32l4xx_hal_mmc_ex.o
LOAD build/stm32l4xx_hal_uart.o
LOAD build/stm32l4xx_hal_uart_ex.o
LOAD build/system_stm32l4xx.o
LOAD build/diskio.o
LOAD build/ff.o
LOAD build/ff_gen_drv.o
LOAD build/syscall.o
LOAD build/startup_stm32l476xx.o
LOAD /Applications/ArmGNUToolchain/15.2.rel1/arm-none-eabi/bin/../lib/gcc/arm-none-eabi/15.2.1/../../../../arm-none-eabi/lib/thumb/v7e-m+fp/hard/libc_nano.a
LOAD /Applications/ArmGNUToolchain/15.2.rel1/arm-none-eabi/bin/../lib/gcc/arm-none-eabi/15.2.1/../../../../arm-none-eabi/lib/thumb/v7e-m+fp/hard/libm.a
LOAD /Applications/ArmGNUToolchain/15.2.rel1/arm-none-eabi/bin/../lib/gcc/arm-none-eabi/15.2.1/../../../../arm-none-eabi/lib/thumb/v7e-m+fp/hard/libnosys.a
START GROUP
LOAD /Applications/ArmGNUToolchain/15.2.rel1/arm-none-eabi/bin/../lib/gcc/arm-none-eabi/15.2.1/thumb/v7e-m+fp/hard/libgcc.a
LOAD /Applications/ArmGNUToolchain/15.2.rel1/arm-none-eabi/bin/../lib/gcc/arm-none-eabi/15.2.1/../../../../arm-none-eabi/lib/thumb/v7e-m+fp/hard/libc_nano.a
END GROUP
START GROUP
LOAD /Applications/ArmGNUToolchain/15.2.rel1/arm-none-eabi/bin/../lib/gcc/arm-none-eabi/15.2.1/thumb/v7e-m+fp/hard/libgcc.a
LOAD /Applications/ArmGNUToolchain/15.2.rel1/arm-none-eabi/bin/../lib/gcc/arm-none-eabi/15.2.1/../../../../arm-none-eabi/lib/thumb/v7e-m+fp/hard/libc_nano.a
END GROUP
LOAD /Applications/ArmGNUToolchain/15.2.rel1/arm-none-eabi/bin/../lib/gcc/arm-none-eabi/15.2.1/thumb/v7e-m+fp/hard/crtend.o
LOAD /Applications/ArmGNUToolchain/15.2.rel1/arm-none-eabi/bin/../lib/gcc/arm-none-eabi/15.2.1/thumb/v7e-m+fp/hard/crtn.o
                0x20018000                        _estack = (ORIGIN (RAM) + LENGTH (RAM))
                0x00000200                        _Min_Heap_Size = 0x200
                0x00000400                        _Min_Stack_Size = 0x400

.isr_vector     0x08000000      0x188
                0x08000000                        . = ALIGN (0x8)
 *(.isr_vector)
 .isr_vector    0x08000000      0x188 build/startup_stm32l476xx.o
                0x08000000                g_pfnVectors
                0x08000188                        . = ALIGN (0x8)

.text           0x08000188     0x4de8
                0x08000188                        . = ALIGN (0x8)
 *(.text)
 .text          0x08000188       0x30 /Applications/ArmGNUToolchain/15.2.rel1/arm-none-eabi/bin/../lib/gcc/arm-none-eabi/15.2.1/thumb/v7e-m+fp/hard/libgcc.a(_aeabi_uldivmod.o)
                0x08000188                __aeabi_uldivmod
 .text          0x080001b8        0x4 /Applications/ArmGNUToolchain/15.2.rel1/arm-none-eabi/bin/../lib/gcc/arm-none-eabi/15.2.1/thumb/v7e-m+fp/hard/libgcc.a(_dvmd_tls.o)
                0x080001b8                __aeabi_ldiv0
                0x080001b8                __aeabi_idiv0
 *(.text*)
 .text.deregister_tm_clones
                0x080001bc       0x1c /Applications/ArmGNUToolchain/15.2.rel1/arm-none-eabi/bin/../lib/gcc/arm-none-eabi/15.2.1/thumb/v7e-m+fp/hard/crtbegin.o
 .text.register_tm_clones
                0x080001d8       0x24 /Applications/ArmGNUToolchain/15.2.rel1/arm-none-eabi/bin/../lib/gcc/arm-none-eabi/15.2.1/thumb/v7e-m+fp/hard/crtbegin.o
 .text.__do_global_dtors_aux
                0x080001fc       0x28 /Applications/ArmGNUToolchain/15.2.rel1/arm-none-eabi/bin/../lib/gcc/arm-none-eabi/15.2.1/thumb/v7e-m+fp/hard/crtbegin.o
 .text.frame_dummy
                0x08000224       0x24 /Applications/ArmGNUToolchain/15.2.rel1/arm-none-eabi/bin/../lib/gcc/arm-none-eabi/15.2.1/thumb/v7e-m+fp/hard/crtbegin.o
 .text.ITM_SendChar
                0x08000248       0x34 build/main.o
 .text._write   0x0800027c       0x1c build/main.o
                0x0800027c                _write
 .text.Error_Handler
                0x08000298        0x4 build/main.o
                0x08000298                Error_Handler
 .text.SystemClock_Config
                0x0800029c       0x62 build/main.o
                0x0800029c                SystemClock_Config
 *fill*         0x080002fe        0x2 
 .text.main     0x08000300       0x58 build/main.o
                0x08000300                main
 .text.MX_GPIO_Init
                0x08000358      0x168 build/gpio.o
                0x08000358                MX_GPIO_Init
 .text.MX_I2C1_Init
                0x080004c0       0x58 build/i2c.o
                0x080004c0                MX_I2C1_Init
 .text.MX_I2C2_Init
                0x08000518       0x58 build/i2c.o
                0x08000518                MX_I2C2_Init
 .text.HAL_I2C_MspInit
                0x08000570       0xec build/i2c.o
                0x08000570                HAL_I2C_MspInit
 .text.MX_SDMMC1_SD_Init
                0x0800065c       0x24 build/sdmmc.o
                0x0800065c                MX_SDMMC1_SD_Init
 .text.HAL_SD_MspInit
                0x08000680       0xd8 build/sdmmc.o
                0x08000680                HAL_SD_MspInit
 .text.MX_USART1_UART_Init
                0x08000758       0x38 build/usart.o
                0x08000758                MX_USART1_UART_Init
 .text.HAL_UART_MspInit
                0x08000790       0xb4 build/usart.o
                0x08000790                HAL_UART_MspInit
 .text.NMI_Handler
                0x08000844        0x2 build/stm32l4xx_it.o
                0x08000844                NMI_Handler
 .text.HardFault_Handler
                0x08000846        0x2 build/stm32l4xx_it.o
                0x08000846                HardFault_Handler
 .text.MemManage_Handler
                0x08000848        0x2 build/stm32l4xx_it.o
                0x08000848                MemManage_Handler
 .text.BusFault_Handler
                0x0800084a        0x2 build/stm32l4xx_it.o
                0x0800084a                BusFault_Handler
 .text.UsageFault_Handler
                0x0800084c        0x2 build/stm32l4xx_it.o
                0x0800084c                UsageFault_Handler
 .text.SVC_Handler
                0x0800084e        0x2 build/stm32l4xx_it.o
                0x0800084e                SVC_Handler
 .text.DebugMon_Handler
                0x08000850        0x2 build/stm32l4xx_it.o
                0x08000850                DebugMon_Handler
 .text.PendSV_Handler
                0x08000852        0x2 build/stm32l4xx_it.o
                0x08000852                PendSV_Handler
 .text.SysTick_Handler
                0x08000854        0x8 build/stm32l4xx_it.o
                0x08000854                SysTick_Handler
 .text.HAL_MspInit
                0x0800085c       0x30 build/stm32l4xx_hal_msp.o
                0x0800085c                HAL_MspInit
 .text.MX_FATFS_Init
                0x0800088c       0x1c build/fatfs.o
                0x0800088c                MX_FATFS_Init
 .text.BSP_SD_ReadBlocks
                0x080008a8       0x20 build/bsp_driver_sd.o
                0x080008a8                BSP_SD_ReadBlocks
 .text.BSP_SD_WriteBlocks
                0x080008c8       0x20 build/bsp_driver_sd.o
                0x080008c8                BSP_SD_WriteBlocks
 .text.BSP_SD_GetCardState
                0x080008e8       0x14 build/bsp_driver_sd.o
                0x080008e8                BSP_SD_GetCardState
 .text.BSP_SD_GetCardInfo
                0x080008fc       0x10 build/bsp_driver_sd.o
                0x080008fc                BSP_SD_GetCardInfo
 .text.BSP_SD_IsDetected
                0x0800090c       0x1c build/bsp_driver_sd.o
                0x0800090c                BSP_SD_IsDetected
 .text.BSP_SD_Init
                0x08000928       0x38 build/bsp_driver_sd.o
                0x08000928                BSP_SD_Init
 .text.SD_CheckStatus
                0x08000960       0x24 build/sd_diskio.o
 .text.SD_initialize
                0x08000984       0x28 build/sd_diskio.o
                0x08000984                SD_initialize
 .text.SD_status
                0x080009ac        0x8 build/sd_diskio.o
                0x080009ac                SD_status
 .text.SD_read  0x080009b4       0x24 build/sd_diskio.o
                0x080009b4                SD_read
 .text.SD_write
                0x080009d8       0x24 build/sd_diskio.o
                0x080009d8                SD_write
 .text.SD_ioctl
                0x080009fc       0x60 build/sd_diskio.o
                0x080009fc                SD_ioctl
 .text.BSP_PlatformIsDetected
                0x08000a5c       0x18 build/fatfs_platform.o
                0x08000a5c                BSP_PlatformIsDetected
 .text.HAL_InitTick
                0x08000a74       0x50 build/stm32l4xx_hal.o
                0x08000a74                HAL_InitTick
 .text.HAL_Init
                0x08000ac4       0x20 build/stm32l4xx_hal.o
                0x08000ac4                HAL_Init
 .text.HAL_IncTick
                0x08000ae4       0x18 build/stm32l4xx_hal.o
                0x08000ae4                HAL_IncTick
 .text.HAL_GetTick
                0x08000afc        0xc build/stm32l4xx_hal.o
                0x08000afc                HAL_GetTick
 .text.HAL_Delay
                0x08000b08       0x28 build/stm32l4xx_hal.o
                0x08000b08                HAL_Delay
 .text.RCC_SetFlashLatencyFromMSIRange
                0x08000b30       0x90 build/stm32l4xx_hal_rcc.o
 .text.HAL_RCC_GetSysClockFreq
                0x08000bc0       0xa8 build/stm32l4xx_hal_rcc.o
                0x08000bc0                HAL_RCC_GetSysClockFreq
 .text.HAL_RCC_OscConfig
                0x08000c68      0x620 build/stm32l4xx_hal_rcc.o
                0x08000c68                HAL_RCC_OscConfig
 .text.HAL_RCC_ClockConfig
                0x08001288      0x188 build/stm32l4xx_hal_rcc.o
                0x08001288                HAL_RCC_ClockConfig
 .text.HAL_RCC_GetHCLKFreq
                0x08001410        0xc build/stm32l4xx_hal_rcc.o
                0x08001410                HAL_RCC_GetHCLKFreq
 .text.HAL_RCC_GetPCLK1Freq
                0x0800141c       0x24 build/stm32l4xx_hal_rcc.o
                0x0800141c                HAL_RCC_GetPCLK1Freq
 .text.HAL_RCC_GetPCLK2Freq
                0x08001440       0x24 build/stm32l4xx_hal_rcc.o
                0x08001440                HAL_RCC_GetPCLK2Freq
 .text.RCCEx_GetSAIxPeriphCLKFreq
                0x08001464      0x120 build/stm32l4xx_hal_rcc_ex.o
 .text.RCCEx_PLLSAI1_Config
                0x08001584      0x188 build/stm32l4xx_hal_rcc_ex.o
 .text.RCCEx_PLLSAI2_Config
                0x0800170c      0x160 build/stm32l4xx_hal_rcc_ex.o
 .text.HAL_RCCEx_PeriphCLKConfig
                0x0800186c      0x470 build/stm32l4xx_hal_rcc_ex.o
                0x0800186c                HAL_RCCEx_PeriphCLKConfig
 .text.HAL_RCCEx_GetPeriphCLKFreq
                0x08001cdc      0x6d8 build/stm32l4xx_hal_rcc_ex.o
                0x08001cdc                HAL_RCCEx_GetPeriphCLKFreq
 .text.HAL_GPIO_Init
                0x080023b4      0x21c build/stm32l4xx_hal_gpio.o
                0x080023b4                HAL_GPIO_Init
 .text.HAL_GPIO_ReadPin
                0x080025d0        0xe build/stm32l4xx_hal_gpio.o
                0x080025d0                HAL_GPIO_ReadPin
 .text.HAL_GPIO_WritePin
                0x080025de        0xa build/stm32l4xx_hal_gpio.o
                0x080025de                HAL_GPIO_WritePin
 .text.HAL_I2C_Init
                0x080025e8       0xc8 build/stm32l4xx_hal_i2c.o
                0x080025e8                HAL_I2C_Init
 .text.HAL_I2CEx_ConfigAnalogFilter
                0x080026b0       0x5a build/stm32l4xx_hal_i2c_ex.o
                0x080026b0                HAL_I2CEx_ConfigAnalogFilter
 .text.HAL_I2CEx_ConfigDigitalFilter
                0x0800270a       0x56 build/stm32l4xx_hal_i2c_ex.o
                0x0800270a                HAL_I2CEx_ConfigDigitalFilter
 .text.HAL_PWREx_GetVoltageRange
                0x08002760       0x10 build/stm32l4xx_hal_pwr_ex.o
                0x08002760                HAL_PWREx_GetVoltageRange
 .text.HAL_PWREx_ControlVoltageScaling
                0x08002770       0x90 build/stm32l4xx_hal_pwr_ex.o
                0x08002770                HAL_PWREx_ControlVoltageScaling
 .text.__NVIC_SetPriority
                0x08002800       0x28 build/stm32l4xx_hal_cortex.o
 .text.NVIC_EncodePriority
                0x08002828       0x46 build/stm32l4xx_hal_cortex.o
 *fill*         0x0800286e        0x2 
 .text.HAL_NVIC_SetPriorityGrouping
                0x08002870       0x24 build/stm32l4xx_hal_cortex.o
                0x08002870                HAL_NVIC_SetPriorityGrouping
 .text.HAL_NVIC_SetPriority
                0x08002894       0x20 build/stm32l4xx_hal_cortex.o
                0x08002894                HAL_NVIC_SetPriority
 .text.HAL_SYSTICK_Config
                0x080028b4       0x28 build/stm32l4xx_hal_cortex.o
                0x080028b4                HAL_SYSTICK_Config
 .text.SDMMC_GetCmdError
                0x080028dc       0x3c build/stm32l4xx_ll_sdmmc.o
 .text.SDMMC_Init
                0x08002918       0x34 build/stm32l4xx_ll_sdmmc.o
                0x08002918                SDMMC_Init
 .text.SDMMC_ReadFIFO
                0x0800294c        0x6 build/stm32l4xx_ll_sdmmc.o
                0x0800294c                SDMMC_ReadFIFO
 .text.SDMMC_WriteFIFO
                0x08002952        0xa build/stm32l4xx_ll_sdmmc.o
                0x08002952                SDMMC_WriteFIFO
 .text.SDMMC_PowerState_ON
                0x0800295c       0x10 build/stm32l4xx_ll_sdmmc.o
                0x0800295c                SDMMC_PowerState_ON
 .text.SDMMC_GetPowerState
                0x0800296c        0x8 build/stm32l4xx_ll_sdmmc.o
                0x0800296c                SDMMC_GetPowerState
 .text.SDMMC_SendCommand
                0x08002974       0x20 build/stm32l4xx_ll_sdmmc.o
                0x08002974                SDMMC_SendCommand
 .text.SDMMC_GetCommandResponse
                0x08002994        0x6 build/stm32l4xx_ll_sdmmc.o
                0x08002994                SDMMC_GetCommandResponse
 .text.SDMMC_GetResponse
                0x0800299a        0x6 build/stm32l4xx_ll_sdmmc.o
                0x0800299a                SDMMC_GetResponse
 .text.SDMMC_ConfigData
                0x080029a0       0x24 build/stm32l4xx_ll_sdmmc.o
                0x080029a0                SDMMC_ConfigData
 .text.SDMMC_CmdGoIdleState
                0x080029c4       0x26 build/stm32l4xx_ll_sdmmc.o
                0x080029c4                SDMMC_CmdGoIdleState
 *fill*         0x080029ea        0x2 
 .text.SDMMC_GetCmdResp1
                0x080029ec      0x154 build/stm32l4xx_ll_sdmmc.o
                0x080029ec                SDMMC_GetCmdResp1
 .text.SDMMC_CmdBlockLength
                0x08002b40       0x30 build/stm32l4xx_ll_sdmmc.o
                0x08002b40                SDMMC_CmdBlockLength
 .text.SDMMC_CmdReadSingleBlock
                0x08002b70       0x30 build/stm32l4xx_ll_sdmmc.o
                0x08002b70                SDMMC_CmdReadSingleBlock
 .text.SDMMC_CmdReadMultiBlock
                0x08002ba0       0x30 build/stm32l4xx_ll_sdmmc.o
                0x08002ba0                SDMMC_CmdReadMultiBlock
 .text.SDMMC_CmdWriteSingleBlock
                0x08002bd0       0x30 build/stm32l4xx_ll_sdmmc.o
                0x08002bd0                SDMMC_CmdWriteSingleBlock
 .text.SDMMC_CmdWriteMultiBlock
                0x08002c00       0x30 build/stm32l4xx_ll_sdmmc.o
                0x08002c00                SDMMC_CmdWriteMultiBlock
 .text.SDMMC_CmdStopTransfer
                0x08002c30       0x34 build/stm32l4xx_ll_sdmmc.o
                0x08002c30                SDMMC_CmdStopTransfer
 .text.SDMMC_CmdSelDesel
                0x08002c64       0x30 build/stm32l4xx_ll_sdmmc.o
                0x08002c64                SDMMC_CmdSelDesel
 .text.SDMMC_CmdAppCommand
                0x08002c94       0x30 build/stm32l4xx_ll_sdmmc.o
                0x08002c94                SDMMC_CmdAppCommand
 .text.SDMMC_CmdBusWidth
                0x08002cc4       0x30 build/stm32l4xx_ll_sdmmc.o
                0x08002cc4                SDMMC_CmdBusWidth
 .text.SDMMC_CmdSendSCR
                0x08002cf4       0x30 build/stm32l4xx_ll_sdmmc.o
                0x08002cf4                SDMMC_CmdSendSCR
 .text.SDMMC_CmdSendStatus
                0x08002d24       0x30 build/stm32l4xx_ll_sdmmc.o
                0x08002d24                SDMMC_CmdSendStatus
 .text.SDMMC_GetCmdResp2
                0x08002d54       0x5c build/stm32l4xx_ll_sdmmc.o
                0x08002d54                SDMMC_GetCmdResp2
 .text.SDMMC_CmdSendCID
                0x08002db0       0x2a build/stm32l4xx_ll_sdmmc.o
                0x08002db0                SDMMC_CmdSendCID
 .text.SDMMC_CmdSendCSD
                0x08002dda       0x2a build/stm32l4xx_ll_sdmmc.o
                0x08002dda                SDMMC_CmdSendCSD
 .text.SDMMC_GetCmdResp3
                0x08002e04       0x50 build/stm32l4xx_ll_sdmmc.o
                0x08002e04                SDMMC_GetCmdResp3
 .text.SDMMC_CmdAppOperCommand
                0x08002e54       0x32 build/stm32l4xx_ll_sdmmc.o
                0x08002e54                SDMMC_CmdAppOperCommand
 *fill*         0x08002e86        0x2 
 .text.SDMMC_GetCmdResp6
                0x08002e88       0xa4 build/stm32l4xx_ll_sdmmc.o
                0x08002e88                SDMMC_GetCmdResp6
 .text.SDMMC_CmdSetRelAdd
                0x08002f2c       0x30 build/stm32l4xx_ll_sdmmc.o
                0x08002f2c                SDMMC_CmdSetRelAdd
 .text.SDMMC_GetCmdResp7
                0x08002f5c       0x68 build/stm32l4xx_ll_sdmmc.o
                0x08002f5c                SDMMC_GetCmdResp7
 .text.SDMMC_CmdOperCond
                0x08002fc4       0x2e build/stm32l4xx_ll_sdmmc.o
                0x08002fc4                SDMMC_CmdOperCond
 *fill*         0x08002ff2        0x2 
 .text.SD_PowerON
                0x08002ff4       0xc8 build/stm32l4xx_hal_sd.o
 .text.SD_FindSCR
                0x080030bc       0xfe build/stm32l4xx_hal_sd.o
 .text.SD_WideBus_Enable
                0x080031ba       0x4e build/stm32l4xx_hal_sd.o
 .text.SD_WideBus_Disable
                0x08003208       0x4e build/stm32l4xx_hal_sd.o
 .text.SD_SendStatus
                0x08003256       0x2e build/stm32l4xx_hal_sd.o
 .text.HAL_SD_ReadBlocks
                0x08003284      0x244 build/stm32l4xx_hal_sd.o
                0x08003284                HAL_SD_ReadBlocks
 .text.HAL_SD_WriteBlocks
                0x080034c8      0x1fc build/stm32l4xx_hal_sd.o
                0x080034c8                HAL_SD_WriteBlocks
 .text.HAL_SD_GetCardCSD
                0x080036c4      0x1b8 build/stm32l4xx_hal_sd.o
                0x080036c4                HAL_SD_GetCardCSD
 .text.SD_InitCard
                0x0800387c       0xd8 build/stm32l4xx_hal_sd.o
 .text.HAL_SD_InitCard
                0x08003954       0xdc build/stm32l4xx_hal_sd.o
                0x08003954                HAL_SD_InitCard
 .text.HAL_SD_GetCardInfo
                0x08003a30       0x24 build/stm32l4xx_hal_sd.o
                0x08003a30                HAL_SD_GetCardInfo
 .text.HAL_SD_ConfigWideBusOperation
                0x08003a54      0x100 build/stm32l4xx_hal_sd.o
                0x08003a54                HAL_SD_ConfigWideBusOperation
 .text.HAL_SD_Init
                0x08003b54       0x52 build/stm32l4xx_hal_sd.o
                0x08003b54                HAL_SD_Init
 .text.HAL_SD_GetCardState
                0x08003ba6       0x22 build/stm32l4xx_hal_sd.o
                0x08003ba6                HAL_SD_GetCardState
 .text.UART_EndRxTransfer
                0x08003bc8       0x52 build/stm32l4xx_hal_uart.o
 *fill*         0x08003c1a        0x2 
 .text.UART_SetConfig
                0x08003c1c      0x320 build/stm32l4xx_hal_uart.o
                0x08003c1c                UART_SetConfig
 .text.UART_AdvFeatureConfig
                0x08003f3c       0xca build/stm32l4xx_hal_uart.o
                0x08003f3c                UART_AdvFeatureConfig
 .text.UART_WaitOnFlagUntilTimeout
                0x08004006       0x9c build/stm32l4xx_hal_uart.o
                0x08004006                UART_WaitOnFlagUntilTimeout
 .text.UART_CheckIdleState
                0x080040a2       0xc2 build/stm32l4xx_hal_uart.o
                0x080040a2                UART_CheckIdleState
 .text.HAL_UART_Init
                0x08004164       0x62 build/stm32l4xx_hal_uart.o
                0x08004164                HAL_UART_Init
 *fill*         0x080041c6        0x2 
 .text.SystemInit
                0x080041c8       0x14 build/system_stm32l4xx.o
                0x080041c8                SystemInit
 .text.FATFS_LinkDriverEx
                0x080041dc       0x5c build/ff_gen_drv.o
                0x080041dc                FATFS_LinkDriverEx
 .text.FATFS_LinkDriver
                0x08004238        0xa build/ff_gen_drv.o
                0x08004238                FATFS_LinkDriver
 *fill*         0x08004242        0x2 
 .text.Reset_Handler
                0x08004244       0x50 build/startup_stm32l476xx.o
                0x08004244                Reset_Handler
 .text.Default_Handler
                0x08004294        0x2 build/startup_stm32l476xx.o
                0x08004294                TIM1_BRK_TIM15_IRQHandler
                0x08004294                EXTI2_IRQHandler
                0x08004294                TIM8_TRG_COM_IRQHandler
                0x08004294                TIM8_CC_IRQHandler
                0x08004294                TIM1_CC_IRQHandler
                0x08004294                TSC_IRQHandler
                0x08004294                TAMP_STAMP_IRQHandler
                0x08004294                EXTI3_IRQHandler
                0x08004294                LPTIM2_IRQHandler
                0x08004294                DFSDM1_FLT1_IRQHandler
                0x08004294                I2C3_ER_IRQHandler
                0x08004294                DFSDM1_FLT2_IRQHandler
                0x08004294                EXTI0_IRQHandler
                0x08004294                I2C2_EV_IRQHandler
                0x08004294                CAN1_RX0_IRQHandler
                0x08004294                FPU_IRQHandler
                0x08004294                TIM1_UP_TIM16_IRQHandler
                0x08004294                ADC1_2_IRQHandler
                0x08004294                SPI1_IRQHandler
                0x08004294                TIM6_DAC_IRQHandler
                0x08004294                TIM8_UP_IRQHandler
                0x08004294                DMA2_Channel2_IRQHandler
                0x08004294                DMA1_Channel4_IRQHandler
                0x08004294                SAI2_IRQHandler
                0x08004294                DFSDM1_FLT3_IRQHandler
                0x08004294                USART3_IRQHandler
                0x08004294                DMA1_Channel7_IRQHandler
                0x08004294                CAN1_RX1_IRQHandler
                0x08004294                LCD_IRQHandler
                0x08004294                UART5_IRQHandler
                0x08004294                ADC3_IRQHandler
                0x08004294                TIM4_IRQHandler
                0x08004294                DMA2_Channel1_IRQHandler
                0x08004294                QUADSPI_IRQHandler
                0x08004294                I2C1_EV_IRQHandler
                0x08004294                DMA1_Channel6_IRQHandler
                0x08004294                UART4_IRQHandler
                0x08004294                DMA2_Channel4_IRQHandler
                0x08004294                TIM3_IRQHandler
                0x08004294                RCC_IRQHandler
                0x08004294                DMA1_Channel1_IRQHandler
                0x08004294                Default_Handler
                0x08004294                DMA2_Channel7_IRQHandler
                0x08004294                EXTI15_10_IRQHandler
                0x08004294                TIM7_IRQHandler
                0x08004294                SDMMC1_IRQHandler
                0x08004294                TIM5_IRQHandler
                0x08004294                I2C3_EV_IRQHandler
                0x08004294                EXTI9_5_IRQHandler
                0x08004294                RTC_WKUP_IRQHandler
                0x08004294                PVD_PVM_IRQHandler
                0x08004294                SPI2_IRQHandler
                0x08004294                CAN1_TX_IRQHandler
                0x08004294                DMA2_Channel5_IRQHandler
                0x08004294                DMA1_Channel5_IRQHandler
                0x08004294                EXTI4_IRQHandler
                0x08004294                RNG_IRQHandler
                0x08004294                TIM1_TRG_COM_TIM17_IRQHandler
                0x08004294                DMA1_Channel3_IRQHandler
                0x08004294                COMP_IRQHandler
                0x08004294                WWDG_IRQHandler
                0x08004294                LPUART1_IRQHandler
                0x08004294                DMA2_Channel6_IRQHandler
                0x08004294                TIM2_IRQHandler
                0x08004294                EXTI1_IRQHandler
                0x08004294                USART2_IRQHandler
                0x08004294                DFSDM1_FLT0_IRQHandler
                0x08004294                I2C2_ER_IRQHandler
                0x08004294                DMA1_Channel2_IRQHandler
                0x08004294                TIM8_BRK_IRQHandler
                0x08004294                CAN1_SCE_IRQHandler
                0x08004294                FLASH_IRQHandler
                0x08004294                USART1_IRQHandler
                0x08004294                OTG_FS_IRQHandler
                0x08004294                SPI3_IRQHandler
                0x08004294                I2C1_ER_IRQHandler
                0x08004294                FMC_IRQHandler
                0x08004294                SWPMI1_IRQHandler
                0x08004294                LPTIM1_IRQHandler
                0x08004294                SAI1_IRQHandler
                0x08004294                DMA2_Channel3_IRQHandler
                0x08004294                RTC_Alarm_IRQHandler
 *fill*         0x08004296        0x2 
 .text.std      0x08004298       0x6c /Applications/ArmGNUToolchain/15.2.rel1/arm-none-eabi/bin/../lib/gcc/arm-none-eabi/15.2.1/../../../../arm-none-eabi/lib/thumb/v7e-m+fp/hard/libc_nano.a(libc_a-findfp.o)
 .text.stdio_exit_handler
                0x08004304       0x18 /Applications/ArmGNUToolchain/15.2.rel1/arm-none-eabi/bin/../lib/gcc/arm-none-eabi/15.2.1/../../../../arm-none-eabi/lib/thumb/v7e-m+fp/hard/libc_nano.a(libc_a-findfp.o)
 .text.cleanup_stdio
                0x0800431c       0x40 /Applications/ArmGNUToolchain/15.2.rel1/arm-none-eabi/bin/../lib/gcc/arm-none-eabi/15.2.1/../../../../arm-none-eabi/lib/thumb/v7e-m+fp/hard/libc_nano.a(libc_a-findfp.o)
 .text.global_stdio_init.part.0
                0x0800435c       0x40 /Applications/ArmGNUToolchain/15.2.rel1/arm-none-eabi/bin/../lib/gcc/arm-none-eabi/15.2.1/../../../../arm-none-eabi/lib/thumb/v7e-m+fp/hard/libc_nano.a(libc_a-findfp.o)
 .text.__sfp_lock_acquire
                0x0800439c        0xc /Applications/ArmGNUToolchain/15.2.rel1/arm-none-eabi/bin/../lib/gcc/arm-none-eabi/15.2.1/../../../../arm-none-eabi/lib/thumb/v7e-m+fp/hard/libc_nano.a(libc_a-findfp.o)
                0x0800439c                __sfp_lock_acquire
 .text.__sfp_lock_release
                0x080043a8        0xc /Applications/ArmGNUToolchain/15.2.rel1/arm-none-eabi/bin/../lib/gcc/arm-none-eabi/15.2.1/../../../../arm-none-eabi/lib/thumb/v7e-m+fp/hard/libc_nano.a(libc_a-findfp.o)
                0x080043a8                __sfp_lock_release
 .text.__sinit  0x080043b4       0x30 /Applications/ArmGNUToolchain/15.2.rel1/arm-none-eabi/bin/../lib/gcc/arm-none-eabi/15.2.1/../../../../arm-none-eabi/lib/thumb/v7e-m+fp/hard/libc_nano.a(libc_a-findfp.o)
                0x080043b4                __sinit
 .text._fwalk_sglue
                0x080043e4       0x3a /Applications/ArmGNUToolchain/15.2.rel1/arm-none-eabi/bin/../lib/gcc/arm-none-eabi/15.2.1/../../../../arm-none-eabi/lib/thumb/v7e-m+fp/hard/libc_nano.a(libc_a-fwalk.o)
                0x080043e4                _fwalk_sglue
 .text._puts_r  0x0800441e       0xaa /Applications/ArmGNUToolchain/15.2.rel1/arm-none-eabi/bin/../lib/gcc/arm-none-eabi/15.2.1/../../../../arm-none-eabi/lib/thumb/v7e-m+fp/hard/libc_nano.a(libc_a-puts.o)
                0x0800441e                _puts_r
 .text.puts     0x080044c8       0x10 /Applications/ArmGNUToolchain/15.2.rel1/arm-none-eabi/bin/../lib/gcc/arm-none-eabi/15.2.1/../../../../arm-none-eabi/lib/thumb/v7e-m+fp/hard/libc_nano.a(libc_a-puts.o)
                0x080044c8                puts
 .text.memset   0x080044d8       0x10 /Applications/ArmGNUToolchain/15.2.rel1/arm-none-eabi/bin/../lib/gcc/arm-none-eabi/15.2.1/../../../../arm-none-eabi/lib/thumb/v7e-m+fp/hard/libc_nano.a(libc_a-memset.o)
                0x080044d8                memset
 .text.__libc_init_array
                0x080044e8       0x48 /Applications/ArmGNUToolchain/15.2.rel1/arm-none-eabi/bin/../lib/gcc/arm-none-eabi/15.2.1/../../../../arm-none-eabi/lib/thumb/v7e-m+fp/hard/libc_nano.a(libc_a-init.o)
                0x080044e8                __libc_init_array
 .text.__retarget_lock_init_recursive
                0x08004530        0x2 /Applications/ArmGNUToolchain/15.2.rel1/arm-none-eabi/bin/../lib/gcc/arm-none-eabi/15.2.1/../../../../arm-none-eabi/lib/thumb/v7e-m+fp/hard/libc_nano.a(libc_a-lock.o)
                0x08004530                __retarget_lock_init_recursive
 .text.__retarget_lock_acquire_recursive
                0x08004532        0x2 /Applications/ArmGNUToolchain/15.2.rel1/arm-none-eabi/bin/../lib/gcc/arm-none-eabi/15.2.1/../../../../arm-none-eabi/lib/thumb/v7e-m+fp/hard/libc_nano.a(libc_a-lock.o)
                0x08004532                __retarget_lock_acquire_recursive
 .text.__retarget_lock_release_recursive
                0x08004534        0x2 /Applications/ArmGNUToolchain/15.2.rel1/arm-none-eabi/bin/../lib/gcc/arm-none-eabi/15.2.1/../../../../arm-none-eabi/lib/thumb/v7e-m+fp/hard/libc_nano.a(libc_a-lock.o)
                0x08004534                __retarget_lock_release_recursive
 *fill*         0x08004536        0x2 
 .text.sbrk_aligned
                0x08004538       0x44 /Applications/ArmGNUToolchain/15.2.rel1/arm-none-eabi/bin/../lib/gcc/arm-none-eabi/15.2.1/../../../../arm-none-eabi/lib/thumb/v7e-m+fp/hard/libc_nano.a(libc_a-mallocr.o)
 .text._malloc_r
                0x0800457c       0xf8 /Applications/ArmGNUToolchain/15.2.rel1/arm-none-eabi/bin/../lib/gcc/arm-none-eabi/15.2.1/../../../../arm-none-eabi/lib/thumb/v7e-m+fp/hard/libc_nano.a(libc_a-mallocr.o)
                0x0800457c                _malloc_r
 .text.__malloc_lock
                0x08004674        0xc /Applications/ArmGNUToolchain/15.2.rel1/arm-none-eabi/bin/../lib/gcc/arm-none-eabi/15.2.1/../../../../arm-none-eabi/lib/thumb/v7e-m+fp/hard/libc_nano.a(libc_a-mlock.o)
                0x08004674                __malloc_lock
 .text.__malloc_unlock
                0x08004680        0xc /Applications/ArmGNUToolchain/15.2.rel1/arm-none-eabi/bin/../lib/gcc/arm-none-eabi/15.2.1/../../../../arm-none-eabi/lib/thumb/v7e-m+fp/hard/libc_nano.a(libc_a-mlock.o)
                0x08004680                __malloc_unlock
 .text.__sread  0x0800468c       0x22 /Applications/ArmGNUToolchain/15.2.rel1/arm-none-eabi/bin/../lib/gcc/arm-none-eabi/15.2.1/../../../../arm-none-eabi/lib/thumb/v7e-m+fp/hard/libc_nano.a(libc_a-stdio.o)
                0x0800468c                __sread
 .text.__swrite
                0x080046ae       0x38 /Applications/ArmGNUToolchain/15.2.rel1/arm-none-eabi/bin/../lib/gcc/arm-none-eabi/15.2.1/../../../../arm-none-eabi/lib/thumb/v7e-m+fp/hard/libc_nano.a(libc_a-stdio.o)
                0x080046ae                __swrite
 .text.__sseek  0x080046e6       0x26 /Applications/ArmGNUToolchain/15.2.rel1/arm-none-eabi/bin/../lib/gcc/arm-none-eabi/15.2.1/../../../../arm-none-eabi/lib/thumb/v7e-m+fp/hard/libc_nano.a(libc_a-stdio.o)
                0x080046e6                __sseek
 .text.__sclose
                0x0800470c        0x8 /Applications/ArmGNUToolchain/15.2.rel1/arm-none-eabi/bin/../lib/gcc/arm-none-eabi/15.2.1/../../../../arm-none-eabi/lib/thumb/v7e-m+fp/hard/libc_nano.a(libc_a-stdio.o)
                0x0800470c                __sclose
 .text.__sflush_r
                0x08004714      0x100 /Applications/ArmGNUToolchain/15.2.rel1/arm-none-eabi/bin/../lib/gcc/arm-none-eabi/15.2.1/../../../../arm-none-eabi/lib/thumb/v7e-m+fp/hard/libc_nano.a(libc_a-fflush.o)
                0x08004714                __sflush_r
 .text._fflush_r
                0x08004814       0x50 /Applications/ArmGNUToolchain/15.2.rel1/arm-none-eabi/bin/../lib/gcc/arm-none-eabi/15.2.1/../../../../arm-none-eabi/lib/thumb/v7e-m+fp/hard/libc_nano.a(libc_a-fflush.o)
                0x08004814                _fflush_r
 .text.__swbuf_r
                0x08004864       0x7a /Applications/ArmGNUToolchain/15.2.rel1/arm-none-eabi/bin/../lib/gcc/arm-none-eabi/15.2.1/../../../../arm-none-eabi/lib/thumb/v7e-m+fp/hard/libc_nano.a(libc_a-wbuf.o)
                0x08004864                __swbuf_r
 *fill*         0x080048de        0x2 
 .text.__swsetup_r
                0x080048e0       0xa8 /Applications/ArmGNUToolchain/15.2.rel1/arm-none-eabi/bin/../lib/gcc/arm-none-eabi/15.2.1/../../../../arm-none-eabi/lib/thumb/v7e-m+fp/hard/libc_nano.a(libc_a-wsetup.o)
                0x080048e0                __swsetup_r
 .text.__swhatbuf_r
                0x08004988       0x48 /Applications/ArmGNUToolchain/15.2.rel1/arm-none-eabi/bin/../lib/gcc/arm-none-eabi/15.2.1/../../../../arm-none-eabi/lib/thumb/v7e-m+fp/hard/libc_nano.a(libc_a-makebuf.o)
                0x08004988                __swhatbuf_r
 .text.__smakebuf_r
                0x080049d0       0x72 /Applications/ArmGNUToolchain/15.2.rel1/arm-none-eabi/bin/../lib/gcc/arm-none-eabi/15.2.1/../../../../arm-none-eabi/lib/thumb/v7e-m+fp/hard/libc_nano.a(libc_a-makebuf.o)
                0x080049d0                __smakebuf_r
 *fill*         0x08004a42        0x2 
 .text._isatty_r
                0x08004a44       0x20 /Applications/ArmGNUToolchain/15.2.rel1/arm-none-eabi/bin/../lib/gcc/arm-none-eabi/15.2.1/../../../../arm-none-eabi/lib/thumb/v7e-m+fp/hard/libc_nano.a(libc_a-isattyr.o)
                0x08004a44                _isatty_r
 .text._lseek_r
                0x08004a64       0x24 /Applications/ArmGNUToolchain/15.2.rel1/arm-none-eabi/bin/../lib/gcc/arm-none-eabi/15.2.1/../../../../arm-none-eabi/lib/thumb/v7e-m+fp/hard/libc_nano.a(libc_a-lseekr.o)
                0x08004a64                _lseek_r
 .text._read_r  0x08004a88       0x24 /Applications/ArmGNUToolchain/15.2.rel1/arm-none-eabi/bin/../lib/gcc/arm-none-eabi/15.2.1/../../../../arm-none-eabi/lib/thumb/v7e-m+fp/hard/libc_nano.a(libc_a-readr.o)
                0x08004a88                _read_r
 .text._sbrk_r  0x08004aac       0x20 /Applications/ArmGNUToolchain/15.2.rel1/arm-none-eabi/bin/../lib/gcc/arm-none-eabi/15.2.1/../../../../arm-none-eabi/lib/thumb/v7e-m+fp/hard/libc_nano.a(libc_a-sbrkr.o)
                0x08004aac                _sbrk_r
 .text._write_r
                0x08004acc       0x24 /Applications/ArmGNUToolchain/15.2.rel1/arm-none-eabi/bin/../lib/gcc/arm-none-eabi/15.2.1/../../../../arm-none-eabi/lib/thumb/v7e-m+fp/hard/libc_nano.a(libc_a-writer.o)
                0x08004acc                _write_r
 .text._close_r
                0x08004af0       0x20 /Applications/ArmGNUToolchain/15.2.rel1/arm-none-eabi/bin/../lib/gcc/arm-none-eabi/15.2.1/../../../../arm-none-eabi/lib/thumb/v7e-m+fp/hard/libc_nano.a(libc_a-closer.o)
                0x08004af0                _close_r
 .text._fstat_r
                0x08004b10       0x24 /Applications/ArmGNUToolchain/15.2.rel1/arm-none-eabi/bin/../lib/gcc/arm-none-eabi/15.2.1/../../../../arm-none-eabi/lib/thumb/v7e-m+fp/hard/libc_nano.a(libc_a-fstatr.o)
                0x08004b10                _fstat_r
 .text._free_r  0x08004b34       0x98 /Applications/ArmGNUToolchain/15.2.rel1/arm-none-eabi/bin/../lib/gcc/arm-none-eabi/15.2.1/../../../../arm-none-eabi/lib/thumb/v7e-m+fp/hard/libc_nano.a(libc_a-freer.o)
                0x08004b34                _free_r
 .text._close   0x08004bcc       0x10 /Applications/ArmGNUToolchain/15.2.rel1/arm-none-eabi/bin/../lib/gcc/arm-none-eabi/15.2.1/../../../../arm-none-eabi/lib/thumb/v7e-m+fp/hard/libnosys.a(close.o)
                0x08004bcc                _close
 .text._fstat   0x08004bdc       0x10 /Applications/ArmGNUToolchain/15.2.rel1/arm-none-eabi/bin/../lib/gcc/arm-none-eabi/15.2.1/../../../../arm-none-eabi/lib/thumb/v7e-m+fp/hard/libnosys.a(fstat.o)
                0x08004bdc                _fstat
 .text._isatty  0x08004bec       0x10 /Applications/ArmGNUToolchain/15.2.rel1/arm-none-eabi/bin/../lib/gcc/arm-none-eabi/15.2.1/../../../../arm-none-eabi/lib/thumb/v7e-m+fp/hard/libnosys.a(isatty.o)
                0x08004bec                _isatty
 .text._lseek   0x08004bfc       0x10 /Applications/ArmGNUToolchain/15.2.rel1/arm-none-eabi/bin/../lib/gcc/arm-none-eabi/15.2.1/../../../../arm-none-eabi/lib/thumb/v7e-m+fp/hard/libnosys.a(lseek.o)
                0x08004bfc                _lseek
 .text._read    0x08004c0c       0x10 /Applications/ArmGNUToolchain/15.2.rel1/arm-none-eabi/bin/../lib/gcc/arm-none-eabi/15.2.1/../../../../arm-none-eabi/lib/thumb/v7e-m+fp/hard/libnosys.a(read.o)
                0x08004c0c                _read
 .text._sbrk    0x08004c1c       0x1c /Applications/ArmGNUToolchain/15.2.rel1/arm-none-eabi/bin/../lib/gcc/arm-none-eabi/15.2.1/../../../../arm-none-eabi/lib/thumb/v7e-m+fp/hard/libnosys.a(sbrk.o)
                0x08004c1c                _sbrk
 .text.__udivmoddi4
                0x08004c38      0x320 /Applications/ArmGNUToolchain/15.2.rel1/arm-none-eabi/bin/../lib/gcc/arm-none-eabi/15.2.1/thumb/v7e-m+fp/hard/libgcc.a(_udivmoddi4.o)
                0x08004c38                __udivmoddi4
 *(.glue_7)
 .glue_7        0x08004f58        0x0 linker stubs
 *(.glue_7t)
 .glue_7t       0x08004f58        0x0 linker stubs
 *(.eh_frame)
 .eh_frame      0x08004f58        0x0 /Applications/ArmGNUToolchain/15.2.rel1/arm-none-eabi/bin/../lib/gcc/arm-none-eabi/15.2.1/thumb/v7e-m+fp/hard/crtbegin.o
 *(.init)
 .init          0x08004f58        0x4 /Applications/ArmGNUToolchain/15.2.rel1/arm-none-eabi/bin/../lib/gcc/arm-none-eabi/15.2.1/thumb/v7e-m+fp/hard/crti.o
                0x08004f58                _init
 .init          0x08004f5c        0x8 /Applications/ArmGNUToolchain/15.2.rel1/arm-none-eabi/bin/../lib/gcc/arm-none-eabi/15.2.1/thumb/v7e-m+fp/hard/crtn.o
 *(.fini)
 .fini          0x08004f64        0x4 /Applications/ArmGNUToolchain/15.2.rel1/arm-none-eabi/bin/../lib/gcc/arm-none-eabi/15.2.1/thumb/v7e-m+fp/hard/crti.o
                0x08004f64                _fini
 .fini          0x08004f68        0x8 /Applications/ArmGNUToolchain/15.2.rel1/arm-none-eabi/bin/../lib/gcc/arm-none-eabi/15.2.1/thumb/v7e-m+fp/hard/crtn.o
                0x08004f70                        . = ALIGN (0x8)
                0x08004f70                        _etext = .

.vfp11_veneer   0x08004f70        0x0
 .vfp11_veneer  0x08004f70        0x0 linker stubs

.v4_bx          0x08004f70        0x0
 .v4_bx         0x08004f70        0x0 linker stubs

.iplt           0x08004f70        0x0
 .iplt          0x08004f70        0x0 /Applications/ArmGNUToolchain/15.2.rel1/arm-none-eabi/bin/../lib/gcc/arm-none-eabi/15.2.1/thumb/v7e-m+fp/hard/crtbegin.o

.rodata         0x08004f70       0x68
                0x08004f70                        . = ALIGN (0x8)
 *(.rodata)
 *(.rodata*)
 .rodata.main.str1.4
                0x08004f70        0x5 build/main.o
 *fill*         0x08004f75        0x3 
 .rodata.SD_Driver
                0x08004f78       0x14 build/sd_diskio.o
                0x08004f78                SD_Driver
 .rodata.MSIRangeTable
                0x08004f8c       0x30 build/system_stm32l4xx.o
                0x08004f8c                MSIRangeTable
 .rodata.APBPrescTable
                0x08004fbc        0x8 build/system_stm32l4xx.o
                0x08004fbc                APBPrescTable
 .rodata.AHBPrescTable
                0x08004fc4       0x10 build/system_stm32l4xx.o
                0x08004fc4                AHBPrescTable
                0x08004fd8                        . = ALIGN (0x8)
 *fill*         0x08004fd4        0x4 

.ARM.extab      0x08004fd8        0x0
                0x08004fd8                        . = ALIGN (0x8)
 *(.ARM.extab* .gnu.linkonce.armextab.*)
                0x08004fd8                        . = ALIGN (0x8)

.ARM            0x08004fd8        0x8
                0x08004fd8                        . = ALIGN (0x8)
                0x08004fd8                        __exidx_start = .
 *(.ARM.exidx*)
 .ARM.exidx.text.__udivmoddi4
                0x08004fd8        0x8 /Applications/ArmGNUToolchain/15.2.rel1/arm-none-eabi/bin/../lib/gcc/arm-none-eabi/15.2.1/thumb/v7e-m+fp/hard/libgcc.a(_udivmoddi4.o)
                0x08004fe0                        __exidx_end = .
                0x08004fe0                        . = ALIGN (0x8)

.preinit_array  0x08004fe0        0x0
                0x08004fe0                        . = ALIGN (0x8)
                0x08004fe0                        PROVIDE (__preinit_array_start = .)
 *(.preinit_array*)
                0x08004fe0                        PROVIDE (__preinit_array_end = .)
                0x08004fe0                        . = ALIGN (0x8)

.init_array     0x08004fe0        0x8
                0x08004fe0                        . = ALIGN (0x8)
                0x08004fe0                        PROVIDE (__init_array_start = .)
 *(SORT_BY_NAME(.init_array.*))
 *(.init_array*)
 .init_array    0x08004fe0        0x4 /Applications/ArmGNUToolchain/15.2.rel1/arm-none-eabi/bin/../lib/gcc/arm-none-eabi/15.2.1/thumb/v7e-m+fp/hard/crtbegin.o
                0x08004fe4                        PROVIDE (__init_array_end = .)
                0x08004fe8                        . = ALIGN (0x8)
 *fill*         0x08004fe4        0x4 

.fini_array     0x08004fe8        0x8
                0x08004fe8                        . = ALIGN (0x8)
                [!provide]                        PROVIDE (__fini_array_start = .)
 *(SORT_BY_NAME(.fini_array.*))
 *(.fini_array*)
 .fini_array    0x08004fe8        0x4 /Applications/ArmGNUToolchain/15.2.rel1/arm-none-eabi/bin/../lib/gcc/arm-none-eabi/15.2.1/thumb/v7e-m+fp/hard/crtbegin.o
                [!provide]                        PROVIDE (__fini_array_end = .)
                0x08004ff0                        . = ALIGN (0x8)
 *fill*         0x08004fec        0x4 
                0x08004ff0                        _sidata = LOADADDR (.data)

.rel.dyn        0x08004ff0        0x0
 .rel.iplt      0x08004ff0        0x0 /Applications/ArmGNUToolchain/15.2.rel1/arm-none-eabi/bin/../lib/gcc/arm-none-eabi/15.2.1/thumb/v7e-m+fp/hard/crtbegin.o

.data           0x20000000       0x68 load address 0x08004ff0
                0x20000000                        . = ALIGN (0x8)
                0x20000000                        _sdata = .
 *(.data)
 *(.data*)
 .data.Stat     0x20000000        0x1 build/sd_diskio.o
 .data.uwTickFreq
                0x20000001        0x1 build/stm32l4xx_hal.o
                0x20000001                uwTickFreq
 *fill*         0x20000002        0x2 
 .data.uwTickPrio
                0x20000004        0x4 build/stm32l4xx_hal.o
                0x20000004                uwTickPrio
 .data.SystemCoreClock
                0x20000008        0x4 build/system_stm32l4xx.o
                0x20000008                SystemCoreClock
 .data.__sglue  0x2000000c        0xc /Applications/ArmGNUToolchain/15.2.rel1/arm-none-eabi/bin/../lib/gcc/arm-none-eabi/15.2.1/../../../../arm-none-eabi/lib/thumb/v7e-m+fp/hard/libc_nano.a(libc_a-findfp.o)
                0x2000000c                __sglue
 .data._impure_ptr
                0x20000018        0x4 /Applications/ArmGNUToolchain/15.2.rel1/arm-none-eabi/bin/../lib/gcc/arm-none-eabi/15.2.1/../../../../arm-none-eabi/lib/thumb/v7e-m+fp/hard/libc_nano.a(libc_a-impure.o)
                0x20000018                _impure_ptr
 .data._impure_data
                0x2000001c       0x4c /Applications/ArmGNUToolchain/15.2.rel1/arm-none-eabi/bin/../lib/gcc/arm-none-eabi/15.2.1/../../../../arm-none-eabi/lib/thumb/v7e-m+fp/hard/libc_nano.a(libc_a-impure.o)
                0x2000001c                _impure_data
 *(.RamFunc)
 *(.RamFunc*)
                0x20000068                        . = ALIGN (0x8)
                0x20000068                        _edata = .

.tm_clone_table
                0x20000068        0x0 load address 0x08005058
 .tm_clone_table
                0x20000068        0x0 /Applications/ArmGNUToolchain/15.2.rel1/arm-none-eabi/bin/../lib/gcc/arm-none-eabi/15.2.1/thumb/v7e-m+fp/hard/crtbegin.o
 .tm_clone_table
                0x20000068        0x0 /Applications/ArmGNUToolchain/15.2.rel1/arm-none-eabi/bin/../lib/gcc/arm-none-eabi/15.2.1/thumb/v7e-m+fp/hard/crtend.o

.igot.plt       0x20000068        0x0 load address 0x08005058
 .igot.plt      0x20000068        0x0 /Applications/ArmGNUToolchain/15.2.rel1/arm-none-eabi/bin/../lib/gcc/arm-none-eabi/15.2.1/thumb/v7e-m+fp/hard/crtbegin.o
                0x20000068                        . = ALIGN (0x4)

.bss            0x20000068      0x338 load address 0x08005058
                0x20000068                        _sbss = .
                0x20000068                        __bss_start__ = _sbss
 *(.bss)
 *(.bss*)
 .bss.completed.1
                0x20000068        0x1 /Applications/ArmGNUToolchain/15.2.rel1/arm-none-eabi/bin/../lib/gcc/arm-none-eabi/15.2.1/thumb/v7e-m+fp/hard/crtbegin.o
 *fill*         0x20000069        0x3 
 .bss.object.0  0x2000006c       0x18 /Applications/ArmGNUToolchain/15.2.rel1/arm-none-eabi/bin/../lib/gcc/arm-none-eabi/15.2.1/thumb/v7e-m+fp/hard/crtbegin.o
 .bss.hi2c2     0x20000084       0x54 build/i2c.o
                0x20000084                hi2c2
 .bss.hi2c1     0x200000d8       0x54 build/i2c.o
                0x200000d8                hi2c1
 .bss.hsd1      0x2000012c       0x84 build/sdmmc.o
                0x2000012c                hsd1
 .bss.huart1    0x200001b0       0x88 build/usart.o
                0x200001b0                huart1
 .bss.SDPath    0x20000238        0x4 build/fatfs.o
                0x20000238                SDPath
 .bss.retSD     0x2000023c        0x1 build/fatfs.o
                0x2000023c                retSD
 *fill*         0x2000023d        0x3 
 .bss.uwTick    0x20000240        0x4 build/stm32l4xx_hal.o
                0x20000240                uwTick
 .bss.disk      0x20000244        0xc build/ff_gen_drv.o
                0x20000244                disk
 .bss.__sf      0x20000250      0x138 /Applications/ArmGNUToolchain/15.2.rel1/arm-none-eabi/bin/../lib/gcc/arm-none-eabi/15.2.1/../../../../arm-none-eabi/lib/thumb/v7e-m+fp/hard/libc_nano.a(libc_a-findfp.o)
                0x20000250                __sf
 .bss.__stdio_exit_handler
                0x20000388        0x4 /Applications/ArmGNUToolchain/15.2.rel1/arm-none-eabi/bin/../lib/gcc/arm-none-eabi/15.2.1/../../../../arm-none-eabi/lib/thumb/v7e-m+fp/hard/libc_nano.a(libc_a-findfp.o)
                0x20000388                __stdio_exit_handler
 .bss.__lock___malloc_recursive_mutex
                0x2000038c        0x1 /Applications/ArmGNUToolchain/15.2.rel1/arm-none-eabi/bin/../lib/gcc/arm-none-eabi/15.2.1/../../../../arm-none-eabi/lib/thumb/v7e-m+fp/hard/libc_nano.a(libc_a-lock.o)
                0x2000038c                __lock___malloc_recursive_mutex
 .bss.__lock___sfp_recursive_mutex
                0x2000038d        0x1 /Applications/ArmGNUToolchain/15.2.rel1/arm-none-eabi/bin/../lib/gcc/arm-none-eabi/15.2.1/../../../../arm-none-eabi/lib/thumb/v7e-m+fp/hard/libc_nano.a(libc_a-lock.o)
                0x2000038d                __lock___sfp_recursive_mutex
 *fill*         0x2000038e        0x2 
 .bss.__malloc_sbrk_start
                0x20000390        0x4 /Applications/ArmGNUToolchain/15.2.rel1/arm-none-eabi/bin/../lib/gcc/arm-none-eabi/15.2.1/../../../../arm-none-eabi/lib/thumb/v7e-m+fp/hard/libc_nano.a(libc_a-mallocr.o)
                0x20000390                __malloc_sbrk_start
 .bss.__malloc_free_list
                0x20000394        0x4 /Applications/ArmGNUToolchain/15.2.rel1/arm-none-eabi/bin/../lib/gcc/arm-none-eabi/15.2.1/../../../../arm-none-eabi/lib/thumb/v7e-m+fp/hard/libc_nano.a(libc_a-mallocr.o)
                0x20000394                __malloc_free_list
 .bss.errno     0x20000398        0x4 /Applications/ArmGNUToolchain/15.2.rel1/arm-none-eabi/bin/../lib/gcc/arm-none-eabi/15.2.1/../../../../arm-none-eabi/lib/thumb/v7e-m+fp/hard/libc_nano.a(libc_a-reent.o)
                0x20000398                errno
 .bss.heap_end.0
                0x2000039c        0x4 /Applications/ArmGNUToolchain/15.2.rel1/arm-none-eabi/bin/../lib/gcc/arm-none-eabi/15.2.1/../../../../arm-none-eabi/lib/thumb/v7e-m+fp/hard/libnosys.a(sbrk.o)
 *(COMMON)
                0x200003a0                        . = ALIGN (0x4)
                0x200003a0                        _ebss = .
                0x200003a0                        __bss_end__ = _ebss

._user_heap_stack
                0x200003a0      0x600 load address 0x08005058
                0x200003a0                        . = ALIGN (0x8)
                0x200003a0                        PROVIDE (end = .)
                [!provide]                        PROVIDE (_end = .)
                0x200005a0                        . = (. + _Min_Heap_Size)
 *fill*         0x200003a0      0x200 
                0x200009a0                        . = (. + _Min_Stack_Size)
 *fill*         0x200005a0      0x400 
                0x200009a0                        . = ALIGN (0x8)

/DISCARD/
 libc.a(*)
 libm.a(*)
 libgcc.a(*)
OUTPUT(build/Pangotag.elf elf32-littlearm)
LOAD linker stubs
LOAD /Applications/ArmGNUToolchain/15.2.rel1/arm-none-eabi/bin/../lib/gcc/arm-none-eabi/15.2.1/../../../../arm-none-eabi/lib/thumb/v7e-m+fp/hard/libc.a
LOAD /Applications/ArmGNUToolchain/15.2.rel1/arm-none-eabi/bin/../lib/gcc/arm-none-eabi/15.2.1/../../../../arm-none-eabi/lib/thumb/v7e-m+fp/hard/libm.a
LOAD /Applications/ArmGNUToolchain/15.2.rel1/arm-none-eabi/bin/../lib/gcc/arm-none-eabi/15.2.1/thumb/v7e-m+fp/hard/libgcc.a

.ARM.attributes
                0x00000000       0x30
 .ARM.attributes
                0x00000000       0x22 /Applications/ArmGNUToolchain/15.2.rel1/arm-none-eabi/bin/../lib/gcc/arm-none-eabi/15.2.1/thumb/v7e-m+fp/hard/crti.o
 .ARM.attributes
                0x00000022       0x34 /Applications/ArmGNUToolchain/15.2.rel1/arm-none-eabi/bin/../lib/gcc/arm-none-eabi/15.2.1/thumb/v7e-m+fp/hard/crtbegin.o
 .ARM.attributes
                0x00000056       0x34 build/main.o
 .ARM.attributes
                0x0000008a       0x34 build/gpio.o
 .ARM.attributes
                0x000000be       0x34 build/i2c.o
 .ARM.attributes
                0x000000f2       0x34 build/sdmmc.o
 .ARM.attributes
                0x00000126       0x34 build/usart.o
 .ARM.attributes
                0x0000015a       0x34 build/stm32l4xx_it.o
 .ARM.attributes
                0x0000018e       0x34 build/stm32l4xx_hal_msp.o
 .ARM.attributes
                0x000001c2       0x34 build/fatfs.o
 .ARM.attributes
                0x000001f6       0x34 build/bsp_driver_sd.o
 .ARM.attributes
                0x0000022a       0x34 build/sd_diskio.o
 .ARM.attributes
                0x0000025e       0x34 build/fatfs_platform.o
 .ARM.attributes
                0x00000292       0x34 build/stm32l4xx_hal.o
 .ARM.attributes
                0x000002c6       0x34 build/stm32l4xx_hal_rcc.o
 .ARM.attributes
                0x000002fa       0x34 build/stm32l4xx_hal_rcc_ex.o
 .ARM.attributes
                0x0000032e       0x34 build/stm32l4xx_hal_gpio.o
 .ARM.attributes
                0x00000362       0x34 build/stm32l4xx_hal_i2c.o
 .ARM.attributes
                0x00000396       0x34 build/stm32l4xx_hal_i2c_ex.o
 .ARM.attributes
                0x000003ca       0x34 build/stm32l4xx_hal_pwr_ex.o
 .ARM.attributes
                0x000003fe       0x34 build/stm32l4xx_hal_cortex.o
 .ARM.attributes
                0x00000432       0x34 build/stm32l4xx_ll_sdmmc.o
 .ARM.attributes
                0x00000466       0x34 build/stm32l4xx_hal_sd.o
 .ARM.attributes
                0x0000049a       0x34 build/stm32l4xx_hal_uart.o
 .ARM.attributes
                0x000004ce       0x34 build/system_stm32l4xx.o
 .ARM.attributes
                0x00000502       0x34 build/ff_gen_drv.o
 .ARM.attributes
                0x00000536       0x21 build/startup_stm32l476xx.o
 .ARM.attributes
                0x00000557       0x34 /Applications/ArmGNUToolchain/15.2.rel1/arm-none-eabi/bin/../lib/gcc/arm-none-eabi/15.2.1/../../../../arm-none-eabi/lib/thumb/v7e-m+fp/hard/libc_nano.a(libc_a-findfp.o)
 .ARM.attributes
                0x0000058b       0x34 /Applications/ArmGNUToolchain/15.2.rel1/arm-none-eabi/bin/../lib/gcc/arm-none-eabi/15.2.1/../../../../arm-none-eabi/lib/thumb/v7e-m+fp/hard/libc_nano.a(libc_a-fwalk.o)
 .ARM.attributes
                0x000005bf       0x34 /Applications/ArmGNUToolchain/15.2.rel1/arm-none-eabi/bin/../lib/gcc/arm-none-eabi/15.2.1/../../../../arm-none-eabi/lib/thumb/v7e-m+fp/hard/libc_nano.a(libc_a-puts.o)
 .ARM.attributes
                0x000005f3       0x34 /Applications/ArmGNUToolchain/15.2.rel1/arm-none-eabi/bin/../lib/gcc/arm-none-eabi/15.2.1/../../../../arm-none-eabi/lib/thumb/v7e-m+fp/hard/libc_nano.a(libc_a-memset.o)
 .ARM.attributes
                0x00000627       0x34 /Applications/ArmGNUToolchain/15.2.rel1/arm-none-eabi/bin/../lib/gcc/arm-none-eabi/15.2.1/../../../../arm-none-eabi/lib/thumb/v7e-m+fp/hard/libc_nano.a(libc_a-init.o)
 .ARM.attributes
                0x0000065b       0x34 /Applications/ArmGNUToolchain/15.2.rel1/arm-none-eabi/bin/../lib/gcc/arm-none-eabi/15.2.1/../../../../arm-none-eabi/lib/thumb/v7e-m+fp/hard/libc_nano.a(libc_a-lock.o)
 .ARM.attributes
                0x0000068f       0x34 /Applications/ArmGNUToolchain/15.2.rel1/arm-none-eabi/bin/../lib/gcc/arm-none-eabi/15.2.1/../../../../arm-none-eabi/lib/thumb/v7e-m+fp/hard/libc_nano.a(libc_a-impure.o)
 .ARM.attributes
                0x000006c3       0x34 /Applications/ArmGNUToolchain/15.2.rel1/arm-none-eabi/bin/../lib/gcc/arm-none-eabi/15.2.1/../../../../arm-none-eabi/lib/thumb/v7e-m+fp/hard/libc_nano.a(libc_a-mallocr.o)
 .ARM.attributes
                0x000006f7       0x34 /Applications/ArmGNUToolchain/15.2.rel1/arm-none-eabi/bin/../lib/gcc/arm-none-eabi/15.2.1/../../../../arm-none-eabi/lib/thumb/v7e-m+fp/hard/libc_nano.a(libc_a-mlock.o)
 .ARM.attributes
                0x0000072b       0x34 /Applications/ArmGNUToolchain/15.2.rel1/arm-none-eabi/bin/../lib/gcc/arm-none-eabi/15.2.1/../../../../arm-none-eabi/lib/thumb/v7e-m+fp/hard/libc_nano.a(libc_a-stdio.o)
 .ARM.attributes
                0x0000075f       0x34 /Applications/ArmGNUToolchain/15.2.rel1/arm-none-eabi/bin/../lib/gcc/arm-none-eabi/15.2.1/../../../../arm-none-eabi/lib/thumb/v7e-m+fp/hard/libc_nano.a(libc_a-fflush.o)
 .ARM.attributes
                0x00000793       0x34 /Applications/ArmGNUToolchain/15.2.rel1/arm-none-eabi/bin/../lib/gcc/arm-none-eabi/15.2.1/../../../../arm-none-eabi/lib/thumb/v7e-m+fp/hard/libc_nano.a(libc_a-wbuf.o)
 .ARM.attributes
                0x000007c7       0x34 /Applications/ArmGNUToolchain/15.2.rel1/arm-none-eabi/bin/../lib/gcc/arm-none-eabi/15.2.1/../../../../arm-none-eabi/lib/thumb/v7e-m+fp/hard/libc_nano.a(libc_a-wsetup.o)
 .ARM.attributes
                0x000007fb       0x34 /Applications/ArmGNUToolchain/15.2.rel1/arm-none-eabi/bin/../lib/gcc/arm-none-eabi/15.2.1/../../../../arm-none-eabi/lib/thumb/v7e-m+fp/hard/libc_nano.a(libc_a-makebuf.o)
 .ARM.attributes
                0x0000082f       0x34 /Applications/ArmGNUToolchain/15.2.rel1/arm-none-eabi/bin/../lib/gcc/arm-none-eabi/15.2.1/../../../../arm-none-eabi/lib/thumb/v7e-m+fp/hard/libc_nano.a(libc_a-isattyr.o)
 .ARM.attributes
                0x00000863       0x34 /Applications/ArmGNUToolchain/15.2.rel1/arm-none-eabi/bin/../lib/gcc/arm-none-eabi/15.2.1/../../../../arm-none-eabi/lib/thumb/v7e-m+fp/hard/libc_nano.a(libc_a-lseekr.o)
 .ARM.attributes
                0x00000897       0x34 /Applications/ArmGNUToolchain/15.2.rel1/arm-none-eabi/bin/../lib/gcc/arm-none-eabi/15.2.1/../../../../arm-none-eabi/lib/thumb/v7e-m+fp/hard/libc_nano.a(libc_a-readr.o)
 .ARM.attributes
                0x000008cb       0x34 /Applications/ArmGNUToolchain/15.2.rel1/arm-none-eabi/bin/../lib/gcc/arm-none-eabi/15.2.1/../../../../arm-none-eabi/lib/thumb/v7e-m+fp/hard/libc_nano.a(libc_a-sbrkr.o)
 .ARM.attributes
                0x000008ff       0x34 /Applications/ArmGNUToolchain/15.2.rel1/arm-none-eabi/bin/../lib/gcc/arm-none-eabi/15.2.1/../../../../arm-none-eabi/lib/thumb/v7e-m+fp/hard/libc_nano.a(libc_a-writer.o)
 .ARM.attributes
                0x00000933       0x34 /Applications/ArmGNUToolchain/15.2.rel1/arm-none-eabi/bin/../lib/gcc/arm-none-eabi/15.2.1/../../../../arm-none-eabi/lib/thumb/v7e-m+fp/hard/libc_nano.a(libc_a-closer.o)
 .ARM.attributes
                0x00000967       0x34 /Applications/ArmGNUToolchain/15.2.rel1/arm-none-eabi/bin/../lib/gcc/arm-none-eabi/15.2.1/../../../../arm-none-eabi/lib/thumb/v7e-m+fp/hard/libc_nano.a(libc_a-reent.o)
 .ARM.attributes
                0x0000099b       0x34 /Applications/ArmGNUToolchain/15.2.rel1/arm-none-eabi/bin/../lib/gcc/arm-none-eabi/15.2.1/../../../../arm-none-eabi/lib/thumb/v7e-m+fp/hard/libc_nano.a(libc_a-fstatr.o)
 .ARM.attributes
                0x000009cf       0x34 /Applications/ArmGNUToolchain/15.2.rel1/arm-none-eabi/bin/../lib/gcc/arm-none-eabi/15.2.1/../../../../arm-none-eabi/lib/thumb/v7e-m+fp/hard/libc_nano.a(libc_a-freer.o)
 .ARM.attributes
                0x00000a03       0x34 /Applications/ArmGNUToolchain/15.2.rel1/arm-none-eabi/bin/../lib/gcc/arm-none-eabi/15.2.1/../../../../arm-none-eabi/lib/thumb/v7e-m+fp/hard/libnosys.a(close.o)
 .ARM.attributes
                0x00000a37       0x34 /Applications/ArmGNUToolchain/15.2.rel1/arm-none-eabi/bin/../lib/gcc/arm-none-eabi/15.2.1/../../../../arm-none-eabi/lib/thumb/v7e-m+fp/hard/libnosys.a(fstat.o)
 .ARM.attributes
                0x00000a6b       0x34 /Applications/ArmGNUToolchain/15.2.rel1/arm-none-eabi/bin/../lib/gcc/arm-none-eabi/15.2.1/../../../../arm-none-eabi/lib/thumb/v7e-m+fp/hard/libnosys.a(isatty.o)
 .ARM.attributes
                0x00000a9f       0x34 /Applications/ArmGNUToolchain/15.2.rel1/arm-none-eabi/bin/../lib/gcc/arm-none-eabi/15.2.1/../../../../arm-none-eabi/lib/thumb/v7e-m+fp/hard/libnosys.a(lseek.o)
 .ARM.attributes
                0x00000ad3       0x34 /Applications/ArmGNUToolchain/15.2.rel1/arm-none-eabi/bin/../lib/gcc/arm-none-eabi/15.2.1/../../../../arm-none-eabi/lib/thumb/v7e-m+fp/hard/libnosys.a(read.o)
 .ARM.attributes
                0x00000b07       0x34 /Applications/ArmGNUToolchain/15.2.rel1/arm-none-eabi/bin/../lib/gcc/arm-none-eabi/15.2.1/../../../../arm-none-eabi/lib/thumb/v7e-m+fp/hard/libnosys.a(sbrk.o)
 .ARM.attributes
                0x00000b3b       0x22 /Applications/ArmGNUToolchain/15.2.rel1/arm-none-eabi/bin/../lib/gcc/arm-none-eabi/15.2.1/thumb/v7e-m+fp/hard/libgcc.a(_aeabi_uldivmod.o)
 .ARM.attributes
                0x00000b5d       0x34 /Applications/ArmGNUToolchain/15.2.rel1/arm-none-eabi/bin/../lib/gcc/arm-none-eabi/15.2.1/thumb/v7e-m+fp/hard/libgcc.a(_udivmoddi4.o)
 .ARM.attributes
                0x00000b91       0x22 /Applications/ArmGNUToolchain/15.2.rel1/arm-none-eabi/bin/../lib/gcc/arm-none-eabi/15.2.1/thumb/v7e-m+fp/hard/libgcc.a(_dvmd_tls.o)
 .ARM.attributes
                0x00000bb3       0x34 /Applications/ArmGNUToolchain/15.2.rel1/arm-none-eabi/bin/../lib/gcc/arm-none-eabi/15.2.1/thumb/v7e-m+fp/hard/crtend.o
 .ARM.attributes
                0x00000be7       0x22 /Applications/ArmGNUToolchain/15.2.rel1/arm-none-eabi/bin/../lib/gcc/arm-none-eabi/15.2.1/thumb/v7e-m+fp/hard/crtn.o

.comment        0x00000000       0x45
 .comment       0x00000000       0x45 build/main.o
                                 0x46 (size before relaxing)
 .comment       0x00000045        0x0 build/gpio.o
                                 0x46 (size before relaxing)
 .comment       0x00000045        0x0 build/i2c.o
                                 0x46 (size before relaxing)
 .comment       0x00000045        0x0 build/sdmmc.o
                                 0x46 (size before relaxing)
 .comment       0x00000045        0x0 build/usart.o
                                 0x46 (size before relaxing)
 .comment       0x00000045        0x0 build/stm32l4xx_it.o
                                 0x46 (size before relaxing)
 .comment       0x00000045        0x0 build/stm32l4xx_hal_msp.o
                                 0x46 (size before relaxing)
 .comment       0x00000045        0x0 build/fatfs.o
                                 0x46 (size before relaxing)
 .comment       0x00000045        0x0 build/bsp_driver_sd.o
                                 0x46 (size before relaxing)
 .comment       0x00000045        0x0 build/sd_diskio.o
                                 0x46 (size before relaxing)
 .comment       0x00000045        0x0 build/fatfs_platform.o
                                 0x46 (size before relaxing)
 .comment       0x00000045        0x0 build/stm32l4xx_hal.o
                                 0x46 (size before relaxing)
 .comment       0x00000045        0x0 build/stm32l4xx_hal_rcc.o
                                 0x46 (size before relaxing)
 .comment       0x00000045        0x0 build/stm32l4xx_hal_rcc_ex.o
                                 0x46 (size before relaxing)
 .comment       0x00000045        0x0 build/stm32l4xx_hal_gpio.o
                                 0x46 (size before relaxing)
 .comment       0x00000045        0x0 build/stm32l4xx_hal_i2c.o
                                 0x46 (size before relaxing)
 .comment       0x00000045        0x0 build/stm32l4xx_hal_i2c_ex.o
                                 0x46 (size before relaxing)
 .comment       0x00000045        0x0 build/stm32l4xx_hal_pwr_ex.o
                                 0x46 (size before relaxing)
 .comment       0x00000045        0x0 build/stm32l4xx_hal_cortex.o
                                 0x46 (size before relaxing)
 .comment       0x00000045        0x0 build/stm32l4xx_ll_sdmmc.o
                                 0x46 (size before relaxing)
 .comment       0x00000045        0x0 build/stm32l4xx_hal_sd.o
                                 0x46 (size before relaxing)
 .comment       0x00000045        0x0 build/stm32l4xx_hal_uart.o
                                 0x46 (size before relaxing)
 .comment       0x00000045        0x0 build/system_stm32l4xx.o
                                 0x46 (size before relaxing)
 .comment       0x00000045        0x0 build/ff_gen_drv.o
                                 0x46 (size before relaxing)

.debug_info     0x00000000    0x1b26a
 .debug_info    0x00000000      0x9ba build/main.o
 .debug_info    0x000009ba      0x71c build/gpio.o
 .debug_info    0x000010d6     0x1107 build/i2c.o
 .debug_info    0x000021dd      0xfd1 build/sdmmc.o
 .debug_info    0x000031ae      0xfe4 build/usart.o
 .debug_info    0x00004192      0x19e build/stm32l4xx_it.o
 .debug_info    0x00004330      0x3a5 build/stm32l4xx_hal_msp.o
 .debug_info    0x000046d5      0x5a6 build/fatfs.o
 .debug_info    0x00004c7b      0xe3e build/bsp_driver_sd.o
 .debug_info    0x00005ab9      0x6b1 build/sd_diskio.o
 .debug_info    0x0000616a      0x263 build/fatfs_platform.o
 .debug_info    0x000063cd      0xd4c build/stm32l4xx_hal.o
 .debug_info    0x00007119     0x10e1 build/stm32l4xx_hal_rcc.o
 .debug_info    0x000081fa     0x1428 build/stm32l4xx_hal_rcc_ex.o
 .debug_info    0x00009622      0x961 build/stm32l4xx_hal_gpio.o
 .debug_info    0x00009f83     0x46de build/stm32l4xx_hal_i2c.o
 .debug_info    0x0000e661      0xb80 build/stm32l4xx_hal_i2c_ex.o
 .debug_info    0x0000f1e1      0xbf7 build/stm32l4xx_hal_pwr_ex.o
 .debug_info    0x0000fdd8     0x11fd build/stm32l4xx_hal_cortex.o
 .debug_info    0x00010fd5     0x1c21 build/stm32l4xx_ll_sdmmc.o
 .debug_info    0x00012bf6     0x2ac1 build/stm32l4xx_hal_sd.o
 .debug_info    0x000156b7     0x5069 build/stm32l4xx_hal_uart.o
 .debug_info    0x0001a720      0x69a build/system_stm32l4xx.o
 .debug_info    0x0001adba      0x480 build/ff_gen_drv.o
 .debug_info    0x0001b23a       0x30 build/startup_stm32l476xx.o

.debug_abbrev   0x00000000     0x3551
 .debug_abbrev  0x00000000      0x2d4 build/main.o
 .debug_abbrev  0x000002d4      0x178 build/gpio.o
 .debug_abbrev  0x0000044c      0x23a build/i2c.o
 .debug_abbrev  0x00000686      0x232 build/sdmmc.o
 .debug_abbrev  0x000008b8      0x218 build/usart.o
 .debug_abbrev  0x00000ad0       0xb9 build/stm32l4xx_it.o
 .debug_abbrev  0x00000b89       0xeb build/stm32l4xx_hal_msp.o
 .debug_abbrev  0x00000c74      0x181 build/fatfs.o
 .debug_abbrev  0x00000df5      0x2b2 build/bsp_driver_sd.o
 .debug_abbrev  0x000010a7      0x1e1 build/sd_diskio.o
 .debug_abbrev  0x00001288      0x136 build/fatfs_platform.o
 .debug_abbrev  0x000013be      0x295 build/stm32l4xx_hal.o
 .debug_abbrev  0x00001653      0x2ef build/stm32l4xx_hal_rcc.o
 .debug_abbrev  0x00001942      0x2ef build/stm32l4xx_hal_rcc_ex.o
 .debug_abbrev  0x00001c31      0x23a build/stm32l4xx_hal_gpio.o
 .debug_abbrev  0x00001e6b      0x307 build/stm32l4xx_hal_i2c.o
 .debug_abbrev  0x00002172      0x1cd build/stm32l4xx_hal_i2c_ex.o
 .debug_abbrev  0x0000233f      0x244 build/stm32l4xx_hal_pwr_ex.o
 .debug_abbrev  0x00002583      0x3db build/stm32l4xx_hal_cortex.o
 .debug_abbrev  0x0000295e      0x263 build/stm32l4xx_ll_sdmmc.o
 .debug_abbrev  0x00002bc1      0x317 build/stm32l4xx_hal_sd.o
 .debug_abbrev  0x00002ed8      0x356 build/stm32l4xx_hal_uart.o
 .debug_abbrev  0x0000322e      0x12c build/system_stm32l4xx.o
 .debug_abbrev  0x0000335a      0x1da build/ff_gen_drv.o
 .debug_abbrev  0x00003534       0x1d build/startup_stm32l476xx.o

.debug_loc      0x00000000    0x14f70
 .debug_loc     0x00000000      0x134 build/main.o
 .debug_loc     0x00000134       0x39 build/gpio.o
 .debug_loc     0x0000016d      0x1a2 build/i2c.o
 .debug_loc     0x0000030f      0x11c build/sdmmc.o
 .debug_loc     0x0000042b      0x13c build/usart.o
 .debug_loc     0x00000567       0x20 build/stm32l4xx_it.o
 .debug_loc     0x00000587       0x2c build/stm32l4xx_hal_msp.o
 .debug_loc     0x000005b3       0x20 build/fatfs.o
 .debug_loc     0x000005d3      0x6f0 build/bsp_driver_sd.o
 .debug_loc     0x00000cc3      0x544 build/sd_diskio.o
 .debug_loc     0x00001207       0x51 build/fatfs_platform.o
 .debug_loc     0x00001258      0x2cd build/stm32l4xx_hal.o
 .debug_loc     0x00001525      0x9bb build/stm32l4xx_hal_rcc.o
 .debug_loc     0x00001ee0     0x226e build/stm32l4xx_hal_rcc_ex.o
 .debug_loc     0x0000414e      0x494 build/stm32l4xx_hal_gpio.o
 .debug_loc     0x000045e2     0x6350 build/stm32l4xx_hal_i2c.o
 .debug_loc     0x0000a932      0x243 build/stm32l4xx_hal_i2c_ex.o
 .debug_loc     0x0000ab75      0xb00 build/stm32l4xx_hal_pwr_ex.o
 .debug_loc     0x0000b675      0x896 build/stm32l4xx_hal_cortex.o
 .debug_loc     0x0000bf0b     0x18eb build/stm32l4xx_ll_sdmmc.o
 .debug_loc     0x0000d7f6     0x2b8c build/stm32l4xx_hal_sd.o
 .debug_loc     0x00010382     0x474b build/stm32l4xx_hal_uart.o
 .debug_loc     0x00014acd      0x127 build/system_stm32l4xx.o
 .debug_loc     0x00014bf4      0x37c build/ff_gen_drv.o

.debug_aranges  0x00000000     0x1060
 .debug_aranges
                0x00000000       0x40 build/main.o
 .debug_aranges
                0x00000040       0x20 build/gpio.o
 .debug_aranges
                0x00000060       0x38 build/i2c.o
 .debug_aranges
                0x00000098       0x30 build/sdmmc.o
 .debug_aranges
                0x000000c8       0x30 build/usart.o
 .debug_aranges
                0x000000f8       0x60 build/stm32l4xx_it.o
 .debug_aranges
                0x00000158       0x20 build/stm32l4xx_hal_msp.o
 .debug_aranges
                0x00000178       0x28 build/fatfs.o
 .debug_aranges
                0x000001a0       0x98 build/bsp_driver_sd.o
 .debug_aranges
                0x00000238       0x48 build/sd_diskio.o
 .debug_aranges
                0x00000280       0x20 build/fatfs_platform.o
 .debug_aranges
                0x000002a0      0x130 build/stm32l4xx_hal.o
 .debug_aranges
                0x000003d0       0x90 build/stm32l4xx_hal_rcc.o
 .debug_aranges
                0x00000460       0xc0 build/stm32l4xx_hal_rcc_ex.o
 .debug_aranges
                0x00000520       0x58 build/stm32l4xx_hal_gpio.o
 .debug_aranges
                0x00000578      0x2a0 build/stm32l4xx_hal_i2c.o
 .debug_aranges
                0x00000818       0x48 build/stm32l4xx_hal_i2c_ex.o
 .debug_aranges
                0x00000860      0x160 build/stm32l4xx_hal_pwr_ex.o
 .debug_aranges
                0x000009c0       0xf0 build/stm32l4xx_hal_cortex.o
 .debug_aranges
                0x00000ab0      0x190 build/stm32l4xx_ll_sdmmc.o
 .debug_aranges
                0x00000c40      0x168 build/stm32l4xx_hal_sd.o
 .debug_aranges
                0x00000da8      0x228 build/stm32l4xx_hal_uart.o
 .debug_aranges
                0x00000fd0       0x28 build/system_stm32l4xx.o
 .debug_aranges
                0x00000ff8       0x40 build/ff_gen_drv.o
 .debug_aranges
                0x00001038       0x28 build/startup_stm32l476xx.o

.debug_ranges   0x00000000      0xf20
 .debug_ranges  0x00000000       0x30 build/main.o
 .debug_ranges  0x00000030       0x10 build/gpio.o
 .debug_ranges  0x00000040       0x28 build/i2c.o
 .debug_ranges  0x00000068       0x20 build/sdmmc.o
 .debug_ranges  0x00000088       0x20 build/usart.o
 .debug_ranges  0x000000a8       0x50 build/stm32l4xx_it.o
 .debug_ranges  0x000000f8       0x10 build/stm32l4xx_hal_msp.o
 .debug_ranges  0x00000108       0x18 build/fatfs.o
 .debug_ranges  0x00000120       0x88 build/bsp_driver_sd.o
 .debug_ranges  0x000001a8       0x38 build/sd_diskio.o
 .debug_ranges  0x000001e0       0x10 build/fatfs_platform.o
 .debug_ranges  0x000001f0      0x120 build/stm32l4xx_hal.o
 .debug_ranges  0x00000310       0x98 build/stm32l4xx_hal_rcc.o
 .debug_ranges  0x000003a8       0xc8 build/stm32l4xx_hal_rcc_ex.o
 .debug_ranges  0x00000470       0x48 build/stm32l4xx_hal_gpio.o
 .debug_ranges  0x000004b8      0x290 build/stm32l4xx_hal_i2c.o
 .debug_ranges  0x00000748       0x38 build/stm32l4xx_hal_i2c_ex.o
 .debug_ranges  0x00000780      0x150 build/stm32l4xx_hal_pwr_ex.o
 .debug_ranges  0x000008d0       0xe0 build/stm32l4xx_hal_cortex.o
 .debug_ranges  0x000009b0      0x180 build/stm32l4xx_ll_sdmmc.o
 .debug_ranges  0x00000b30      0x158 build/stm32l4xx_hal_sd.o
 .debug_ranges  0x00000c88      0x230 build/stm32l4xx_hal_uart.o
 .debug_ranges  0x00000eb8       0x18 build/system_stm32l4xx.o
 .debug_ranges  0x00000ed0       0x30 build/ff_gen_drv.o
 .debug_ranges  0x00000f00       0x20 build/startup_stm32l476xx.o

.debug_line     0x00000000    0x13996
 .debug_line    0x00000000      0x3f3 build/main.o
 .debug_line    0x000003f3      0x2c8 build/gpio.o
 .debug_line    0x000006bb      0x48a build/i2c.o
 .debug_line    0x00000b45      0x3a5 build/sdmmc.o
 .debug_line    0x00000eea      0x37d build/usart.o
 .debug_line    0x00001267      0x218 build/stm32l4xx_it.o
 .debug_line    0x0000147f      0x197 build/stm32l4xx_hal_msp.o
 .debug_line    0x00001616      0x1e2 build/fatfs.o
 .debug_line    0x000017f8      0x448 build/bsp_driver_sd.o
 .debug_line    0x00001c40      0x375 build/sd_diskio.o
 .debug_line    0x00001fb5      0x1bf build/fatfs_platform.o
 .debug_line    0x00002174      0x6c2 build/stm32l4xx_hal.o
 .debug_line    0x00002836      0xfc8 build/stm32l4xx_hal_rcc.o
 .debug_line    0x000037fe     0x15fb build/stm32l4xx_hal_rcc_ex.o
 .debug_line    0x00004df9      0x70c build/stm32l4xx_hal_gpio.o
 .debug_line    0x00005505     0x4e64 build/stm32l4xx_hal_i2c.o
 .debug_line    0x0000a369      0x3df build/stm32l4xx_hal_i2c_ex.o
 .debug_line    0x0000a748      0xaf8 build/stm32l4xx_hal_pwr_ex.o
 .debug_line    0x0000b240      0x82e build/stm32l4xx_hal_cortex.o
 .debug_line    0x0000ba6e     0x1151 build/stm32l4xx_ll_sdmmc.o
 .debug_line    0x0000cbbf     0x2886 build/stm32l4xx_hal_sd.o
 .debug_line    0x0000f445     0x3f45 build/stm32l4xx_hal_uart.o
 .debug_line    0x0001338a      0x2dc build/system_stm32l4xx.o
 .debug_line    0x00013666      0x2bd build/ff_gen_drv.o
 .debug_line    0x00013923       0x73 build/startup_stm32l476xx.o

.debug_str      0x00000000     0x4f58
 .debug_str     0x00000000     0x4f58 build/main.o
                                0x57a (size before relaxing)
 .debug_str     0x00004f58        0x0 build/gpio.o
                                0x3e7 (size before relaxing)
 .debug_str     0x00004f58        0x0 build/i2c.o
                                0xbb4 (size before relaxing)
 .debug_str     0x00004f58        0x0 build/sdmmc.o
                                0xb13 (size before relaxing)
 .debug_str     0x00004f58        0x0 build/usart.o
                                0xb16 (size before relaxing)
 .debug_str     0x00004f58        0x0 build/stm32l4xx_it.o
                                0x24a (size before relaxing)
 .debug_str     0x00004f58        0x0 build/stm32l4xx_hal_msp.o
                                0x323 (size before relaxing)
 .debug_str     0x00004f58        0x0 build/fatfs.o
                                0x37c (size before relaxing)
 .debug_str     0x00004f58        0x0 build/bsp_driver_sd.o
                                0x8a7 (size before relaxing)
 .debug_str     0x00004f58        0x0 build/sd_diskio.o
                                0x398 (size before relaxing)
 .debug_str     0x00004f58        0x0 build/fatfs_platform.o
                                0x26c (size before relaxing)
 .debug_str     0x00004f58        0x0 build/stm32l4xx_hal.o
                                0xd13 (size before relaxing)
 .debug_str     0x00004f58        0x0 build/stm32l4xx_hal_rcc.o
                                0x8a5 (size before relaxing)
 .debug_str     0x00004f58        0x0 build/stm32l4xx_hal_rcc_ex.o
                                0xad6 (size before relaxing)
 .debug_str     0x00004f58        0x0 build/stm32l4xx_hal_gpio.o
                                0x55b (size before relaxing)
 .debug_str     0x00004f58        0x0 build/stm32l4xx_hal_i2c.o
                                0xfe2 (size before relaxing)
 .debug_str     0x00004f58        0x0 build/stm32l4xx_hal_i2c_ex.o
                                0x8ef (size before relaxing)
 .debug_str     0x00004f58        0x0 build/stm32l4xx_hal_pwr_ex.o
                                0x858 (size before relaxing)
 .debug_str     0x00004f58        0x0 build/stm32l4xx_hal_cortex.o
                                0xc5b (size before relaxing)
 .debug_str     0x00004f58        0x0 build/stm32l4xx_ll_sdmmc.o
                                0x83e (size before relaxing)
 .debug_str     0x00004f58        0x0 build/stm32l4xx_hal_sd.o
                               0x109a (size before relaxing)
 .debug_str     0x00004f58        0x0 build/stm32l4xx_hal_uart.o
                               0x101d (size before relaxing)
 .debug_str     0x00004f58        0x0 build/system_stm32l4xx.o
                                0x3e2 (size before relaxing)
 .debug_str     0x00004f58        0x0 build/ff_gen_drv.o
                                0x302 (size before relaxing)
 .debug_str     0x00004f58        0x0 build/startup_stm32l476xx.o
                                 0x78 (size before relaxing)

.debug_frame    0x00000000     0x3270
 .debug_frame   0x00000000       0x84 build/main.o
 .debug_frame   0x00000084       0x38 build/gpio.o
 .debug_frame   0x000000bc       0x7c build/i2c.o
 .debug_frame   0x00000138       0x60 build/sdmmc.o
 .debug_frame   0x00000198       0x68 build/usart.o
 .debug_frame   0x00000200       0xa8 build/stm32l4xx_it.o
 .debug_frame   0x000002a8       0x28 build/stm32l4xx_hal_msp.o
 .debug_frame   0x000002d0       0x38 build/fatfs.o
 .debug_frame   0x00000308      0x180 build/bsp_driver_sd.o
 .debug_frame   0x00000488       0xac build/sd_diskio.o
 .debug_frame   0x00000534       0x28 build/fatfs_platform.o
 .debug_frame   0x0000055c      0x274 build/stm32l4xx_hal.o
 .debug_frame   0x000007d0      0x19c build/stm32l4xx_hal_rcc.o
 .debug_frame   0x0000096c      0x1f8 build/stm32l4xx_hal_rcc_ex.o
 .debug_frame   0x00000b64       0xd0 build/stm32l4xx_hal_gpio.o
 .debug_frame   0x00000c34      0x92c build/stm32l4xx_hal_i2c.o
 .debug_frame   0x00001560       0x80 build/stm32l4xx_hal_i2c_ex.o
 .debug_frame   0x000015e0      0x2b8 build/stm32l4xx_hal_pwr_ex.o
 .debug_frame   0x00001898      0x204 build/stm32l4xx_hal_cortex.o
 .debug_frame   0x00001a9c      0x4ec build/stm32l4xx_ll_sdmmc.o
 .debug_frame   0x00001f88      0x4ac build/stm32l4xx_hal_sd.o
 .debug_frame   0x00002434      0x5e4 build/stm32l4xx_hal_uart.o
 .debug_frame   0x00002a18       0x30 build/system_stm32l4xx.o
 .debug_frame   0x00002a48       0x7c build/ff_gen_drv.o
 .debug_frame   0x00002ac4      0x144 /Applications/ArmGNUToolchain/15.2.rel1/arm-none-eabi/bin/../lib/gcc/arm-none-eabi/15.2.1/../../../../arm-none-eabi/lib/thumb/v7e-m+fp/hard/libc_nano.a(libc_a-findfp.o)
 .debug_frame   0x00002c08       0x34 /Applications/ArmGNUToolchain/15.2.rel1/arm-none-eabi/bin/../lib/gcc/arm-none-eabi/15.2.1/../../../../arm-none-eabi/lib/thumb/v7e-m+fp/hard/libc_nano.a(libc_a-fwalk.o)
 .debug_frame   0x00002c3c       0x3c /Applications/ArmGNUToolchain/15.2.rel1/arm-none-eabi/bin/../lib/gcc/arm-none-eabi/15.2.1/../../../../arm-none-eabi/lib/thumb/v7e-m+fp/hard/libc_nano.a(libc_a-puts.o)
 .debug_frame   0x00002c78       0x20 /Applications/ArmGNUToolchain/15.2.rel1/arm-none-eabi/bin/../lib/gcc/arm-none-eabi/15.2.1/../../../../arm-none-eabi/lib/thumb/v7e-m+fp/hard/libc_nano.a(libc_a-memset.o)
 .debug_frame   0x00002c98       0x2c /Applications/ArmGNUToolchain/15.2.rel1/arm-none-eabi/bin/../lib/gcc/arm-none-eabi/15.2.1/../../../../arm-none-eabi/lib/thumb/v7e-m+fp/hard/libc_nano.a(libc_a-init.o)
 .debug_frame   0x00002cc4       0xb0 /Applications/ArmGNUToolchain/15.2.rel1/arm-none-eabi/bin/../lib/gcc/arm-none-eabi/15.2.1/../../../../arm-none-eabi/lib/thumb/v7e-m+fp/hard/libc_nano.a(libc_a-lock.o)
 .debug_frame   0x00002d74       0x50 /Applications/ArmGNUToolchain/15.2.rel1/arm-none-eabi/bin/../lib/gcc/arm-none-eabi/15.2.1/../../../../arm-none-eabi/lib/thumb/v7e-m+fp/hard/libc_nano.a(libc_a-mallocr.o)
 .debug_frame   0x00002dc4       0x30 /Applications/ArmGNUToolchain/15.2.rel1/arm-none-eabi/bin/../lib/gcc/arm-none-eabi/15.2.1/../../../../arm-none-eabi/lib/thumb/v7e-m+fp/hard/libc_nano.a(libc_a-mlock.o)
 .debug_frame   0x00002df4       0x88 /Applications/ArmGNUToolchain/15.2.rel1/arm-none-eabi/bin/../lib/gcc/arm-none-eabi/15.2.1/../../../../arm-none-eabi/lib/thumb/v7e-m+fp/hard/libc_nano.a(libc_a-stdio.o)
 .debug_frame   0x00002e7c       0x5c /Applications/ArmGNUToolchain/15.2.rel1/arm-none-eabi/bin/../lib/gcc/arm-none-eabi/15.2.1/../../../../arm-none-eabi/lib/thumb/v7e-m+fp/hard/libc_nano.a(libc_a-fflush.o)
 .debug_frame   0x00002ed8       0x40 /Applications/ArmGNUToolchain/15.2.rel1/arm-none-eabi/bin/../lib/gcc/arm-none-eabi/15.2.1/../../../../arm-none-eabi/lib/thumb/v7e-m+fp/hard/libc_nano.a(libc_a-wbuf.o)
 .debug_frame   0x00002f18       0x2c /Applications/ArmGNUToolchain/15.2.rel1/arm-none-eabi/bin/../lib/gcc/arm-none-eabi/15.2.1/../../../../arm-none-eabi/lib/thumb/v7e-m+fp/hard/libc_nano.a(libc_a-wsetup.o)
 .debug_frame   0x00002f44       0x58 /Applications/ArmGNUToolchain/15.2.rel1/arm-none-eabi/bin/../lib/gcc/arm-none-eabi/15.2.1/../../../../arm-none-eabi/lib/thumb/v7e-m+fp/hard/libc_nano.a(libc_a-makebuf.o)
 .debug_frame   0x00002f9c       0x2c /Applications/ArmGNUToolchain/15.2.rel1/arm-none-eabi/bin/../lib/gcc/arm-none-eabi/15.2.1/../../../../arm-none-eabi/lib/thumb/v7e-m+fp/hard/libc_nano.a(libc_a-isattyr.o)
 .debug_frame   0x00002fc8       0x2c /Applications/ArmGNUToolchain/15.2.rel1/arm-none-eabi/bin/../lib/gcc/arm-none-eabi/15.2.1/../../../../arm-none-eabi/lib/thumb/v7e-m+fp/hard/libc_nano.a(libc_a-lseekr.o)
 .debug_frame   0x00002ff4       0x2c /Applications/ArmGNUToolchain/15.2.rel1/arm-none-eabi/bin/../lib/gcc/arm-none-eabi/15.2.1/../../../../arm-none-eabi/lib/thumb/v7e-m+fp/hard/libc_nano.a(libc_a-readr.o)
 .debug_frame   0x00003020       0x2c /Applications/ArmGNUToolchain/15.2.rel1/arm-none-eabi/bin/../lib/gcc/arm-none-eabi/15.2.1/../../../../arm-none-eabi/lib/thumb/v7e-m+fp/hard/libc_nano.a(libc_a-sbrkr.o)
 .debug_frame   0x0000304c       0x2c /Applications/ArmGNUToolchain/15.2.rel1/arm-none-eabi/bin/../lib/gcc/arm-none-eabi/15.2.1/../../../../arm-none-eabi/lib/thumb/v7e-m+fp/hard/libc_nano.a(libc_a-writer.o)
 .debug_frame   0x00003078       0x2c /Applications/ArmGNUToolchain/15.2.rel1/arm-none-eabi/bin/../lib/gcc/arm-none-eabi/15.2.1/../../../../arm-none-eabi/lib/thumb/v7e-m+fp/hard/libc_nano.a(libc_a-closer.o)
 .debug_frame   0x000030a4       0x38 /Applications/ArmGNUToolchain/15.2.rel1/arm-none-eabi/bin/../lib/gcc/arm-none-eabi/15.2.1/../../../../arm-none-eabi/lib/thumb/v7e-m+fp/hard/libc_nano.a(libc_a-reent.o)
 .debug_frame   0x000030dc       0x2c /Applications/ArmGNUToolchain/15.2.rel1/arm-none-eabi/bin/../lib/gcc/arm-none-eabi/15.2.1/../../../../arm-none-eabi/lib/thumb/v7e-m+fp/hard/libc_nano.a(libc_a-fstatr.o)
 .debug_frame   0x00003108       0x38 /Applications/ArmGNUToolchain/15.2.rel1/arm-none-eabi/bin/../lib/gcc/arm-none-eabi/15.2.1/../../../../arm-none-eabi/lib/thumb/v7e-m+fp/hard/libc_nano.a(libc_a-freer.o)
 .debug_frame   0x00003140       0x20 /Applications/ArmGNUToolchain/15.2.rel1/arm-none-eabi/bin/../lib/gcc/arm-none-eabi/15.2.1/../../../../arm-none-eabi/lib/thumb/v7e-m+fp/hard/libnosys.a(close.o)
 .debug_frame   0x00003160       0x20 /Applications/ArmGNUToolchain/15.2.rel1/arm-none-eabi/bin/../lib/gcc/arm-none-eabi/15.2.1/../../../../arm-none-eabi/lib/thumb/v7e-m+fp/hard/libnosys.a(fstat.o)
 .debug_frame   0x00003180       0x20 /Applications/ArmGNUToolchain/15.2.rel1/arm-none-eabi/bin/../lib/gcc/arm-none-eabi/15.2.1/../../../../arm-none-eabi/lib/thumb/v7e-m+fp/hard/libnosys.a(isatty.o)
 .debug_frame   0x000031a0       0x20 /Applications/ArmGNUToolchain/15.2.rel1/arm-none-eabi/bin/../lib/gcc/arm-none-eabi/15.2.1/../../../../arm-none-eabi/lib/thumb/v7e-m+fp/hard/libnosys.a(lseek.o)
 .debug_frame   0x000031c0       0x20 /Applications/ArmGNUToolchain/15.2.rel1/arm-none-eabi/bin/../lib/gcc/arm-none-eabi/15.2.1/../../../../arm-none-eabi/lib/thumb/v7e-m+fp/hard/libnosys.a(read.o)
 .debug_frame   0x000031e0       0x20 /Applications/ArmGNUToolchain/15.2.rel1/arm-none-eabi/bin/../lib/gcc/arm-none-eabi/15.2.1/../../../../arm-none-eabi/lib/thumb/v7e-m+fp/hard/libnosys.a(sbrk.o)
 .debug_frame   0x00003200       0x2c /Applications/ArmGNUToolchain/15.2.rel1/arm-none-eabi/bin/../lib/gcc/arm-none-eabi/15.2.1/thumb/v7e-m+fp/hard/libgcc.a(_aeabi_uldivmod.o)
 .debug_frame   0x0000322c       0x44 /Applications/ArmGNUToolchain/15.2.rel1/arm-none-eabi/bin/../lib/gcc/arm-none-eabi/15.2.1/thumb/v7e-m+fp/hard/libgcc.a(_udivmoddi4.o)

.debug_line_str
                0x00000000       0xde
 .debug_line_str
                0x00000000       0xde /Applications/ArmGNUToolchain/15.2.rel1/arm-none-eabi/bin/../lib/gcc/arm-none-eabi/15.2.1/thumb/v7e-m+fp/hard/libgcc.a(_aeabi_uldivmod.o)
                                 0xd2 (size before relaxing)
 .debug_line_str
                0x000000de        0x0 /Applications/ArmGNUToolchain/15.2.rel1/arm-none-eabi/bin/../lib/gcc/arm-none-eabi/15.2.1/thumb/v7e-m+fp/hard/libgcc.a(_dvmd_tls.o)
                                 0xd6 (size before relaxing)

Cross Reference Table

Symbol                                            File
ADC1_2_IRQHandler                                 build/startup_stm32l476xx.o
ADC3_IRQHandler                                   build/startup_stm32l476xx.o
AHBPrescTable                                     build/system_stm32l4xx.o
                                                  build/stm32l4xx_hal_rcc.o
APBPrescTable                                     build/system_stm32l4xx.o
                                                  build/stm32l4xx_hal_rcc.o
BSP_PlatformIsDetected                            build/fatfs_platform.o
                                                  build/bsp_driver_sd.o
BSP_SD_AbortCallback                              build/bsp_driver_sd.o
BSP_SD_Erase                                      build/bsp_driver_sd.o
BSP_SD_GetCardInfo                                build/bsp_driver_sd.o
                                                  build/sd_diskio.o
BSP_SD_GetCardState                               build/bsp_driver_sd.o
                                                  build/sd_diskio.o
BSP_SD_ITConfig                                   build/bsp_driver_sd.o
BSP_SD_Init                                       build/bsp_driver_sd.o
                                                  build/sd_diskio.o
BSP_SD_IsDetected                                 build/bsp_driver_sd.o
BSP_SD_ReadBlocks                                 build/bsp_driver_sd.o
                                                  build/sd_diskio.o
BSP_SD_ReadBlocks_DMA                             build/bsp_driver_sd.o
BSP_SD_ReadCpltCallback                           build/bsp_driver_sd.o
BSP_SD_WriteBlocks                                build/bsp_driver_sd.o
                                                  build/sd_diskio.o
BSP_SD_WriteBlocks_DMA                            build/bsp_driver_sd.o
BSP_SD_WriteCpltCallback                          build/bsp_driver_sd.o
BusFault_Handler                                  build/stm32l4xx_it.o
CAN1_RX0_IRQHandler                               build/startup_stm32l476xx.o
CAN1_RX1_IRQHandler                               build/startup_stm32l476xx.o
CAN1_SCE_IRQHandler                               build/startup_stm32l476xx.o
CAN1_TX_IRQHandler                                build/startup_stm32l476xx.o
COMP_IRQHandler                                   build/startup_stm32l476xx.o
DFSDM1_FLT0_IRQHandler                            build/startup_stm32l476xx.o
DFSDM1_FLT1_IRQHandler                            build/startup_stm32l476xx.o
DFSDM1_FLT2_IRQHandler                            build/startup_stm32l476xx.o
DFSDM1_FLT3_IRQHandler                            build/startup_stm32l476xx.o
DMA1_Channel1_IRQHandler                          build/startup_stm32l476xx.o
DMA1_Channel2_IRQHandler                          build/startup_stm32l476xx.o
DMA1_Channel3_IRQHandler                          build/startup_stm32l476xx.o
DMA1_Channel4_IRQHandler                          build/startup_stm32l476xx.o
DMA1_Channel5_IRQHandler                          build/startup_stm32l476xx.o
DMA1_Channel6_IRQHandler                          build/startup_stm32l476xx.o
DMA1_Channel7_IRQHandler                          build/startup_stm32l476xx.o
DMA2_Channel1_IRQHandler                          build/startup_stm32l476xx.o
DMA2_Channel2_IRQHandler                          build/startup_stm32l476xx.o
DMA2_Channel3_IRQHandler                          build/startup_stm32l476xx.o
DMA2_Channel4_IRQHandler                          build/startup_stm32l476xx.o
DMA2_Channel5_IRQHandler                          build/startup_stm32l476xx.o
DMA2_Channel6_IRQHandler                          build/startup_stm32l476xx.o
DMA2_Channel7_IRQHandler                          build/startup_stm32l476xx.o
DebugMon_Handler                                  build/stm32l4xx_it.o
Default_Handler                                   build/startup_stm32l476xx.o
EXTI0_IRQHandler                                  build/startup_stm32l476xx.o
EXTI15_10_IRQHandler                              build/startup_stm32l476xx.o
EXTI1_IRQHandler                                  build/startup_stm32l476xx.o
EXTI2_IRQHandler                                  build/startup_stm32l476xx.o
EXTI3_IRQHandler                                  build/startup_stm32l476xx.o
EXTI4_IRQHandler                                  build/startup_stm32l476xx.o
EXTI9_5_IRQHandler                                build/startup_stm32l476xx.o
Error_Handler                                     build/main.o
                                                  build/usart.o
                                                  build/sdmmc.o
                                                  build/i2c.o
FATFS_GetAttachedDriversNbr                       build/ff_gen_drv.o
FATFS_LinkDriver                                  build/ff_gen_drv.o
                                                  build/fatfs.o
FATFS_LinkDriverEx                                build/ff_gen_drv.o
FATFS_UnLinkDriver                                build/ff_gen_drv.o
FATFS_UnLinkDriverEx                              build/ff_gen_drv.o
FLASH_FlushCaches                                 build/stm32l4xx_hal_flash_ex.o
                                                  build/stm32l4xx_hal_flash.o
FLASH_IRQHandler                                  build/startup_stm32l476xx.o
FLASH_PageErase                                   build/stm32l4xx_hal_flash_ex.o
                                                  build/stm32l4xx_hal_flash.o
FLASH_WaitForLastOperation                        build/stm32l4xx_hal_flash.o
                                                  build/stm32l4xx_hal_flash_ex.o
FMC_IRQHandler                                    build/startup_stm32l476xx.o
FPU_IRQHandler                                    build/startup_stm32l476xx.o
HAL_DBGMCU_DisableDBGSleepMode                    build/stm32l4xx_hal.o
HAL_DBGMCU_DisableDBGStandbyMode                  build/stm32l4xx_hal.o
HAL_DBGMCU_DisableDBGStopMode                     build/stm32l4xx_hal.o
HAL_DBGMCU_EnableDBGSleepMode                     build/stm32l4xx_hal.o
HAL_DBGMCU_EnableDBGStandbyMode                   build/stm32l4xx_hal.o
HAL_DBGMCU_EnableDBGStopMode                      build/stm32l4xx_hal.o
HAL_DMA_Abort                                     build/stm32l4xx_hal_dma.o
                                                  build/stm32l4xx_hal_uart.o
                                                  build/stm32l4xx_hal_sd.o
HAL_DMA_Abort_IT                                  build/stm32l4xx_hal_dma.o
                                                  build/stm32l4xx_hal_uart.o
                                                  build/stm32l4xx_hal_sd.o
                                                  build/stm32l4xx_hal_i2c.o
HAL_DMA_DeInit                                    build/stm32l4xx_hal_dma.o
HAL_DMA_GetError                                  build/stm32l4xx_hal_dma.o
                                                  build/stm32l4xx_hal_uart.o
HAL_DMA_GetState                                  build/stm32l4xx_hal_dma.o
                                                  build/stm32l4xx_hal_i2c.o
HAL_DMA_IRQHandler                                build/stm32l4xx_hal_dma.o
HAL_DMA_Init                                      build/stm32l4xx_hal_dma.o
HAL_DMA_PollForTransfer                           build/stm32l4xx_hal_dma.o
HAL_DMA_RegisterCallback                          build/stm32l4xx_hal_dma.o
HAL_DMA_Start                                     build/stm32l4xx_hal_dma.o
HAL_DMA_Start_IT                                  build/stm32l4xx_hal_dma.o
                                                  build/stm32l4xx_hal_uart.o
                                                  build/stm32l4xx_hal_sd.o
                                                  build/stm32l4xx_hal_i2c.o
HAL_DMA_UnRegisterCallback                        build/stm32l4xx_hal_dma.o
HAL_DeInit                                        build/stm32l4xx_hal.o
HAL_Delay                                         build/stm32l4xx_hal.o
                                                  build/stm32l4xx_hal_sd.o
                                                  build/stm32l4xx_ll_sdmmc.o
                                                  build/main.o
HAL_EXTI_ClearConfigLine                          build/stm32l4xx_hal_exti.o
HAL_EXTI_ClearPending                             build/stm32l4xx_hal_exti.o
HAL_EXTI_GenerateSWI                              build/stm32l4xx_hal_exti.o
HAL_EXTI_GetConfigLine                            build/stm32l4xx_hal_exti.o
HAL_EXTI_GetHandle                                build/stm32l4xx_hal_exti.o
HAL_EXTI_GetPending                               build/stm32l4xx_hal_exti.o
HAL_EXTI_IRQHandler                               build/stm32l4xx_hal_exti.o
HAL_EXTI_RegisterCallback                         build/stm32l4xx_hal_exti.o
HAL_EXTI_SetConfigLine                            build/stm32l4xx_hal_exti.o
HAL_FLASHEx_DisableRunPowerDown                   build/stm32l4xx_hal_flash_ramfunc.o
HAL_FLASHEx_EnableRunPowerDown                    build/stm32l4xx_hal_flash_ramfunc.o
HAL_FLASHEx_Erase                                 build/stm32l4xx_hal_flash_ex.o
HAL_FLASHEx_Erase_IT                              build/stm32l4xx_hal_flash_ex.o
HAL_FLASHEx_OBGetConfig                           build/stm32l4xx_hal_flash_ex.o
HAL_FLASHEx_OBProgram                             build/stm32l4xx_hal_flash_ex.o
HAL_FLASH_EndOfOperationCallback                  build/stm32l4xx_hal_flash.o