Archive member included to satisfy reference by file (symbol)

/Applications/ArmGNUToolchain/15.2.rel1/arm-none-eabi/bin/../lib/gcc/arm-none-eabi/15.2.1/../../../../arm-none-eabi/lib/thumb/v7e-m+fp/hard/libc_nano.a(libc_a-exit.o)
                              /Applications/ArmGNUToolchain/15.2.rel1/arm-none-eabi/bin/../lib/gcc/arm-none-eabi/15.2.1/../../../../arm-none-eabi/lib/thumb/v7e-m+fp/hard/crt0.o (exit)
/Applications/ArmGNUToolchain/15.2.rel1/arm-none-eabi/bin/../lib/gcc/arm-none-eabi/15.2.1/../../../../arm-none-eabi/lib/thumb/v7e-m+fp/hard/libc_nano.a(libc_a-nano-vfprintf_float.o)
                              (_printf_float)
/Applications/ArmGNUToolchain/15.2.rel1/arm-none-eabi/bin/../lib/gcc/arm-none-eabi/15.2.1/../../../../arm-none-eabi/lib/thumb/v7e-m+fp/hard/libc_nano.a(libc_a-nano-vfprintf_i.o)
                              /Applications/ArmGNUToolchain/15.2.rel1/arm-none-eabi/bin/../lib/gcc/arm-none-eabi/15.2.1/../../../../arm-none-eabi/lib/thumb/v7e-m+fp/hard/libc_nano.a(libc_a-nano-vfprintf_float.o) (_printf_common)
/Applications/ArmGNUToolchain/15.2.rel1/arm-none-eabi/bin/../lib/gcc/arm-none-eabi/15.2.1/../../../../arm-none-eabi/lib/thumb/v7e-m+fp/hard/libc_nano.a(libc_a-sprintf.o)
                              build/sd_intf.o (sprintf)
/Applications/ArmGNUToolchain/15.2.rel1/arm-none-eabi/bin/../lib/gcc/arm-none-eabi/15.2.1/../../../../arm-none-eabi/lib/thumb/v7e-m+fp/hard/libc_nano.a(libc_a-findfp.o)
                              /Applications/ArmGNUToolchain/15.2.rel1/arm-none-eabi/bin/../lib/gcc/arm-none-eabi/15.2.1/../../../../arm-none-eabi/lib/thumb/v7e-m+fp/hard/libc_nano.a(libc_a-exit.o) (__stdio_exit_handler)
/Applications/ArmGNUToolchain/15.2.rel1/arm-none-eabi/bin/../lib/gcc/arm-none-eabi/15.2.1/../../../../arm-none-eabi/lib/thumb/v7e-m+fp/hard/libc_nano.a(libc_a-vsprintf.o)
                              build/sd_intf.o (vsprintf)
/Applications/ArmGNUToolchain/15.2.rel1/arm-none-eabi/bin/../lib/gcc/arm-none-eabi/15.2.1/../../../../arm-none-eabi/lib/thumb/v7e-m+fp/hard/libc_nano.a(libc_a-fwalk.o)
                              /Applications/ArmGNUToolchain/15.2.rel1/arm-none-eabi/bin/../lib/gcc/arm-none-eabi/15.2.1/../../../../arm-none-eabi/lib/thumb/v7e-m+fp/hard/libc_nano.a(libc_a-findfp.o) (_fwalk_sglue)
/Applications/ArmGNUToolchain/15.2.rel1/arm-none-eabi/bin/../lib/gcc/arm-none-eabi/15.2.1/../../../../arm-none-eabi/lib/thumb/v7e-m+fp/hard/libc_nano.a(libc_a-printf.o)
                              build/main.o (printf)
/Applications/ArmGNUToolchain/15.2.rel1/arm-none-eabi/bin/../lib/gcc/arm-none-eabi/15.2.1/../../../../arm-none-eabi/lib/thumb/v7e-m+fp/hard/libc_nano.a(libc_a-puts.o)
                              build/main.o (puts)
/Applications/ArmGNUToolchain/15.2.rel1/arm-none-eabi/bin/../lib/gcc/arm-none-eabi/15.2.1/../../../../arm-none-eabi/lib/thumb/v7e-m+fp/hard/libc_nano.a(libc_a-memset.o)
                              /Applications/ArmGNUToolchain/15.2.rel1/arm-none-eabi/bin/../lib/gcc/arm-none-eabi/15.2.1/../../../../arm-none-eabi/lib/thumb/v7e-m+fp/hard/crt0.o (memset)
/Applications/ArmGNUToolchain/15.2.rel1/arm-none-eabi/bin/../lib/gcc/arm-none-eabi/15.2.1/../../../../arm-none-eabi/lib/thumb/v7e-m+fp/hard/libc_nano.a(libc_a-strncmp.o)
                              build/peripherals.o (strncmp)
/Applications/ArmGNUToolchain/15.2.rel1/arm-none-eabi/bin/../lib/gcc/arm-none-eabi/15.2.1/../../../../arm-none-eabi/lib/thumb/v7e-m+fp/hard/libc_nano.a(libc_a-errno.o)
                              build/sysmem.o (__errno)
/Applications/ArmGNUToolchain/15.2.rel1/arm-none-eabi/bin/../lib/gcc/arm-none-eabi/15.2.1/../../../../arm-none-eabi/lib/thumb/v7e-m+fp/hard/libc_nano.a(libc_a-init.o)
                              /Applications/ArmGNUToolchain/15.2.rel1/arm-none-eabi/bin/../lib/gcc/arm-none-eabi/15.2.1/../../../../arm-none-eabi/lib/thumb/v7e-m+fp/hard/crt0.o (__libc_init_array)
/Applications/ArmGNUToolchain/15.2.rel1/arm-none-eabi/bin/../lib/gcc/arm-none-eabi/15.2.1/../../../../arm-none-eabi/lib/thumb/v7e-m+fp/hard/libc_nano.a(libc_a-lock.o)
                              /Applications/ArmGNUToolchain/15.2.rel1/arm-none-eabi/bin/../lib/gcc/arm-none-eabi/15.2.1/../../../../arm-none-eabi/lib/thumb/v7e-m+fp/hard/libc_nano.a(libc_a-findfp.o) (__retarget_lock_init_recursive)
/Applications/ArmGNUToolchain/15.2.rel1/arm-none-eabi/bin/../lib/gcc/arm-none-eabi/15.2.1/../../../../arm-none-eabi/lib/thumb/v7e-m+fp/hard/libc_nano.a(libc_a-localeconv.o)
                              /Applications/ArmGNUToolchain/15.2.rel1/arm-none-eabi/bin/../lib/gcc/arm-none-eabi/15.2.1/../../../../arm-none-eabi/lib/thumb/v7e-m+fp/hard/libc_nano.a(libc_a-nano-vfprintf_float.o) (_localeconv_r)
/Applications/ArmGNUToolchain/15.2.rel1/arm-none-eabi/bin/../lib/gcc/arm-none-eabi/15.2.1/../../../../arm-none-eabi/lib/thumb/v7e-m+fp/hard/libc_nano.a(libc_a-impure.o)
[...]
Memory Configuration

Name             Origin             Length             Attributes
RAM              0x20000000         0x00018000         xrw
RAM2             0x10000000         0x00008000         xrw
FLASH            0x08000000         0x00100000         xr
*default*        0x00000000         0xffffffff

Linker script and memory map

LOAD /Applications/ArmGNUToolchain/15.2.rel1/arm-none-eabi/bin/../lib/gcc/arm-none-eabi/15.2.1/thumb/v7e-m+fp/hard/crti.o
LOAD /Applications/ArmGNUToolchain/15.2.rel1/arm-none-eabi/bin/../lib/gcc/arm-none-eabi/15.2.1/thumb/v7e-m+fp/hard/crtbegin.o
LOAD /Applications/ArmGNUToolchain/15.2.rel1/arm-none-eabi/bin/../lib/gcc/arm-none-eabi/15.2.1/../../../../arm-none-eabi/lib/thumb/v7e-m+fp/hard/crt0.o
LOAD build/main.o
LOAD build/sd_intf.o
LOAD build/peripherals.o
LOAD build/gpio.o
LOAD build/i2c.o
LOAD build/sdmmc.o
LOAD build/stm32l4xx_it.o
LOAD build/stm32l4xx_hal_msp.o
LOAD build/bmi2.o
LOAD build/bmi270_dsd.o
LOAD build/bmi270_legacy.o
LOAD build/bmi270_maximum_fifo.o
LOAD build/bmi270.o
LOAD build/fatfs.o
LOAD build/bsp_driver_sd.o
LOAD build/sd_diskio.o
LOAD build/fatfs_platform.o
LOAD build/stm32l4xx_hal.o
LOAD build/stm32l4xx_hal_rcc.o
LOAD build/stm32l4xx_hal_rcc_ex.o
LOAD build/stm32l4xx_hal_flash.o
LOAD build/stm32l4xx_hal_flash_ex.o
LOAD build/stm32l4xx_hal_flash_ramfunc.o
LOAD build/stm32l4xx_hal_gpio.o
LOAD build/stm32l4xx_hal_i2c.o
LOAD build/stm32l4xx_hal_i2c_ex.o
LOAD build/stm32l4xx_hal_dma.o
LOAD build/stm32l4xx_hal_dma_ex.o
LOAD build/stm32l4xx_hal_pwr.o
LOAD build/stm32l4xx_hal_pwr_ex.o
LOAD build/stm32l4xx_hal_cortex.o
LOAD build/stm32l4xx_hal_exti.o
LOAD build/stm32l4xx_ll_sdmmc.o
LOAD build/stm32l4xx_hal_sd.o
LOAD build/stm32l4xx_hal_sd_ex.o
LOAD build/stm32l4xx_hal_mmc.o
LOAD build/stm32l4xx_hal_mmc_ex.o
LOAD build/system_stm32l4xx.o
LOAD build/diskio.o
LOAD build/ff.o
LOAD build/ff_gen_drv.o
LOAD build/syscall.o
LOAD build/sysmem.o
LOAD build/syscalls.o
LOAD build/dma.o
LOAD build/ccsbcs.o
LOAD build/usart.o
LOAD build/stm32l4xx_hal_uart.o
LOAD build/stm32l4xx_hal_uart_ex.o
LOAD build/rtc.o
LOAD build/stm32l4xx_hal_rtc.o
LOAD build/stm32l4xx_hal_rtc_ex.o
LOAD build/startup_stm32l476xx.o
LOAD /Applications/ArmGNUToolchain/15.2.rel1/arm-none-eabi/bin/../lib/gcc/arm-none-eabi/15.2.1/../../../../arm-none-eabi/lib/thumb/v7e-m+fp/hard/libc_nano.a
LOAD /Applications/ArmGNUToolchain/15.2.rel1/arm-none-eabi/bin/../lib/gcc/arm-none-eabi/15.2.1/../../../../arm-none-eabi/lib/thumb/v7e-m+fp/hard/libm.a
LOAD /Applications/ArmGNUToolchain/15.2.rel1/arm-none-eabi/bin/../lib/gcc/arm-none-eabi/15.2.1/../../../../arm-none-eabi/lib/thumb/v7e-m+fp/hard/libnosys.a
START GROUP
LOAD /Applications/ArmGNUToolchain/15.2.rel1/arm-none-eabi/bin/../lib/gcc/arm-none-eabi/15.2.1/thumb/v7e-m+fp/hard/libgcc.a
LOAD /Applications/ArmGNUToolchain/15.2.rel1/arm-none-eabi/bin/../lib/gcc/arm-none-eabi/15.2.1/../../../../arm-none-eabi/lib/thumb/v7e-m+fp/hard/libc_nano.a
END GROUP
START GROUP
LOAD /Applications/ArmGNUToolchain/15.2.rel1/arm-none-eabi/bin/../lib/gcc/arm-none-eabi/15.2.1/thumb/v7e-m+fp/hard/libgcc.a
LOAD /Applications/ArmGNUToolchain/15.2.rel1/arm-none-eabi/bin/../lib/gcc/arm-none-eabi/15.2.1/../../../../arm-none-eabi/lib/thumb/v7e-m+fp/hard/libc_nano.a
END GROUP
LOAD /Applications/ArmGNUToolchain/15.2.rel1/arm-none-eabi/bin/../lib/gcc/arm-none-eabi/15.2.1/thumb/v7e-m+fp/hard/crtend.o
LOAD /Applications/ArmGNUToolchain/15.2.rel1/arm-none-eabi/bin/../lib/gcc/arm-none-eabi/15.2.1/thumb/v7e-m+fp/hard/crtn.o
                0x20018000                        _estack = (ORIGIN (RAM) + LENGTH (RAM))
                0x00000200                        _Min_Heap_Size = 0x200
                0x00000400                        _Min_Stack_Size = 0x400

.isr_vector     0x08000000      0x188
                0x08000000                        . = ALIGN (0x8)
 *(.isr_vector)
 .isr_vector    0x08000000      0x188 build/startup_stm32l476xx.o
                0x08000000                g_pfnVectors
                0x08000188                        . = ALIGN (0x8)

.text           0x08000190     0xfe48
                0x08000190                        . = ALIGN (0x8)
 *(.text)
 .text          0x08000190       0xa0 /Applications/ArmGNUToolchain/15.2.rel1/arm-none-eabi/bin/../lib/gcc/arm-none-eabi/15.2.1/../../../../arm-none-eabi/lib/thumb/v7e-m+fp/hard/libc_nano.a(libc_a-memchr.o)
                0x08000190                memchr
 .text          0x08000230       0x10 /Applications/ArmGNUToolchain/15.2.rel1/arm-none-eabi/bin/../lib/gcc/arm-none-eabi/15.2.1/../../../../arm-none-eabi/lib/thumb/v7e-m+fp/hard/libc_nano.a(libc_a-strlen.o)
                0x08000230                strlen
 .text          0x08000240      0x378 /Applications/ArmGNUToolchain/15.2.rel1/arm-none-eabi/bin/../lib/gcc/arm-none-eabi/15.2.1/thumb/v7e-m+fp/hard/libgcc.a(_arm_addsubdf3.o)
                0x08000240                __aeabi_drsub
                0x08000248                __subdf3
                0x08000248                __aeabi_dsub
                0x0800024c                __aeabi_dadd
                0x0800024c                __adddf3
                0x080004c4                __aeabi_ui2d
                0x080004c4                __floatunsidf
                0x080004e4                __floatsidf
                0x080004e4                __aeabi_i2d
                0x08000508                __extendsfdf2
                0x08000508                __aeabi_f2d
                0x0800054c                __aeabi_ul2d
                0x0800054c                __floatundidf
                0x0800055c                __aeabi_l2d
                0x0800055c                __floatdidf
 .text          0x080005b8      0x424 /Applications/ArmGNUToolchain/15.2.rel1/arm-none-eabi/bin/../lib/gcc/arm-none-eabi/15.2.1/thumb/v7e-m+fp/hard/libgcc.a(_arm_muldivdf3.o)
                0x080005b8                __aeabi_dmul
                0x080005b8                __muldf3
                0x0800080c                __aeabi_ddiv
                0x0800080c                __divdf3
 .text          0x080009dc      0x110 /Applications/ArmGNUToolchain/15.2.rel1/arm-none-eabi/bin/../lib/gcc/arm-none-eabi/15.2.1/thumb/v7e-m+fp/hard/libgcc.a(_arm_cmpdf2.o)
                0x080009dc                __gedf2
                0x080009dc                __gtdf2
                0x080009e4                __ledf2
                0x080009e4                __ltdf2
                0x080009ec                __cmpdf2
                0x080009ec                __eqdf2
                0x080009ec                __nedf2
                0x08000a68                __aeabi_cdrcmple
                0x08000a78                __aeabi_cdcmple
                0x08000a78                __aeabi_cdcmpeq
                0x08000a88                __aeabi_dcmpeq
                0x08000a9c                __aeabi_dcmplt
                0x08000ab0                __aeabi_dcmple
                0x08000ac4                __aeabi_dcmpge
                0x08000ad8                __aeabi_dcmpgt
 .text          0x08000aec       0x2c /Applications/ArmGNUToolchain/15.2.rel1/arm-none-eabi/bin/../lib/gcc/arm-none-eabi/15.2.1/thumb/v7e-m+fp/hard/libgcc.a(_arm_unorddf2.o)
                0x08000aec                __aeabi_dcmpun
                0x08000aec                __unorddf2
 .text          0x08000b18       0x50 /Applications/ArmGNUToolchain/15.2.rel1/arm-none-eabi/bin/../lib/gcc/arm-none-eabi/15.2.1/thumb/v7e-m+fp/hard/libgcc.a(_arm_fixdfsi.o)
                0x08000b18                __fixdfsi
                0x08000b18                __aeabi_d2iz
 .text          0x08000b68       0x30 /Applications/ArmGNUToolchain/15.2.rel1/arm-none-eabi/bin/../lib/gcc/arm-none-eabi/15.2.1/thumb/v7e-m+fp/hard/libgcc.a(_aeabi_uldivmod.o)
                0x08000b68                __aeabi_uldivmod
 .text          0x08000b98        0x4 /Applications/ArmGNUToolchain/15.2.rel1/arm-none-eabi/bin/../lib/gcc/arm-none-eabi/15.2.1/thumb/v7e-m+fp/hard/libgcc.a(_dvmd_tls.o)
                0x08000b98                __aeabi_ldiv0
                0x08000b98                __aeabi_idiv0
 *(.text*)
 .text.deregister_tm_clones
                0x08000b9c       0x1c /Applications/ArmGNUToolchain/15.2.rel1/arm-none-eabi/bin/../lib/gcc/arm-none-eabi/15.2.1/thumb/v7e-m+fp/hard/crtbegin.o
 .text.register_tm_clones
                0x08000bb8       0x24 /Applications/ArmGNUToolchain/15.2.rel1/arm-none-eabi/bin/../lib/gcc/arm-none-eabi/15.2.1/thumb/v7e-m+fp/hard/crtbegin.o
 .text.__do_global_dtors_aux
                0x08000bdc       0x28 /Applications/ArmGNUToolchain/15.2.rel1/arm-none-eabi/bin/../lib/gcc/arm-none-eabi/15.2.1/thumb/v7e-m+fp/hard/crtbegin.o
 .text.frame_dummy
                0x08000c04       0x24 /Applications/ArmGNUToolchain/15.2.rel1/arm-none-eabi/bin/../lib/gcc/arm-none-eabi/15.2.1/thumb/v7e-m+fp/hard/crtbegin.o
 .text.ITM_SendChar
                0x08000c28       0x34 build/main.o
 .text.HAL_UART_ErrorCallback
                0x08000c5c       0x14 build/main.o
                0x08000c5c                HAL_UART_ErrorCallback
 .text._write   0x08000c70       0x1c build/main.o
                0x08000c70                _write
 .text.HAL_GPIO_EXTI_Callback
                0x08000c8c       0x24 build/main.o
                0x08000c8c                HAL_GPIO_EXTI_Callback
 .text.delay_us
                0x08000cb0       0x2c build/main.o
                0x08000cb0                delay_us
 .text.update_LED
                0x08000cdc       0x28 build/main.o
                0x08000cdc                update_LED
 .text.BSP_SD_ReadBlocks_DMA
                0x08000d04       0x30 build/main.o
                0x08000d04                BSP_SD_ReadBlocks_DMA
 .text.BSP_SD_WriteBlocks_DMA
                0x08000d34       0x30 build/main.o
                0x08000d34                BSP_SD_WriteBlocks_DMA
 .text.hard_fault_handler_c
                0x08000d64       0x70 build/main.o
                0x08000d64                hard_fault_handler_c
 .text.Error_Handler
                0x08000dd4       0x12 build/main.o
                0x08000dd4                Error_Handler
 .text.SystemClock_Config
                0x08000de6       0x78 build/main.o
                0x08000de6                SystemClock_Config
 *fill*         0x08000e5e        0x2 
 .text.main     0x08000e60      0x1d0 build/main.o
                0x08000e60                main
 .text.log_printf
                0x08001030       0x60 build/sd_intf.o
                0x08001030                log_printf
 .text.initSD   0x08001090       0x2c build/sd_intf.o
                0x08001090                initSD
 .text.initSDFiles
                0x080010bc       0x9c build/sd_intf.o
                0x080010bc                initSDFiles
 .text.writePacket
                0x08001158       0x84 build/sd_intf.o
                0x08001158                writePacket
 .text.BSP_SD_IsDetected
                0x080011dc       0x2a build/sd_intf.o
                0x080011dc                BSP_SD_IsDetected
 *fill*         0x08001206        0x2 
 .text.toepoch  0x08001208       0x9c build/peripherals.o
 .text.bmi270_write
                0x080012a4       0x2c build/peripherals.o
                0x080012a4                bmi270_write
 .text.bmi270_read
                0x080012d0       0x2c build/peripherals.o
                0x080012d0                bmi270_read
 .text.rtcElapsed
                0x080012fc       0x58 build/peripherals.o
 .text.initBMI270
                0x08001354      0x1d8 build/peripherals.o
                0x08001354                initBMI270
 .text.initTMP  0x0800152c       0x1c build/peripherals.o
                0x0800152c                initTMP
 .text.readTMP  0x08001548       0x88 build/peripherals.o
                0x08001548                readTMP
 .text.readBMI270
                0x080015d0      0x170 build/peripherals.o
                0x080015d0                readBMI270
 .text.GPS_Start
                0x08001740       0x28 build/peripherals.o
                0x08001740                GPS_Start
 .text.HAL_UART_RxCpltCallback
                0x08001768       0x90 build/peripherals.o
                0x08001768                HAL_UART_RxCpltCallback
 .text.readGPS  0x080017f8       0x70 build/peripherals.o
                0x080017f8                readGPS
 .text.initBMIC
                0x08001868       0x8c build/peripherals.o
                0x08001868                initBMIC
 .text.readBMIC
                0x080018f4      0x104 build/peripherals.o
                0x080018f4                readBMIC
 .text.setupAccSleep
                0x080019f8       0x8c build/peripherals.o
                0x080019f8                setupAccSleep
 .text.setupAccWake
                0x08001a84       0x56 build/peripherals.o
                0x08001a84                setupAccWake
 .text.sensors_off
                0x08001ada       0x34 build/peripherals.o
                0x08001ada                sensors_off
 .text.sensors_on
                0x08001b0e       0x42 build/peripherals.o
                0x08001b0e                sensors_on
 .text.tag_sleep
                0x08001b50      0x16c build/peripherals.o
                0x08001b50                tag_sleep
 .text.MX_GPIO_Init
                0x08001cbc      0x198 build/gpio.o
                0x08001cbc                MX_GPIO_Init
 .text.MX_I2C1_Init
                0x08001e54       0x58 build/i2c.o
                0x08001e54                MX_I2C1_Init
 .text.MX_I2C2_Init
                0x08001eac       0x58 build/i2c.o
                0x08001eac                MX_I2C2_Init
 .text.HAL_I2C_MspInit
                0x08001f04       0xec build/i2c.o
                0x08001f04                HAL_I2C_MspInit
 .text.HAL_I2C_MspDeInit
                0x08001ff0       0x60 build/i2c.o
                0x08001ff0                HAL_I2C_MspDeInit
 .text.Read_I2C_Reg
                0x08002050       0x70 build/i2c.o
                0x08002050                Read_I2C_Reg
 .text.Read_I2C_Reg_NoStop
                0x080020c0       0x60 build/i2c.o
                0x080020c0                Read_I2C_Reg_NoStop
 .text.Write_I2C_Reg
                0x08002120       0x80 build/i2c.o
                0x08002120                Write_I2C_Reg
 .text.MX_SDMMC1_SD_Init
                0x080021a0       0x24 build/sdmmc.o
                0x080021a0                MX_SDMMC1_SD_Init
 .text.HAL_SD_MspInit
                0x080021c4      0x12c build/sdmmc.o
                0x080021c4                HAL_SD_MspInit
 .text.NMI_Handler
                0x080022f0        0x2 build/stm32l4xx_it.o
                0x080022f0                NMI_Handler
 *fill*         0x080022f2        0x2 
 .text.HardFault_Handler
                0x080022f4       0x1c build/stm32l4xx_it.o
                0x080022f4                HardFault_Handler
 .text.MemManage_Handler
                0x08002310        0x2 build/stm32l4xx_it.o
                0x08002310                MemManage_Handler
 .text.BusFault_Handler
                0x08002312        0x2 build/stm32l4xx_it.o
                0x08002312                BusFault_Handler
 .text.UsageFault_Handler
                0x08002314        0x2 build/stm32l4xx_it.o
                0x08002314                UsageFault_Handler
 .text.SVC_Handler
                0x08002316        0x2 build/stm32l4xx_it.o
                0x08002316                SVC_Handler
 .text.DebugMon_Handler
                0x08002318        0x2 build/stm32l4xx_it.o
                0x08002318                DebugMon_Handler
 .text.PendSV_Handler
                0x0800231a        0x2 build/stm32l4xx_it.o
                0x0800231a                PendSV_Handler
 .text.SysTick_Handler
                0x0800231c        0x8 build/stm32l4xx_it.o
                0x0800231c                SysTick_Handler
 .text.EXTI0_IRQHandler
                0x08002324        0xa build/stm32l4xx_it.o
                0x08002324                EXTI0_IRQHandler
 .text.EXTI1_IRQHandler
                0x0800232e        0xa build/stm32l4xx_it.o
                0x0800232e                EXTI1_IRQHandler
 .text.USART1_IRQHandler
                0x08002338       0x10 build/stm32l4xx_it.o
                0x08002338                USART1_IRQHandler
 .text.SDMMC1_IRQHandler
                0x08002348       0x10 build/stm32l4xx_it.o
                0x08002348                SDMMC1_IRQHandler
 .text.DMA2_Channel4_IRQHandler
                0x08002358       0x18 build/stm32l4xx_it.o
                0x08002358                DMA2_Channel4_IRQHandler
 .text.DMA2_Channel5_IRQHandler
                0x08002370       0x18 build/stm32l4xx_it.o
                0x08002370                DMA2_Channel5_IRQHandler
 .text.HAL_MspInit
                0x08002388       0x30 build/stm32l4xx_hal_msp.o
                0x08002388                HAL_MspInit
 .text.get_remapped_data
                0x080023b8       0xa4 build/bmi2.o
 .text.parse_fifo_accel_len
                0x0800245c       0xba build/bmi2.o
 .text.check_dummy_frame
                0x08002516       0x5c build/bmi2.o
 .text.unpack_accel_data
                0x08002572       0x54 build/bmi2.o
 .text.parse_fifo_gyro_len
                0x080025c6       0xb2 build/bmi2.o
 .text.parse_if_virtual_header
                0x08002678       0x26 build/bmi2.o
 .text.unpack_virt_sensor_time
                0x0800269e       0x2a build/bmi2.o
 .text.unpack_accel_headerless_frame
                0x080026c8      0x1c8 build/bmi2.o
 .text.unpack_accel_header_frame
                0x08002890      0x1e8 build/bmi2.o
 .text.check_empty_fifo
                0x08002a78       0x7a build/bmi2.o
 .text.extract_accel_headerless_mode
                0x08002af2       0xa0 build/bmi2.o
 .text.move_next_frame
                0x08002b92       0x1e build/bmi2.o
 .text.unpack_sensortime_frame
                0x08002bb0       0x3e build/bmi2.o
 .text.unpack_skipped_frame
                0x08002bee       0x1e build/bmi2.o
 .text.extract_accel_header_mode
                0x08002c0c      0x11e build/bmi2.o
 .text.saturate
                0x08002d2a       0x16 build/bmi2.o
 .text.comp_gyro_cross_axis_sensitivity
                0x08002d40       0x30 build/bmi2.o
 .text.unpack_gyro_data
                0x08002d70       0x6a build/bmi2.o
 .text.unpack_gyro_headerless_frame
                0x08002dda      0x1ce build/bmi2.o
 .text.extract_gyro_headerless_mode
                0x08002fa8       0xa0 build/bmi2.o
 .text.unpack_gyro_header_frame
                0x08003048      0x1e6 build/bmi2.o
 .text.extract_gyro_header_mode
                0x0800322e      0x122 build/bmi2.o
 .text.check_boundary_val
                0x08003350       0x38 build/bmi2.o
 .text.validate_bw_perf_mode
                0x08003388       0x40 build/bmi2.o
 .text.validate_odr_range
                0x080033c8       0x22 build/bmi2.o
 .text.validate_gyro_config
                0x080033ea       0x6c build/bmi2.o
 .text.validate_aux_config
                0x08003456       0x10 build/bmi2.o
 .text.null_ptr_check
                0x08003466       0x2a build/bmi2.o
 .text.extract_output_feat_config
                0x08003490       0x38 build/bmi2.o
 .text.select_sensor
                0x080034c8       0x6e build/bmi2.o
 .text.bmi2_get_regs
                0x08003536       0x9a build/bmi2.o
                0x08003536                bmi2_get_regs
 .text.cfg_error_status
                0x080035d0       0x44 build/bmi2.o
 .text.get_accel_config
                0x08003614       0x54 build/bmi2.o
 .text.get_gyro_config
                0x08003668       0x60 build/bmi2.o
 .text.get_aux_interface
                0x080036c8       0x24 build/bmi2.o
 .text.get_aux_interface_config
                0x080036ec       0x54 build/bmi2.o
 .text.reset_fifo_frame_structure
                0x08003740       0x94 build/bmi2.o
 .text.get_aux_cfg
                0x080037d4       0x28 build/bmi2.o
 .text.get_aux_config
                0x080037fc       0x3e build/bmi2.o
 .text.bmi2_set_regs
                0x0800383a       0xba build/bmi2.o
                0x0800383a                bmi2_set_regs
 .text.upload_file
                0x080038f4       0x4a build/bmi2.o
 .text.set_config_load
                0x0800393e       0x44 build/bmi2.o
 .text.sensor_enable
                0x08003982       0x88 build/bmi2.o
 .text.set_accel_config
                0x08003a0a       0x86 build/bmi2.o
 .text.set_gyro_config
                0x08003a90       0x90 build/bmi2.o
 .text.set_aux_interface
                0x08003b20       0x42 build/bmi2.o
 .text.config_aux
                0x08003b62       0x60 build/bmi2.o
 .text.bmi2_set_adv_power_save
                0x08003bc2       0x62 build/bmi2.o
                0x08003bc2                bmi2_set_adv_power_save
 .text.write_config_file
                0x08003c24       0xc6 build/bmi2.o
 .text.bmi2_set_int_pin_config
                0x08003cea      0x10a build/bmi2.o
                0x08003cea                bmi2_set_int_pin_config
 .text.bmi2_get_int_status
                0x08003df4       0x44 build/bmi2.o
                0x08003df4                bmi2_get_int_status
 .text.bmi2_sensor_enable
                0x08003e38       0x44 build/bmi2.o
                0x08003e38                bmi2_sensor_enable
 .text.bmi2_read_fifo_data
                0x08003e7c       0x9a build/bmi2.o
                0x08003e7c                bmi2_read_fifo_data
 .text.bmi2_extract_accel
                0x08003f16       0x58 build/bmi2.o
                0x08003f16                bmi2_extract_accel
 .text.bmi2_extract_gyro
                0x08003f6e       0x58 build/bmi2.o
                0x08003f6e                bmi2_extract_gyro
 .text.bmi2_set_fifo_wm
                0x08003fc6       0x32 build/bmi2.o
                0x08003fc6                bmi2_set_fifo_wm
 .text.bmi2_get_fifo_length
                0x08003ff8       0x4c build/bmi2.o
                0x08003ff8                bmi2_get_fifo_length
 .text.bmi2_get_status
                0x08004044       0x2a build/bmi2.o
                0x08004044                bmi2_get_status
 .text.config_aux_interface
                0x0800406e       0xfc build/bmi2.o
 .text.set_aux_config
                0x0800416a       0x30 build/bmi2.o
 .text.bmi2_map_data_int
                0x0800419a       0x90 build/bmi2.o
                0x0800419a                bmi2_map_data_int
 .text.bmi2_get_internal_status
                0x0800422a       0x34 build/bmi2.o
                0x0800422a                bmi2_get_internal_status
 .text.bmi2_write_config_file
                0x0800425e       0x6e build/bmi2.o
                0x0800425e                bmi2_write_config_file
 .text.bmi2_soft_reset
                0x080042cc       0x72 build/bmi2.o
                0x080042cc                bmi2_soft_reset
 *fill*         0x0800433e        0x2 
 .text.bmi2_sec_init
                0x08004340       0x8c build/bmi2.o
                0x08004340                bmi2_sec_init
 .text.bmi2_get_feat_config
                0x080043cc       0xae build/bmi2.o
                0x080043cc                bmi2_get_feat_config
 .text.get_gyro_cross_sense
                0x0800447a       0x94 build/bmi2.o
 .text.get_gyro_gain_update_status
                0x0800450e       0x72 build/bmi2.o
 .text.bmi2_get_feature_data
                0x08004580       0x9c build/bmi2.o
                0x08004580                bmi2_get_feature_data
 .text.bmi2_get_gyro_cross_sense
                0x0800461c       0x40 build/bmi2.o
                0x0800461c                bmi2_get_gyro_cross_sense
 .text.bmi2_extract_input_feat_config
                0x0800465c       0x38 build/bmi2.o
                0x0800465c                bmi2_extract_input_feat_config
 .text.set_gyro_user_gain_config
                0x08004694       0xda build/bmi2.o
 .text.bmi2_set_sensor_config
                0x0800476e       0xb0 build/bmi2.o
                0x0800476e                bmi2_set_sensor_config
 .text.get_gyro_gain_update_config
                0x0800481e       0xae build/bmi2.o
 .text.bmi2_get_sensor_config
                0x080048cc       0xc4 build/bmi2.o
                0x080048cc                bmi2_get_sensor_config
 .text.get_maxburst_len
                0x08004990       0x8a build/bmi2.o
 .text.set_maxburst_len
                0x08004a1a       0xac build/bmi2.o
 .text.bmi2_set_fifo_config
                0x08004ac6       0xb6 build/bmi2.o
                0x08004ac6                bmi2_set_fifo_config
 .text.null_ptr_check
                0x08004b7c       0x2a build/bmi270.o
 *fill*         0x08004ba6        0x2 
 .text.bmi270_init
                0x08004ba8       0x74 build/bmi270.o
                0x08004ba8                bmi270_init
 .text.MX_FATFS_Init
                0x08004c1c       0x1c build/fatfs.o
                0x08004c1c                MX_FATFS_Init
 .text.get_fattime
                0x08004c38        0x4 build/fatfs.o
                0x08004c38                get_fattime
 .text.SD_DMAConfigRx
                0x08004c3c       0x5c build/bsp_driver_sd.o
                0x08004c3c                SD_DMAConfigRx
 .text.SD_DMAConfigTx
                0x08004c98       0x60 build/bsp_driver_sd.o
                0x08004c98                SD_DMAConfigTx
 .text.BSP_SD_GetCardState
                0x08004cf8       0x14 build/bsp_driver_sd.o
                0x08004cf8                BSP_SD_GetCardState
 .text.BSP_SD_GetCardInfo
                0x08004d0c       0x10 build/bsp_driver_sd.o
                0x08004d0c                BSP_SD_GetCardInfo
 .text.BSP_SD_AbortCallback
                0x08004d1c        0x2 build/bsp_driver_sd.o
                0x08004d1c                BSP_SD_AbortCallback
 .text.HAL_SD_AbortCallback
                0x08004d1e        0x8 build/bsp_driver_sd.o
                0x08004d1e                HAL_SD_AbortCallback
 .text.HAL_SD_TxCpltCallback
                0x08004d26        0x8 build/bsp_driver_sd.o
                0x08004d26                HAL_SD_TxCpltCallback
 .text.HAL_SD_RxCpltCallback
                0x08004d2e        0x8 build/bsp_driver_sd.o
                0x08004d2e                HAL_SD_RxCpltCallback
 *fill*         0x08004d36        0x2 
 .text.BSP_SD_Init
                0x08004d38       0x38 build/bsp_driver_sd.o
                0x08004d38                BSP_SD_Init
 .text.SD_CheckStatus
                0x08004d70       0x24 build/sd_diskio.o
 .text.SD_initialize
                0x08004d94       0x20 build/sd_diskio.o
                0x08004d94                SD_initialize
 .text.SD_status
                0x08004db4        0x8 build/sd_diskio.o
                0x08004db4                SD_status
 .text.SD_CheckStatusWithTimeout
                0x08004dbc       0x24 build/sd_diskio.o
 .text.SD_read  0x08004de0       0x7c build/sd_diskio.o
                0x08004de0                SD_read
 .text.SD_write
                0x08004e5c       0x80 build/sd_diskio.o
                0x08004e5c                SD_write
 .text.SD_ioctl
                0x08004edc       0x60 build/sd_diskio.o
                0x08004edc                SD_ioctl
 .text.BSP_SD_WriteCpltCallback
                0x08004f3c        0xc build/sd_diskio.o
                0x08004f3c                BSP_SD_WriteCpltCallback
 .text.BSP_SD_ReadCpltCallback
                0x08004f48        0xc build/sd_diskio.o
                0x08004f48                BSP_SD_ReadCpltCallback
 .text.HAL_InitTick
                0x08004f54       0x50 build/stm32l4xx_hal.o
                0x08004f54                HAL_InitTick
 .text.HAL_Init
                0x08004fa4       0x20 build/stm32l4xx_hal.o
                0x08004fa4                HAL_Init
 .text.HAL_IncTick
                0x08004fc4       0x18 build/stm32l4xx_hal.o
                0x08004fc4                HAL_IncTick
 .text.HAL_GetTick
                0x08004fdc        0xc build/stm32l4xx_hal.o
                0x08004fdc                HAL_GetTick
 .text.HAL_Delay
                0x08004fe8       0x28 build/stm32l4xx_hal.o
                0x08004fe8                HAL_Delay
 .text.HAL_SuspendTick
                0x08005010        0xe build/stm32l4xx_hal.o
                0x08005010                HAL_SuspendTick
 .text.HAL_ResumeTick
                0x0800501e        0xe build/stm32l4xx_hal.o
                0x0800501e                HAL_ResumeTick
 .text.RCC_SetFlashLatencyFromMSIRange
                0x0800502c       0x90 build/stm32l4xx_hal_rcc.o
 .text.HAL_RCC_GetSysClockFreq
                0x080050bc       0xa8 build/stm32l4xx_hal_rcc.o
                0x080050bc                HAL_RCC_GetSysClockFreq
 .text.HAL_RCC_OscConfig
                0x08005164      0x620 build/stm32l4xx_hal_rcc.o
                0x08005164                HAL_RCC_OscConfig
 .text.HAL_RCC_ClockConfig
                0x08005784      0x188 build/stm32l4xx_hal_rcc.o
                0x08005784                HAL_RCC_ClockConfig
 .text.HAL_RCC_GetHCLKFreq
                0x0800590c        0xc build/stm32l4xx_hal_rcc.o
                0x0800590c                HAL_RCC_GetHCLKFreq
 .text.HAL_RCC_GetPCLK1Freq
                0x08005918       0x24 build/stm32l4xx_hal_rcc.o
                0x08005918                HAL_RCC_GetPCLK1Freq
 .text.HAL_RCC_GetPCLK2Freq
                0x0800593c       0x24 build/stm32l4xx_hal_rcc.o
                0x0800593c                HAL_RCC_GetPCLK2Freq
 .text.RCCEx_GetSAIxPeriphCLKFreq
                0x08005960      0x120 build/stm32l4xx_hal_rcc_ex.o
 .text.RCCEx_PLLSAI1_Config
                0x08005a80      0x188 build/stm32l4xx_hal_rcc_ex.o
 .text.RCCEx_PLLSAI2_Config
                0x08005c08      0x160 build/stm32l4xx_hal_rcc_ex.o
 .text.HAL_RCCEx_PeriphCLKConfig
                0x08005d68      0x470 build/stm32l4xx_hal_rcc_ex.o
                0x08005d68                HAL_RCCEx_PeriphCLKConfig
 .text.HAL_RCCEx_GetPeriphCLKFreq
                0x080061d8      0x6d8 build/stm32l4xx_hal_rcc_ex.o
                0x080061d8                HAL_RCCEx_GetPeriphCLKFreq
 .text.HAL_GPIO_Init
                0x080068b0      0x21c build/stm32l4xx_hal_gpio.o
                0x080068b0                HAL_GPIO_Init
 .text.HAL_GPIO_DeInit
                0x08006acc      0x130 build/stm32l4xx_hal_gpio.o
                0x08006acc                HAL_GPIO_DeInit
 .text.HAL_GPIO_ReadPin
                0x08006bfc        0xe build/stm32l4xx_hal_gpio.o
                0x08006bfc                HAL_GPIO_ReadPin
 .text.HAL_GPIO_WritePin
                0x08006c0a        0xa build/stm32l4xx_hal_gpio.o
                0x08006c0a                HAL_GPIO_WritePin
 .text.HAL_GPIO_EXTI_IRQHandler
                0x08006c14       0x1c build/stm32l4xx_hal_gpio.o
                0x08006c14                HAL_GPIO_EXTI_IRQHandler
 .text.I2C_Flush_TXDR
                0x08006c30       0x22 build/stm32l4xx_hal_i2c.o
 .text.I2C_TransferConfig
                0x08006c52       0x3c build/stm32l4xx_hal_i2c.o
 .text.I2C_IsErrorOccurred
                0x08006c8e      0x114 build/stm32l4xx_hal_i2c.o
 .text.I2C_WaitOnTXISFlagUntilTimeout
                0x08006da2       0x60 build/stm32l4xx_hal_i2c.o
 .text.I2C_WaitOnFlagUntilTimeout
                0x08006e02       0x7c build/stm32l4xx_hal_i2c.o
 *fill*         0x08006e7e        0x2 
 .text.I2C_RequestMemoryWrite
                0x08006e80       0x70 build/stm32l4xx_hal_i2c.o
 .text.I2C_RequestMemoryRead
                0x08006ef0       0x6c build/stm32l4xx_hal_i2c.o
 .text.I2C_WaitOnSTOPFlagUntilTimeout
                0x08006f5c       0x5e build/stm32l4xx_hal_i2c.o
 .text.I2C_WaitOnRXNEFlagUntilTimeout
                0x08006fba       0xa6 build/stm32l4xx_hal_i2c.o
 .text.HAL_I2C_Init
                0x08007060       0xc8 build/stm32l4xx_hal_i2c.o
                0x08007060                HAL_I2C_Init
 .text.HAL_I2C_DeInit
                0x08007128       0x32 build/stm32l4xx_hal_i2c.o
                0x08007128                HAL_I2C_DeInit
 *fill*         0x0800715a        0x2 
 .text.HAL_I2C_Master_Transmit
                0x0800715c      0x19c build/stm32l4xx_hal_i2c.o
                0x0800715c                HAL_I2C_Master_Transmit
 .text.HAL_I2C_Master_Receive
                0x080072f8      0x174 build/stm32l4xx_hal_i2c.o
                0x080072f8                HAL_I2C_Master_Receive
 .text.HAL_I2C_Mem_Write
                0x0800746c      0x19e build/stm32l4xx_hal_i2c.o
                0x0800746c                HAL_I2C_Mem_Write
 *fill*         0x0800760a        0x2 
 .text.HAL_I2C_Mem_Read
                0x0800760c      0x1a8 build/stm32l4xx_hal_i2c.o
                0x0800760c                HAL_I2C_Mem_Read
 .text.HAL_I2CEx_ConfigAnalogFilter
                0x080077b4       0x5a build/stm32l4xx_hal_i2c_ex.o
                0x080077b4                HAL_I2CEx_ConfigAnalogFilter
 .text.HAL_I2CEx_ConfigDigitalFilter
                0x0800780e       0x56 build/stm32l4xx_hal_i2c_ex.o
                0x0800780e                HAL_I2CEx_ConfigDigitalFilter
 .text.DMA_SetConfig
                0x08007864       0x34 build/stm32l4xx_hal_dma.o
 .text.HAL_DMA_Init
                0x08007898      0x108 build/stm32l4xx_hal_dma.o
                0x08007898                HAL_DMA_Init
 .text.HAL_DMA_DeInit
                0x080079a0       0xc4 build/stm32l4xx_hal_dma.o
                0x080079a0                HAL_DMA_DeInit
 .text.HAL_DMA_Start_IT
                0x08007a64       0x7e build/stm32l4xx_hal_dma.o
                0x08007a64                HAL_DMA_Start_IT
 .text.HAL_DMA_Abort
                0x08007ae2       0x4e build/stm32l4xx_hal_dma.o
                0x08007ae2                HAL_DMA_Abort
 .text.HAL_DMA_Abort_IT
                0x08007b30       0x4e build/stm32l4xx_hal_dma.o
                0x08007b30                HAL_DMA_Abort_IT
 *fill*         0x08007b7e        0x2 
 .text.HAL_DMA_IRQHandler
                0x08007b80       0xfc build/stm32l4xx_hal_dma.o
                0x08007b80                HAL_DMA_IRQHandler
 .text.HAL_PWREx_GetVoltageRange
                0x08007c7c       0x10 build/stm32l4xx_hal_pwr_ex.o
                0x08007c7c                HAL_PWREx_GetVoltageRange
 .text.HAL_PWREx_ControlVoltageScaling
                0x08007c8c       0x90 build/stm32l4xx_hal_pwr_ex.o
                0x08007c8c                HAL_PWREx_ControlVoltageScaling
 .text.HAL_PWREx_EnterSTOP2Mode
                0x08007d1c       0x3c build/stm32l4xx_hal_pwr_ex.o
                0x08007d1c                HAL_PWREx_EnterSTOP2Mode
 .text.__NVIC_EnableIRQ
                0x08007d58       0x1c build/stm32l4xx_hal_cortex.o
 .text.__NVIC_DisableIRQ
                0x08007d74       0x24 build/stm32l4xx_hal_cortex.o
 .text.__NVIC_SetPriority
                0x08007d98       0x28 build/stm32l4xx_hal_cortex.o
 .text.NVIC_EncodePriority
                0x08007dc0       0x46 build/stm32l4xx_hal_cortex.o
 *fill*         0x08007e06        0x2 
 .text.HAL_NVIC_SetPriorityGrouping
                0x08007e08       0x24 build/stm32l4xx_hal_cortex.o
                0x08007e08                HAL_NVIC_SetPriorityGrouping
 .text.HAL_NVIC_SetPriority
                0x08007e2c       0x20 build/stm32l4xx_hal_cortex.o
                0x08007e2c                HAL_NVIC_SetPriority
 .text.HAL_NVIC_EnableIRQ
                0x08007e4c        0x8 build/stm32l4xx_hal_cortex.o
                0x08007e4c                HAL_NVIC_EnableIRQ
 .text.HAL_NVIC_DisableIRQ
                0x08007e54        0x8 build/stm32l4xx_hal_cortex.o
                0x08007e54                HAL_NVIC_DisableIRQ
 .text.HAL_SYSTICK_Config
                0x08007e5c       0x28 build/stm32l4xx_hal_cortex.o
                0x08007e5c                HAL_SYSTICK_Config
 .text.SDMMC_GetCmdError
                0x08007e84       0x3c build/stm32l4xx_ll_sdmmc.o
 .text.SDMMC_Init
                0x08007ec0       0x34 build/stm32l4xx_ll_sdmmc.o
                0x08007ec0                SDMMC_Init
 .text.SDMMC_ReadFIFO
                0x08007ef4        0x6 build/stm32l4xx_ll_sdmmc.o
                0x08007ef4                SDMMC_ReadFIFO
 .text.SDMMC_WriteFIFO
                0x08007efa        0xa build/stm32l4xx_ll_sdmmc.o
                0x08007efa                SDMMC_WriteFIFO
 .text.SDMMC_PowerState_ON
                0x08007f04       0x10 build/stm32l4xx_ll_sdmmc.o
                0x08007f04                SDMMC_PowerState_ON
 .text.SDMMC_GetPowerState
                0x08007f14        0x8 build/stm32l4xx_ll_sdmmc.o
                0x08007f14                SDMMC_GetPowerState
 .text.SDMMC_SendCommand
                0x08007f1c       0x20 build/stm32l4xx_ll_sdmmc.o
                0x08007f1c                SDMMC_SendCommand
 .text.SDMMC_GetCommandResponse
                0x08007f3c        0x6 build/stm32l4xx_ll_sdmmc.o
                0x08007f3c                SDMMC_GetCommandResponse
 .text.SDMMC_GetResponse
                0x08007f42        0x6 build/stm32l4xx_ll_sdmmc.o
                0x08007f42                SDMMC_GetResponse
 .text.SDMMC_ConfigData
                0x08007f48       0x24 build/stm32l4xx_ll_sdmmc.o
                0x08007f48                SDMMC_ConfigData
 .text.SDMMC_CmdGoIdleState
                0x08007f6c       0x26 build/stm32l4xx_ll_sdmmc.o
                0x08007f6c                SDMMC_CmdGoIdleState
 *fill*         0x08007f92        0x2 
 .text.SDMMC_GetCmdResp1
                0x08007f94      0x154 build/stm32l4xx_ll_sdmmc.o
                0x08007f94                SDMMC_GetCmdResp1
 .text.SDMMC_CmdBlockLength
                0x080080e8       0x30 build/stm32l4xx_ll_sdmmc.o
                0x080080e8                SDMMC_CmdBlockLength
 .text.SDMMC_CmdReadSingleBlock
                0x08008118       0x30 build/stm32l4xx_ll_sdmmc.o
                0x08008118                SDMMC_CmdReadSingleBlock
 .text.SDMMC_CmdReadMultiBlock
                0x08008148       0x30 build/stm32l4xx_ll_sdmmc.o
                0x08008148                SDMMC_CmdReadMultiBlock
 .text.SDMMC_CmdWriteSingleBlock
                0x08008178       0x30 build/stm32l4xx_ll_sdmmc.o
                0x08008178                SDMMC_CmdWriteSingleBlock
 .text.SDMMC_CmdWriteMultiBlock
                0x080081a8       0x30 build/stm32l4xx_ll_sdmmc.o
                0x080081a8                SDMMC_CmdWriteMultiBlock
 .text.SDMMC_CmdStopTransfer
                0x080081d8       0x34 build/stm32l4xx_ll_sdmmc.o
                0x080081d8                SDMMC_CmdStopTransfer
 .text.SDMMC_CmdSelDesel
                0x0800820c       0x30 build/stm32l4xx_ll_sdmmc.o
                0x0800820c                SDMMC_CmdSelDesel
 .text.SDMMC_CmdAppCommand
                0x0800823c       0x30 build/stm32l4xx_ll_sdmmc.o
                0x0800823c                SDMMC_CmdAppCommand
 .text.SDMMC_CmdBusWidth
                0x0800826c       0x30 build/stm32l4xx_ll_sdmmc.o
                0x0800826c                SDMMC_CmdBusWidth
 .text.SDMMC_CmdSendSCR
                0x0800829c       0x30 build/stm32l4xx_ll_sdmmc.o
                0x0800829c                SDMMC_CmdSendSCR
 .text.SDMMC_CmdSendStatus
                0x080082cc       0x30 build/stm32l4xx_ll_sdmmc.o
                0x080082cc                SDMMC_CmdSendStatus
 .text.SDMMC_GetCmdResp2
                0x080082fc       0x5c build/stm32l4xx_ll_sdmmc.o
                0x080082fc                SDMMC_GetCmdResp2
 .text.SDMMC_CmdSendCID
                0x08008358       0x2a build/stm32l4xx_ll_sdmmc.o
                0x08008358                SDMMC_CmdSendCID
 .text.SDMMC_CmdSendCSD
                0x08008382       0x2a build/stm32l4xx_ll_sdmmc.o
                0x08008382                SDMMC_CmdSendCSD
 .text.SDMMC_GetCmdResp3
                0x080083ac       0x50 build/stm32l4xx_ll_sdmmc.o
                0x080083ac                SDMMC_GetCmdResp3
 .text.SDMMC_CmdAppOperCommand
                0x080083fc       0x32 build/stm32l4xx_ll_sdmmc.o
                0x080083fc                SDMMC_CmdAppOperCommand
 *fill*         0x0800842e        0x2 
 .text.SDMMC_GetCmdResp6
                0x08008430       0xa4 build/stm32l4xx_ll_sdmmc.o
                0x08008430                SDMMC_GetCmdResp6
 .text.SDMMC_CmdSetRelAdd
                0x080084d4       0x30 build/stm32l4xx_ll_sdmmc.o
                0x080084d4                SDMMC_CmdSetRelAdd
 .text.SDMMC_GetCmdResp7
                0x08008504       0x68 build/stm32l4xx_ll_sdmmc.o
                0x08008504                SDMMC_GetCmdResp7
 .text.SDMMC_CmdOperCond
                0x0800856c       0x2e build/stm32l4xx_ll_sdmmc.o
                0x0800856c                SDMMC_CmdOperCond
 .text.SD_DMATransmitCplt
                0x0800859a        0xe build/stm32l4xx_hal_sd.o
 .text.SD_PowerON
                0x080085a8       0xc8 build/stm32l4xx_hal_sd.o
 .text.SD_Read_IT
                0x08008670       0x38 build/stm32l4xx_hal_sd.o
 .text.SD_Write_IT
                0x080086a8       0x48 build/stm32l4xx_hal_sd.o
 .text.SD_FindSCR
                0x080086f0       0xfe build/stm32l4xx_hal_sd.o
 .text.SD_WideBus_Enable
                0x080087ee       0x4e build/stm32l4xx_hal_sd.o
 .text.SD_WideBus_Disable
                0x0800883c       0x4e build/stm32l4xx_hal_sd.o
 .text.SD_SendStatus
                0x0800888a       0x2e build/stm32l4xx_hal_sd.o
 .text.HAL_SD_ReadBlocks_DMA
                0x080088b8      0x130 build/stm32l4xx_hal_sd.o
                0x080088b8                HAL_SD_ReadBlocks_DMA
 .text.HAL_SD_WriteBlocks_DMA
                0x080089e8      0x114 build/stm32l4xx_hal_sd.o
                0x080089e8                HAL_SD_WriteBlocks_DMA
 .text.HAL_SD_ErrorCallback
                0x08008afc        0x2 build/stm32l4xx_hal_sd.o
                0x08008afc                HAL_SD_ErrorCallback
 .text.SD_DMAReceiveCplt
                0x08008afe       0x48 build/stm32l4xx_hal_sd.o
 *fill*         0x08008b46        0x2 
 .text.HAL_SD_GetCardCSD
                0x08008b48      0x1b8 build/stm32l4xx_hal_sd.o
                0x08008b48                HAL_SD_GetCardCSD
 .text.SD_InitCard
                0x08008d00       0xd8 build/stm32l4xx_hal_sd.o
 .text.HAL_SD_InitCard
                0x08008dd8       0xdc build/stm32l4xx_hal_sd.o
                0x08008dd8                HAL_SD_InitCard
 .text.HAL_SD_GetCardInfo
                0x08008eb4       0x24 build/stm32l4xx_hal_sd.o
                0x08008eb4                HAL_SD_GetCardInfo
 .text.HAL_SD_ConfigWideBusOperation
                0x08008ed8      0x100 build/stm32l4xx_hal_sd.o
                0x08008ed8                HAL_SD_ConfigWideBusOperation
 .text.HAL_SD_Init
                0x08008fd8       0x52 build/stm32l4xx_hal_sd.o
                0x08008fd8                HAL_SD_Init
 .text.HAL_SD_GetCardState
                0x0800902a       0x22 build/stm32l4xx_hal_sd.o
                0x0800902a                HAL_SD_GetCardState
 .text.SD_DMAError
                0x0800904c       0x60 build/stm32l4xx_hal_sd.o
 .text.SD_DMATxAbort
                0x080090ac       0x44 build/stm32l4xx_hal_sd.o
 .text.SD_DMARxAbort
                0x080090f0       0x44 build/stm32l4xx_hal_sd.o
 .text.HAL_SD_IRQHandler
                0x08009134      0x1e0 build/stm32l4xx_hal_sd.o
                0x08009134                HAL_SD_IRQHandler
 .text.SystemInit
                0x08009314       0x14 build/system_stm32l4xx.o
                0x08009314                SystemInit
 .text.disk_status
                0x08009328       0x18 build/diskio.o
                0x08009328                disk_status
 .text.disk_initialize
                0x08009340       0x28 build/diskio.o
                0x08009340                disk_initialize
 .text.disk_read
                0x08009368       0x1c build/diskio.o
                0x08009368                disk_read
 .text.disk_write
                0x08009384       0x1c build/diskio.o
                0x08009384                disk_write
 .text.disk_ioctl
                0x080093a0       0x18 build/diskio.o
                0x080093a0                disk_ioctl
 .text.ld_word  0x080093b8        0xa build/ff.o
 .text.ld_dword
                0x080093c2       0x16 build/ff.o
 .text.ld_qword
                0x080093d8       0x44 build/ff.o
 .text.st_word  0x0800941c        0x8 build/ff.o
 .text.st_dword
                0x08009424       0x14 build/ff.o
 .text.st_qword
                0x08009438       0x26 build/ff.o
 .text.mem_cpy  0x0800945e       0x14 build/ff.o
 .text.mem_set  0x08009472        0xa build/ff.o
 .text.mem_cmp  0x0800947c       0x1a build/ff.o
 .text.chk_chr  0x08009496       0x10 build/ff.o
 *fill*         0x080094a6        0x2 
 .text.chk_lock
                0x080094a8       0x84 build/ff.o
 .text.enq_lock
                0x0800952c       0x20 build/ff.o
 .text.inc_lock
                0x0800954c       0xa8 build/ff.o
 .text.dec_lock
                0x080095f4       0x40 build/ff.o
 .text.clear_lock
                0x08009634       0x28 build/ff.o
 .text.clust2sect
                0x0800965c       0x18 build/ff.o
 .text.clmt_clust
                0x08009674       0x30 build/ff.o
 .text.ld_clust
                0x080096a4       0x26 build/ff.o
 .text.st_clust
                0x080096ca       0x28 build/ff.o
 *fill*         0x080096f2        0x2 
 .text.pick_lfn
                0x080096f4       0x84 build/ff.o
 .text.put_lfn  0x08009778       0x78 build/ff.o
 .text.gen_numname
                0x080097f0       0xa4 build/ff.o
 .text.sum_sfn  0x08009894       0x20 build/ff.o
 .text.xdir_sum
                0x080098b4       0x30 build/ff.o
 .text.get_ldnumber
                0x080098e4       0x4e build/ff.o
 .text.validate
                0x08009932       0x46 build/ff.o
 .text.sync_window
                0x08009978       0x54 build/ff.o
 .text.move_window
                0x080099cc       0x3c build/ff.o
 .text.check_fs
                0x08009a08       0x90 build/ff.o
 .text.find_volume
                0x08009a98      0x470 build/ff.o
 .text.find_bitmap
                0x08009f08       0x88 build/ff.o
 .text.change_bitmap
                0x08009f90       0x76 build/ff.o
 .text.put_fat  0x0800a006      0x136 build/ff.o
 .text.fill_last_frag
                0x0800a13c       0x30 build/ff.o
 .text.fill_first_frag
                0x0800a16c       0x32 build/ff.o
 .text.get_fat  0x0800a19e      0x16e build/ff.o
 .text.dir_sdi  0x0800a30c       0xc0 build/ff.o
 .text.create_chain
                0x0800a3cc      0x17c build/ff.o
 .text.remove_chain
                0x0800a548       0xfa build/ff.o
 .text.dir_next
                0x0800a642      0x120 build/ff.o
 *fill*         0x0800a762        0x2 
 .text.load_xdir
                0x0800a764      0x104 build/ff.o
 .text.load_obj_dir
                0x0800a868       0x32 build/ff.o
 .text.dir_read
                0x0800a89a       0xea build/ff.o
 .text.dir_alloc
                0x0800a984       0x64 build/ff.o
 .text.store_xdir
                0x0800a9e8       0x5e build/ff.o
 *fill*         0x0800aa46        0x2 
 .text.create_name
                0x0800aa48      0x228 build/ff.o
 .text.xname_sum
                0x0800ac70       0x38 build/ff.o
 .text.create_xdir
                0x0800aca8       0x7e build/ff.o
 *fill*         0x0800ad26        0x2 
 .text.cmp_lfn  0x0800ad28       0xa4 build/ff.o
 .text.dir_find
                0x0800adcc      0x172 build/ff.o
 .text.follow_path
                0x0800af3e       0xce build/ff.o
 .text.dir_register
                0x0800b00c      0x1fc build/ff.o
 .text.sync_fs  0x0800b208       0x90 build/ff.o
 .text.f_mount  0x0800b298       0x5c build/ff.o
                0x0800b298                f_mount
 .text.f_open   0x0800b2f4      0x3ce build/ff.o
                0x0800b2f4                f_open
 .text.f_write  0x0800b6c2      0x242 build/ff.o
                0x0800b6c2                f_write
 .text.f_sync   0x0800b904      0x14c build/ff.o
                0x0800b904                f_sync
 .text.f_close  0x0800ba50       0x2a build/ff.o
                0x0800ba50                f_close
 *fill*         0x0800ba7a        0x2 
 .text.FATFS_LinkDriverEx
                0x0800ba7c       0x5c build/ff_gen_drv.o
                0x0800ba7c                FATFS_LinkDriverEx
 .text.FATFS_LinkDriver
                0x0800bad8        0xa build/ff_gen_drv.o
                0x0800bad8                FATFS_LinkDriver
 *fill*         0x0800bae2        0x2 
 .text._sbrk    0x0800bae4       0x4c build/sysmem.o
                0x0800bae4                _sbrk
 .text._getpid  0x0800bb30        0x4 build/syscalls.o
                0x0800bb30                _getpid
 .text._kill    0x0800bb34       0x10 build/syscalls.o
                0x0800bb34                _kill
 .text._exit    0x0800bb44        0xc build/syscalls.o
                0x0800bb44                _exit
 .text._read    0x0800bb50       0x20 build/syscalls.o
                0x0800bb50                _read
 .text._close   0x0800bb70        0x6 build/syscalls.o
                0x0800bb70                _close
 .text._fstat   0x0800bb76        0xa build/syscalls.o
                0x0800bb76                _fstat
 .text._isatty  0x0800bb80        0x4 build/syscalls.o
                0x0800bb80                _isatty
 .text._lseek   0x0800bb84        0x4 build/syscalls.o
                0x0800bb84                _lseek
 .text.MX_DMA_Init
                0x0800bb88       0x40 build/dma.o
                0x0800bb88                MX_DMA_Init
 .text.ff_convert
                0x0800bbc8       0x3c build/ccsbcs.o
                0x0800bbc8                ff_convert
 .text.ff_wtoupper
                0x0800bc04       0xb4 build/ccsbcs.o
                0x0800bc04                ff_wtoupper
 .text.MX_USART1_UART_Init
                0x0800bcb8       0x38 build/usart.o
                0x0800bcb8                MX_USART1_UART_Init
 .text.HAL_UART_MspInit
                0x0800bcf0       0xc8 build/usart.o
                0x0800bcf0                HAL_UART_MspInit
 .text.UART_EndRxTransfer
                0x0800bdb8       0x52 build/stm32l4xx_hal_uart.o
 .text.HAL_UART_TxCpltCallback
                0x0800be0a        0x2 build/stm32l4xx_hal_uart.o
                0x0800be0a                HAL_UART_TxCpltCallback
 .text.UART_EndTransmit_IT
                0x0800be0c       0x20 build/stm32l4xx_hal_uart.o
 .text.UART_DMAAbortOnError
                0x0800be2c        0xa build/stm32l4xx_hal_uart.o
 .text.HAL_UARTEx_RxEventCallback
                0x0800be36        0x2 build/stm32l4xx_hal_uart.o
                0x0800be36                HAL_UARTEx_RxEventCallback
 .text.HAL_UART_IRQHandler
                0x0800be38      0x318 build/stm32l4xx_hal_uart.o
                0x0800be38                HAL_UART_IRQHandler
 .text.UART_RxISR_8BIT
                0x0800c150       0xd8 build/stm32l4xx_hal_uart.o
 .text.UART_RxISR_16BIT
                0x0800c228       0xd8 build/stm32l4xx_hal_uart.o
 .text.UART_SetConfig
                0x0800c300      0x320 build/stm32l4xx_hal_uart.o
                0x0800c300                UART_SetConfig
 .text.UART_AdvFeatureConfig
                0x0800c620       0xca build/stm32l4xx_hal_uart.o
                0x0800c620                UART_AdvFeatureConfig
 .text.UART_WaitOnFlagUntilTimeout
                0x0800c6ea       0x9c build/stm32l4xx_hal_uart.o
                0x0800c6ea                UART_WaitOnFlagUntilTimeout
 .text.UART_CheckIdleState
                0x0800c786       0xc2 build/stm32l4xx_hal_uart.o
                0x0800c786                UART_CheckIdleState
 .text.HAL_UART_Init
                0x0800c848       0x62 build/stm32l4xx_hal_uart.o
                0x0800c848                HAL_UART_Init
 *fill*         0x0800c8aa        0x2 
 .text.UART_Start_Receive_IT
                0x0800c8ac       0xd4 build/stm32l4xx_hal_uart.o
                0x0800c8ac                UART_Start_Receive_IT
 .text.HAL_UART_Receive_IT
                0x0800c980       0x50 build/stm32l4xx_hal_uart.o
                0x0800c980                HAL_UART_Receive_IT
 .text.HAL_UARTEx_WakeupCallback
                0x0800c9d0        0x2 build/stm32l4xx_hal_uart_ex.o
                0x0800c9d0                HAL_UARTEx_WakeupCallback
 *fill*         0x0800c9d2        0x2 
 .text.MX_RTC_Init
                0x0800c9d4       0x88 build/rtc.o
                0x0800c9d4                MX_RTC_Init
 .text.HAL_RTC_MspInit
                0x0800ca5c       0x50 build/rtc.o
                0x0800ca5c                HAL_RTC_MspInit
 .text.HAL_RTC_WaitForSynchro
                0x0800caac       0x34 build/stm32l4xx_hal_rtc.o
                0x0800caac                HAL_RTC_WaitForSynchro
 .text.RTC_EnterInitMode
                0x0800cae0       0x44 build/stm32l4xx_hal_rtc.o
                0x0800cae0                RTC_EnterInitMode
 .text.RTC_ExitInitMode
                0x0800cb24       0x4c build/stm32l4xx_hal_rtc.o
                0x0800cb24                RTC_ExitInitMode
 .text.HAL_RTC_Init
                0x0800cb70       0xa6 build/stm32l4xx_hal_rtc.o
                0x0800cb70                HAL_RTC_Init
 .text.RTC_ByteToBcd2
                0x0800cc16       0x16 build/stm32l4xx_hal_rtc.o
                0x0800cc16                RTC_ByteToBcd2
 .text.HAL_RTC_SetTime
                0x0800cc2c       0xd0 build/stm32l4xx_hal_rtc.o
                0x0800cc2c                HAL_RTC_SetTime
 .text.HAL_RTC_SetDate
                0x0800ccfc       0xa8 build/stm32l4xx_hal_rtc.o
                0x0800ccfc                HAL_RTC_SetDate
 .text.RTC_Bcd2ToByte
                0x0800cda4       0x12 build/stm32l4xx_hal_rtc.o
                0x0800cda4                RTC_Bcd2ToByte
 .text.HAL_RTC_GetTime
                0x0800cdb6       0x4c build/stm32l4xx_hal_rtc.o
                0x0800cdb6                HAL_RTC_GetTime
 .text.HAL_RTC_GetDate
                0x0800ce02       0x3c build/stm32l4xx_hal_rtc.o
                0x0800ce02                HAL_RTC_GetDate
 *fill*         0x0800ce3e        0x2 
 .text.Reset_Handler
                0x0800ce40       0x50 build/startup_stm32l476xx.o
                0x0800ce40                Reset_Handler
 .text.Default_Handler
                0x0800ce90        0x2 build/startup_stm32l476xx.o
                0x0800ce90                TIM1_BRK_TIM15_IRQHandler
                0x0800ce90                EXTI2_IRQHandler
                0x0800ce90                TIM8_TRG_COM_IRQHandler
                0x0800ce90                TIM8_CC_IRQHandler
                0x0800ce90                TIM1_CC_IRQHandler
                0x0800ce90                TSC_IRQHandler
                0x0800ce90                TAMP_STAMP_IRQHandler
                0x0800ce90                EXTI3_IRQHandler
                0x0800ce90                LPTIM2_IRQHandler
                0x0800ce90                DFSDM1_FLT1_IRQHandler
                0x0800ce90                I2C3_ER_IRQHandler
                0x0800ce90                DFSDM1_FLT2_IRQHandler
                0x0800ce90                I2C2_EV_IRQHandler
                0x0800ce90                CAN1_RX0_IRQHandler
                0x0800ce90                FPU_IRQHandler
                0x0800ce90                TIM1_UP_TIM16_IRQHandler
                0x0800ce90                ADC1_2_IRQHandler
                0x0800ce90                SPI1_IRQHandler
                0x0800ce90                TIM6_DAC_IRQHandler
                0x0800ce90                TIM8_UP_IRQHandler
                0x0800ce90                DMA2_Channel2_IRQHandler
                0x0800ce90                DMA1_Channel4_IRQHandler
                0x0800ce90                SAI2_IRQHandler
                0x0800ce90                DFSDM1_FLT3_IRQHandler
                0x0800ce90                USART3_IRQHandler
                0x0800ce90                DMA1_Channel7_IRQHandler
                0x0800ce90                CAN1_RX1_IRQHandler
                0x0800ce90                LCD_IRQHandler
                0x0800ce90                UART5_IRQHandler
                0x0800ce90                ADC3_IRQHandler
                0x0800ce90                TIM4_IRQHandler
                0x0800ce90                DMA2_Channel1_IRQHandler
                0x0800ce90                QUADSPI_IRQHandler
                0x0800ce90                I2C1_EV_IRQHandler
                0x0800ce90                DMA1_Channel6_IRQHandler
                0x0800ce90                UART4_IRQHandler
                0x0800ce90                TIM3_IRQHandler
                0x0800ce90                RCC_IRQHandler
                0x0800ce90                DMA1_Channel1_IRQHandler
                0x0800ce90                Default_Handler
                0x0800ce90                DMA2_Channel7_IRQHandler
                0x0800ce90                EXTI15_10_IRQHandler
                0x0800ce90                TIM7_IRQHandler
                0x0800ce90                TIM5_IRQHandler
                0x0800ce90                I2C3_EV_IRQHandler
                0x0800ce90                EXTI9_5_IRQHandler
                0x0800ce90                RTC_WKUP_IRQHandler
                0x0800ce90                PVD_PVM_IRQHandler
                0x0800ce90                SPI2_IRQHandler
                0x0800ce90                CAN1_TX_IRQHandler
                0x0800ce90                DMA1_Channel5_IRQHandler
                0x0800ce90                EXTI4_IRQHandler
                0x0800ce90                RNG_IRQHandler
                0x0800ce90                TIM1_TRG_COM_TIM17_IRQHandler
                0x0800ce90                DMA1_Channel3_IRQHandler
                0x0800ce90                COMP_IRQHandler
                0x0800ce90                WWDG_IRQHandler
                0x0800ce90                LPUART1_IRQHandler
                0x0800ce90                DMA2_Channel6_IRQHandler
                0x0800ce90                TIM2_IRQHandler
                0x0800ce90                USART2_IRQHandler
                0x0800ce90                DFSDM1_FLT0_IRQHandler
                0x0800ce90                I2C2_ER_IRQHandler
                0x0800ce90                DMA1_Channel2_IRQHandler
                0x0800ce90                TIM8_BRK_IRQHandler
                0x0800ce90                CAN1_SCE_IRQHandler
                0x0800ce90                FLASH_IRQHandler
                0x0800ce90                OTG_FS_IRQHandler
                0x0800ce90                SPI3_IRQHandler
                0x0800ce90                I2C1_ER_IRQHandler
                0x0800ce90                FMC_IRQHandler
                0x0800ce90                SWPMI1_IRQHandler
                0x0800ce90                LPTIM1_IRQHandler
                0x0800ce90                SAI1_IRQHandler
                0x0800ce90                DMA2_Channel3_IRQHandler
                0x0800ce90                RTC_Alarm_IRQHandler
 .text.__cvt    0x0800ce92       0xbe /Applications/ArmGNUToolchain/15.2.rel1/arm-none-eabi/bin/../lib/gcc/arm-none-eabi/15.2.1/../../../../arm-none-eabi/lib/thumb/v7e-m+fp/hard/libc_nano.a(libc_a-nano-vfprintf_float.o)
                0x0800ce92                __cvt
 .text.__exponent
                0x0800cf50       0x76 /Applications/ArmGNUToolchain/15.2.rel1/arm-none-eabi/bin/../lib/gcc/arm-none-eabi/15.2.1/../../../../arm-none-eabi/lib/thumb/v7e-m+fp/hard/libc_nano.a(libc_a-nano-vfprintf_float.o)
                0x0800cf50                __exponent
 *fill*         0x0800cfc6        0x2 
 .text._printf_float
                0x0800cfc8      0x448 /Applications/ArmGNUToolchain/15.2.rel1/arm-none-eabi/bin/../lib/gcc/arm-none-eabi/15.2.1/../../../../arm-none-eabi/lib/thumb/v7e-m+fp/hard/libc_nano.a(libc_a-nano-vfprintf_float.o)
                0x0800cfc8                _printf_float
 .text._printf_common
                0x0800d410       0xea /Applications/ArmGNUToolchain/15.2.rel1/arm-none-eabi/bin/../lib/gcc/arm-none-eabi/15.2.1/../../../../arm-none-eabi/lib/thumb/v7e-m+fp/hard/libc_nano.a(libc_a-nano-vfprintf_i.o)
                0x0800d410                _printf_common
 *fill*         0x0800d4fa        0x2 
 .text._printf_i
                0x0800d4fc      0x254 /Applications/ArmGNUToolchain/15.2.rel1/arm-none-eabi/bin/../lib/gcc/arm-none-eabi/15.2.1/../../../../arm-none-eabi/lib/thumb/v7e-m+fp/hard/libc_nano.a(libc_a-nano-vfprintf_i.o)
                0x0800d4fc                _printf_i
 .text.sprintf  0x0800d750       0x44 /Applications/ArmGNUToolchain/15.2.rel1/arm-none-eabi/bin/../lib/gcc/arm-none-eabi/15.2.1/../../../../arm-none-eabi/lib/thumb/v7e-m+fp/hard/libc_nano.a(libc_a-sprintf.o)
                0x0800d750                sprintf
                0x0800d750                siprintf
 .text.std      0x0800d794       0x6c /Applications/ArmGNUToolchain/15.2.rel1/arm-none-eabi/bin/../lib/gcc/arm-none-eabi/15.2.1/../../../../arm-none-eabi/lib/thumb/v7e-m+fp/hard/libc_nano.a(libc_a-findfp.o)
 .text.stdio_exit_handler
                0x0800d800       0x18 /Applications/ArmGNUToolchain/15.2.rel1/arm-none-eabi/bin/../lib/gcc/arm-none-eabi/15.2.1/../../../../arm-none-eabi/lib/thumb/v7e-m+fp/hard/libc_nano.a(libc_a-findfp.o)
 .text.cleanup_stdio
                0x0800d818       0x40 /Applications/ArmGNUToolchain/15.2.rel1/arm-none-eabi/bin/../lib/gcc/arm-none-eabi/15.2.1/../../../../arm-none-eabi/lib/thumb/v7e-m+fp/hard/libc_nano.a(libc_a-findfp.o)
 .text.global_stdio_init.part.0
                0x0800d858       0x40 /Applications/ArmGNUToolchain/15.2.rel1/arm-none-eabi/bin/../lib/gcc/arm-none-eabi/15.2.1/../../../../arm-none-eabi/lib/thumb/v7e-m+fp/hard/libc_nano.a(libc_a-findfp.o)
 .text.__sfp_lock_acquire
                0x0800d898        0xc /Applications/ArmGNUToolchain/15.2.rel1/arm-none-eabi/bin/../lib/gcc/arm-none-eabi/15.2.1/../../../../arm-none-eabi/lib/thumb/v7e-m+fp/hard/libc_nano.a(libc_a-findfp.o)
                0x0800d898                __sfp_lock_acquire
 .text.__sfp_lock_release
                0x0800d8a4        0xc /Applications/ArmGNUToolchain/15.2.rel1/arm-none-eabi/bin/../lib/gcc/arm-none-eabi/15.2.1/../../../../arm-none-eabi/lib/thumb/v7e-m+fp/hard/libc_nano.a(libc_a-findfp.o)
                0x0800d8a4                __sfp_lock_release
 .text.__sinit  0x0800d8b0       0x30 /Applications/ArmGNUToolchain/15.2.rel1/arm-none-eabi/bin/../lib/gcc/arm-none-eabi/15.2.1/../../../../arm-none-eabi/lib/thumb/v7e-m+fp/hard/libc_nano.a(libc_a-findfp.o)
                0x0800d8b0                __sinit
 .text._vsprintf_r
                0x0800d8e0       0x2c /Applications/ArmGNUToolchain/15.2.rel1/arm-none-eabi/bin/../lib/gcc/arm-none-eabi/15.2.1/../../../../arm-none-eabi/lib/thumb/v7e-m+fp/hard/libc_nano.a(libc_a-vsprintf.o)
                0x0800d8e0                _vsiprintf_r
                0x0800d8e0                _vsprintf_r
 .text.vsprintf
                0x0800d90c       0x14 /Applications/ArmGNUToolchain/15.2.rel1/arm-none-eabi/bin/../lib/gcc/arm-none-eabi/15.2.1/../../../../arm-none-eabi/lib/thumb/v7e-m+fp/hard/libc_nano.a(libc_a-vsprintf.o)
                0x0800d90c                vsprintf
                0x0800d90c                vsiprintf
 .text._fwalk_sglue
                0x0800d920       0x3a /Applications/ArmGNUToolchain/15.2.rel1/arm-none-eabi/bin/../lib/gcc/arm-none-eabi/15.2.1/../../../../arm-none-eabi/lib/thumb/v7e-m+fp/hard/libc_nano.a(libc_a-fwalk.o)
                0x0800d920                _fwalk_sglue
 *fill*         0x0800d95a        0x2 
 .text.printf   0x0800d95c       0x24 /Applications/ArmGNUToolchain/15.2.rel1/arm-none-eabi/bin/../lib/gcc/arm-none-eabi/15.2.1/../../../../arm-none-eabi/lib/thumb/v7e-m+fp/hard/libc_nano.a(libc_a-printf.o)
                0x0800d95c                printf
                0x0800d95c                iprintf
 .text._puts_r  0x0800d980       0xaa /Applications/ArmGNUToolchain/15.2.rel1/arm-none-eabi/bin/../lib/gcc/arm-none-eabi/15.2.1/../../../../arm-none-eabi/lib/thumb/v7e-m+fp/hard/libc_nano.a(libc_a-puts.o)
                0x0800d980                _puts_r
 *fill*         0x0800da2a        0x2 
 .text.puts     0x0800da2c       0x10 /Applications/ArmGNUToolchain/15.2.rel1/arm-none-eabi/bin/../lib/gcc/arm-none-eabi/15.2.1/../../../../arm-none-eabi/lib/thumb/v7e-m+fp/hard/libc_nano.a(libc_a-puts.o)
                0x0800da2c                puts
 .text.memset   0x0800da3c       0x10 /Applications/ArmGNUToolchain/15.2.rel1/arm-none-eabi/bin/../lib/gcc/arm-none-eabi/15.2.1/../../../../arm-none-eabi/lib/thumb/v7e-m+fp/hard/libc_nano.a(libc_a-memset.o)
                0x0800da3c                memset
 .text.strncmp  0x0800da4c       0x24 /Applications/ArmGNUToolchain/15.2.rel1/arm-none-eabi/bin/../lib/gcc/arm-none-eabi/15.2.1/../../../../arm-none-eabi/lib/thumb/v7e-m+fp/hard/libc_nano.a(libc_a-strncmp.o)
                0x0800da4c                strncmp
 .text.__errno  0x0800da70        0xc /Applications/ArmGNUToolchain/15.2.rel1/arm-none-eabi/bin/../lib/gcc/arm-none-eabi/15.2.1/../../../../arm-none-eabi/lib/thumb/v7e-m+fp/hard/libc_nano.a(libc_a-errno.o)
                0x0800da70                __errno
 .text.__libc_init_array
                0x0800da7c       0x48 /Applications/ArmGNUToolchain/15.2.rel1/arm-none-eabi/bin/../lib/gcc/arm-none-eabi/15.2.1/../../../../arm-none-eabi/lib/thumb/v7e-m+fp/hard/libc_nano.a(libc_a-init.o)
                0x0800da7c                __libc_init_array
 .text.__retarget_lock_init_recursive
                0x0800dac4        0x2 /Applications/ArmGNUToolchain/15.2.rel1/arm-none-eabi/bin/../lib/gcc/arm-none-eabi/15.2.1/../../../../arm-none-eabi/lib/thumb/v7e-m+fp/hard/libc_nano.a(libc_a-lock.o)
                0x0800dac4                __retarget_lock_init_recursive
 .text.__retarget_lock_acquire_recursive
                0x0800dac6        0x2 /Applications/ArmGNUToolchain/15.2.rel1/arm-none-eabi/bin/../lib/gcc/arm-none-eabi/15.2.1/../../../../arm-none-eabi/lib/thumb/v7e-m+fp/hard/libc_nano.a(libc_a-lock.o)
                0x0800dac6                __retarget_lock_acquire_recursive
 .text.__retarget_lock_release_recursive
                0x0800dac8        0x2 /Applications/ArmGNUToolchain/15.2.rel1/arm-none-eabi/bin/../lib/gcc/arm-none-eabi/15.2.1/../../../../arm-none-eabi/lib/thumb/v7e-m+fp/hard/libc_nano.a(libc_a-lock.o)
                0x0800dac8                __retarget_lock_release_recursive
 *fill*         0x0800daca        0x2 
 .text._localeconv_r
                0x0800dacc        0x8 /Applications/ArmGNUToolchain/15.2.rel1/arm-none-eabi/bin/../lib/gcc/arm-none-eabi/15.2.1/../../../../arm-none-eabi/lib/thumb/v7e-m+fp/hard/libc_nano.a(libc_a-localeconv.o)
                0x0800dacc                _localeconv_r
 .text.memcpy   0x0800dad4       0x1c /Applications/ArmGNUToolchain/15.2.rel1/arm-none-eabi/bin/../lib/gcc/arm-none-eabi/15.2.1/../../../../arm-none-eabi/lib/thumb/v7e-m+fp/hard/libc_nano.a(libc_a-memcpy-stub.o)
                0x0800dad4                memcpy
 .text.quorem   0x0800daf0      0x110 /Applications/ArmGNUToolchain/15.2.rel1/arm-none-eabi/bin/../lib/gcc/arm-none-eabi/15.2.1/../../../../arm-none-eabi/lib/thumb/v7e-m+fp/hard/libc_nano.a(libc_a-dtoa.o)
 .text._dtoa_r  0x0800dc00      0xbac /Applications/ArmGNUToolchain/15.2.rel1/arm-none-eabi/bin/../lib/gcc/arm-none-eabi/15.2.1/../../../../arm-none-eabi/lib/thumb/v7e-m+fp/hard/libc_nano.a(libc_a-dtoa.o)
                0x0800dc00                _dtoa_r
 .text.__ssputs_r
                0x0800e7ac       0xc0 /Applications/ArmGNUToolchain/15.2.rel1/arm-none-eabi/bin/../lib/gcc/arm-none-eabi/15.2.1/../../../../arm-none-eabi/lib/thumb/v7e-m+fp/hard/libc_nano.a(libc_a-nano-svfprintf.o)
                0x0800e7ac                __ssputs_r
 .text._svfprintf_r
                0x0800e86c      0x1f0 /Applications/ArmGNUToolchain/15.2.rel1/arm-none-eabi/bin/../lib/gcc/arm-none-eabi/15.2.1/../../../../arm-none-eabi/lib/thumb/v7e-m+fp/hard/libc_nano.a(libc_a-nano-svfprintf.o)
                0x0800e86c                _svfprintf_r
                0x0800e86c                _svfiprintf_r
 .text.malloc   0x0800ea5c       0x10 /Applications/ArmGNUToolchain/15.2.rel1/arm-none-eabi/bin/../lib/gcc/arm-none-eabi/15.2.1/../../../../arm-none-eabi/lib/thumb/v7e-m+fp/hard/libc_nano.a(libc_a-malloc.o)
                0x0800ea5c                malloc
 .text.sbrk_aligned
                0x0800ea6c       0x44 /Applications/ArmGNUToolchain/15.2.rel1/arm-none-eabi/bin/../lib/gcc/arm-none-eabi/15.2.1/../../../../arm-none-eabi/lib/thumb/v7e-m+fp/hard/libc_nano.a(libc_a-mallocr.o)
 .text._malloc_r
                0x0800eab0       0xf8 /Applications/ArmGNUToolchain/15.2.rel1/arm-none-eabi/bin/../lib/gcc/arm-none-eabi/15.2.1/../../../../arm-none-eabi/lib/thumb/v7e-m+fp/hard/libc_nano.a(libc_a-mallocr.o)
                0x0800eab0                _malloc_r
 .text.__sfputc_r
                0x0800eba8       0x2a /Applications/ArmGNUToolchain/15.2.rel1/arm-none-eabi/bin/../lib/gcc/arm-none-eabi/15.2.1/../../../../arm-none-eabi/lib/thumb/v7e-m+fp/hard/libc_nano.a(libc_a-nano-vfprintf.o)
 .text.__sfputs_r
                0x0800ebd2       0x24 /Applications/ArmGNUToolchain/15.2.rel1/arm-none-eabi/bin/../lib/gcc/arm-none-eabi/15.2.1/../../../../arm-none-eabi/lib/thumb/v7e-m+fp/hard/libc_nano.a(libc_a-nano-vfprintf.o)
                0x0800ebd2                __sfputs_r
 *fill*         0x0800ebf6        0x2 
 .text._vfprintf_r
                0x0800ebf8      0x228 /Applications/ArmGNUToolchain/15.2.rel1/arm-none-eabi/bin/../lib/gcc/arm-none-eabi/15.2.1/../../../../arm-none-eabi/lib/thumb/v7e-m+fp/hard/libc_nano.a(libc_a-nano-vfprintf.o)
                0x0800ebf8                _vfiprintf_r
                0x0800ebf8                _vfprintf_r
 .text.__malloc_lock
                0x0800ee20        0xc /Applications/ArmGNUToolchain/15.2.rel1/arm-none-eabi/bin/../lib/gcc/arm-none-eabi/15.2.1/../../../../arm-none-eabi/lib/thumb/v7e-m+fp/hard/libc_nano.a(libc_a-mlock.o)
                0x0800ee20                __malloc_lock
 .text.__malloc_unlock
                0x0800ee2c        0xc /Applications/ArmGNUToolchain/15.2.rel1/arm-none-eabi/bin/../lib/gcc/arm-none-eabi/15.2.1/../../../../arm-none-eabi/lib/thumb/v7e-m+fp/hard/libc_nano.a(libc_a-mlock.o)
                0x0800ee2c                __malloc_unlock
 .text._Balloc  0x0800ee38       0x7c /Applications/ArmGNUToolchain/15.2.rel1/arm-none-eabi/bin/../lib/gcc/arm-none-eabi/15.2.1/../../../../arm-none-eabi/lib/thumb/v7e-m+fp/hard/libc_nano.a(libc_a-mprec.o)
                0x0800ee38                _Balloc
 .text._Bfree   0x0800eeb4       0x44 /Applications/ArmGNUToolchain/15.2.rel1/arm-none-eabi/bin/../lib/gcc/arm-none-eabi/15.2.1/../../../../arm-none-eabi/lib/thumb/v7e-m+fp/hard/libc_nano.a(libc_a-mprec.o)
                0x0800eeb4                _Bfree
 .text.__multadd
                0x0800eef8       0x8c /Applications/ArmGNUToolchain/15.2.rel1/arm-none-eabi/bin/../lib/gcc/arm-none-eabi/15.2.1/../../../../arm-none-eabi/lib/thumb/v7e-m+fp/hard/libc_nano.a(libc_a-mprec.o)
                0x0800eef8                __multadd
 .text.__hi0bits
                0x0800ef84       0x3c /Applications/ArmGNUToolchain/15.2.rel1/arm-none-eabi/bin/../lib/gcc/arm-none-eabi/15.2.1/../../../../arm-none-eabi/lib/thumb/v7e-m+fp/hard/libc_nano.a(libc_a-mprec.o)
                0x0800ef84                __hi0bits
 .text.__lo0bits
                0x0800efc0       0x5c /Applications/ArmGNUToolchain/15.2.rel1/arm-none-eabi/bin/../lib/gcc/arm-none-eabi/15.2.1/../../../../arm-none-eabi/lib/thumb/v7e-m+fp/hard/libc_nano.a(libc_a-mprec.o)
                0x0800efc0                __lo0bits
 .text.__i2b    0x0800f01c       0x2c /Applications/ArmGNUToolchain/15.2.rel1/arm-none-eabi/bin/../lib/gcc/arm-none-eabi/15.2.1/../../../../arm-none-eabi/lib/thumb/v7e-m+fp/hard/libc_nano.a(libc_a-mprec.o)
                0x0800f01c                __i2b
 .text.__multiply
                0x0800f048      0x16c /Applications/ArmGNUToolchain/15.2.rel1/arm-none-eabi/bin/../lib/gcc/arm-none-eabi/15.2.1/../../../../arm-none-eabi/lib/thumb/v7e-m+fp/hard/libc_nano.a(libc_a-mprec.o)
                0x0800f048                __multiply
 .text.__pow5mult
                0x0800f1b4       0xb8 /Applications/ArmGNUToolchain/15.2.rel1/arm-none-eabi/bin/../lib/gcc/arm-none-eabi/15.2.1/../../../../arm-none-eabi/lib/thumb/v7e-m+fp/hard/libc_nano.a(libc_a-mprec.o)
                0x0800f1b4                __pow5mult
 .text.__lshift
                0x0800f26c       0xe4 /Applications/ArmGNUToolchain/15.2.rel1/arm-none-eabi/bin/../lib/gcc/arm-none-eabi/15.2.1/../../../../arm-none-eabi/lib/thumb/v7e-m+fp/hard/libc_nano.a(libc_a-mprec.o)
                0x0800f26c                __lshift
 .text.__mcmp   0x0800f350       0x36 /Applications/ArmGNUToolchain/15.2.rel1/arm-none-eabi/bin/../lib/gcc/arm-none-eabi/15.2.1/../../../../arm-none-eabi/lib/thumb/v7e-m+fp/hard/libc_nano.a(libc_a-mprec.o)
                0x0800f350                __mcmp
 *fill*         0x0800f386        0x2 
 .text.__mdiff  0x0800f388      0x130 /Applications/ArmGNUToolchain/15.2.rel1/arm-none-eabi/bin/../lib/gcc/arm-none-eabi/15.2.1/../../../../arm-none-eabi/lib/thumb/v7e-m+fp/hard/libc_nano.a(libc_a-mprec.o)
                0x0800f388                __mdiff
 .text.__d2b    0x0800f4b8       0xb0 /Applications/ArmGNUToolchain/15.2.rel1/arm-none-eabi/bin/../lib/gcc/arm-none-eabi/15.2.1/../../../../arm-none-eabi/lib/thumb/v7e-m+fp/hard/libc_nano.a(libc_a-mprec.o)
                0x0800f4b8                __d2b
 .text.__sread  0x0800f568       0x22 /Applications/ArmGNUToolchain/15.2.rel1/arm-none-eabi/bin/../lib/gcc/arm-none-eabi/15.2.1/../../../../arm-none-eabi/lib/thumb/v7e-m+fp/hard/libc_nano.a(libc_a-stdio.o)
                0x0800f568                __sread
 .text.__swrite
                0x0800f58a       0x38 /Applications/ArmGNUToolchain/15.2.rel1/arm-none-eabi/bin/../lib/gcc/arm-none-eabi/15.2.1/../../../../arm-none-eabi/lib/thumb/v7e-m+fp/hard/libc_nano.a(libc_a-stdio.o)
                0x0800f58a                __swrite
 .text.__sseek  0x0800f5c2       0x26 /Applications/ArmGNUToolchain/15.2.rel1/arm-none-eabi/bin/../lib/gcc/arm-none-eabi/15.2.1/../../../../arm-none-eabi/lib/thumb/v7e-m+fp/hard/libc_nano.a(libc_a-stdio.o)
                0x0800f5c2                __sseek
 .text.__sclose
                0x0800f5e8        0x8 /Applications/ArmGNUToolchain/15.2.rel1/arm-none-eabi/bin/../lib/gcc/arm-none-eabi/15.2.1/../../../../arm-none-eabi/lib/thumb/v7e-m+fp/hard/libc_nano.a(libc_a-stdio.o)
                0x0800f5e8                __sclose
 .text.__sflush_r
                0x0800f5f0      0x100 /Applications/ArmGNUToolchain/15.2.rel1/arm-none-eabi/bin/../lib/gcc/arm-none-eabi/15.2.1/../../../../arm-none-eabi/lib/thumb/v7e-m+fp/hard/libc_nano.a(libc_a-fflush.o)
                0x0800f5f0                __sflush_r
 .text._fflush_r
                0x0800f6f0       0x50 /Applications/ArmGNUToolchain/15.2.rel1/arm-none-eabi/bin/../lib/gcc/arm-none-eabi/15.2.1/../../../../arm-none-eabi/lib/thumb/v7e-m+fp/hard/libc_nano.a(libc_a-fflush.o)
                0x0800f6f0                _fflush_r
 .text._realloc_r
                0x0800f740       0x5c /Applications/ArmGNUToolchain/15.2.rel1/arm-none-eabi/bin/../lib/gcc/arm-none-eabi/15.2.1/../../../../arm-none-eabi/lib/thumb/v7e-m+fp/hard/libc_nano.a(libc_a-reallocr.o)
                0x0800f740                _realloc_r
 .text.__swbuf_r
                0x0800f79c       0x7a /Applications/ArmGNUToolchain/15.2.rel1/arm-none-eabi/bin/../lib/gcc/arm-none-eabi/15.2.1/../../../../arm-none-eabi/lib/thumb/v7e-m+fp/hard/libc_nano.a(libc_a-wbuf.o)
                0x0800f79c                __swbuf_r
 *fill*         0x0800f816        0x2 
 .text.__swsetup_r
                0x0800f818       0xa8 /Applications/ArmGNUToolchain/15.2.rel1/arm-none-eabi/bin/../lib/gcc/arm-none-eabi/15.2.1/../../../../arm-none-eabi/lib/thumb/v7e-m+fp/hard/libc_nano.a(libc_a-wsetup.o)
                0x0800f818                __swsetup_r
 .text.__swhatbuf_r
                0x0800f8c0       0x48 /Applications/ArmGNUToolchain/15.2.rel1/arm-none-eabi/bin/../lib/gcc/arm-none-eabi/15.2.1/../../../../arm-none-eabi/lib/thumb/v7e-m+fp/hard/libc_nano.a(libc_a-makebuf.o)
                0x0800f8c0                __swhatbuf_r
 .text.__smakebuf_r
                0x0800f908       0x72 /Applications/ArmGNUToolchain/15.2.rel1/arm-none-eabi/bin/../lib/gcc/arm-none-eabi/15.2.1/../../../../arm-none-eabi/lib/thumb/v7e-m+fp/hard/libc_nano.a(libc_a-makebuf.o)
                0x0800f908                __smakebuf_r
 .text.memmove  0x0800f97a       0x32 /Applications/ArmGNUToolchain/15.2.rel1/arm-none-eabi/bin/../lib/gcc/arm-none-eabi/15.2.1/../../../../arm-none-eabi/lib/thumb/v7e-m+fp/hard/libc_nano.a(libc_a-memmove.o)
                0x0800f97a                memmove
 .text._isatty_r
                0x0800f9ac       0x20 /Applications/ArmGNUToolchain/15.2.rel1/arm-none-eabi/bin/../lib/gcc/arm-none-eabi/15.2.1/../../../../arm-none-eabi/lib/thumb/v7e-m+fp/hard/libc_nano.a(libc_a-isattyr.o)
                0x0800f9ac                _isatty_r
 .text._lseek_r
                0x0800f9cc       0x24 /Applications/ArmGNUToolchain/15.2.rel1/arm-none-eabi/bin/../lib/gcc/arm-none-eabi/15.2.1/../../../../arm-none-eabi/lib/thumb/v7e-m+fp/hard/libc_nano.a(libc_a-lseekr.o)
                0x0800f9cc                _lseek_r
 .text._read_r  0x0800f9f0       0x24 /Applications/ArmGNUToolchain/15.2.rel1/arm-none-eabi/bin/../lib/gcc/arm-none-eabi/15.2.1/../../../../arm-none-eabi/lib/thumb/v7e-m+fp/hard/libc_nano.a(libc_a-readr.o)
                0x0800f9f0                _read_r
 .text._sbrk_r  0x0800fa14       0x20 /Applications/ArmGNUToolchain/15.2.rel1/arm-none-eabi/bin/../lib/gcc/arm-none-eabi/15.2.1/../../../../arm-none-eabi/lib/thumb/v7e-m+fp/hard/libc_nano.a(libc_a-sbrkr.o)
                0x0800fa14                _sbrk_r
 .text._write_r
                0x0800fa34       0x24 /Applications/ArmGNUToolchain/15.2.rel1/arm-none-eabi/bin/../lib/gcc/arm-none-eabi/15.2.1/../../../../arm-none-eabi/lib/thumb/v7e-m+fp/hard/libc_nano.a(libc_a-writer.o)
                0x0800fa34                _write_r
 .text._close_r
                0x0800fa58       0x20 /Applications/ArmGNUToolchain/15.2.rel1/arm-none-eabi/bin/../lib/gcc/arm-none-eabi/15.2.1/../../../../arm-none-eabi/lib/thumb/v7e-m+fp/hard/libc_nano.a(libc_a-closer.o)
                0x0800fa58                _close_r
 .text._fstat_r
                0x0800fa78       0x24 /Applications/ArmGNUToolchain/15.2.rel1/arm-none-eabi/bin/../lib/gcc/arm-none-eabi/15.2.1/../../../../arm-none-eabi/lib/thumb/v7e-m+fp/hard/libc_nano.a(libc_a-fstatr.o)
                0x0800fa78                _fstat_r
 .text.__assert_func
                0x0800fa9c       0x3c /Applications/ArmGNUToolchain/15.2.rel1/arm-none-eabi/bin/../lib/gcc/arm-none-eabi/15.2.1/../../../../arm-none-eabi/lib/thumb/v7e-m+fp/hard/libc_nano.a(libc_a-assert.o)
                0x0800fa9c                __assert_func
 .text._calloc_r
                0x0800fad8       0x28 /Applications/ArmGNUToolchain/15.2.rel1/arm-none-eabi/bin/../lib/gcc/arm-none-eabi/15.2.1/../../../../arm-none-eabi/lib/thumb/v7e-m+fp/hard/libc_nano.a(libc_a-callocr.o)
                0x0800fad8                _calloc_r
 .text._free_r  0x0800fb00       0x98 /Applications/ArmGNUToolchain/15.2.rel1/arm-none-eabi/bin/../lib/gcc/arm-none-eabi/15.2.1/../../../../arm-none-eabi/lib/thumb/v7e-m+fp/hard/libc_nano.a(libc_a-freer.o)
                0x0800fb00                _free_r
 .text.__ascii_mbtowc
                0x0800fb98       0x24 /Applications/ArmGNUToolchain/15.2.rel1/arm-none-eabi/bin/../lib/gcc/arm-none-eabi/15.2.1/../../../../arm-none-eabi/lib/thumb/v7e-m+fp/hard/libc_nano.a(libc_a-mbtowc_r.o)
                0x0800fb98                __ascii_mbtowc
 .text._malloc_usable_size_r
                0x0800fbbc       0x10 /Applications/ArmGNUToolchain/15.2.rel1/arm-none-eabi/bin/../lib/gcc/arm-none-eabi/15.2.1/../../../../arm-none-eabi/lib/thumb/v7e-m+fp/hard/libc_nano.a(libc_a-msizer.o)
                0x0800fbbc                _malloc_usable_size_r
 .text.fprintf  0x0800fbcc       0x24 /Applications/ArmGNUToolchain/15.2.rel1/arm-none-eabi/bin/../lib/gcc/arm-none-eabi/15.2.1/../../../../arm-none-eabi/lib/thumb/v7e-m+fp/hard/libc_nano.a(libc_a-fprintf.o)
                0x0800fbcc                fprintf
                0x0800fbcc                fiprintf
 .text.__ascii_wctomb
                0x0800fbf0       0x1a /Applications/ArmGNUToolchain/15.2.rel1/arm-none-eabi/bin/../lib/gcc/arm-none-eabi/15.2.1/../../../../arm-none-eabi/lib/thumb/v7e-m+fp/hard/libc_nano.a(libc_a-wctomb_r.o)
                0x0800fbf0                __ascii_wctomb
 .text.abort    0x0800fc0a        0xe /Applications/ArmGNUToolchain/15.2.rel1/arm-none-eabi/bin/../lib/gcc/arm-none-eabi/15.2.1/../../../../arm-none-eabi/lib/thumb/v7e-m+fp/hard/libc_nano.a(libc_a-abort.o)
                0x0800fc0a                abort
 .text._raise_r
                0x0800fc18       0x50 /Applications/ArmGNUToolchain/15.2.rel1/arm-none-eabi/bin/../lib/gcc/arm-none-eabi/15.2.1/../../../../arm-none-eabi/lib/thumb/v7e-m+fp/hard/libc_nano.a(libc_a-signal.o)
                0x0800fc18                _raise_r
 .text.raise    0x0800fc68       0x10 /Applications/ArmGNUToolchain/15.2.rel1/arm-none-eabi/bin/../lib/gcc/arm-none-eabi/15.2.1/../../../../arm-none-eabi/lib/thumb/v7e-m+fp/hard/libc_nano.a(libc_a-signal.o)
                0x0800fc68                raise
 .text._kill_r  0x0800fc78       0x24 /Applications/ArmGNUToolchain/15.2.rel1/arm-none-eabi/bin/../lib/gcc/arm-none-eabi/15.2.1/../../../../arm-none-eabi/lib/thumb/v7e-m+fp/hard/libc_nano.a(libc_a-signalr.o)
                0x0800fc78                _kill_r
 .text._getpid_r
                0x0800fc9c        0x4 /Applications/ArmGNUToolchain/15.2.rel1/arm-none-eabi/bin/../lib/gcc/arm-none-eabi/15.2.1/../../../../arm-none-eabi/lib/thumb/v7e-m+fp/hard/libc_nano.a(libc_a-signalr.o)
                0x0800fc9c                _getpid_r
 .text.__udivmoddi4
                0x0800fca0      0x320 /Applications/ArmGNUToolchain/15.2.rel1/arm-none-eabi/bin/../lib/gcc/arm-none-eabi/15.2.1/thumb/v7e-m+fp/hard/libgcc.a(_udivmoddi4.o)
                0x0800fca0                __udivmoddi4
 *(.glue_7)
 .glue_7        0x0800ffc0        0x0 linker stubs
 *(.glue_7t)
 .glue_7t       0x0800ffc0        0x0 linker stubs
 *(.eh_frame)
 .eh_frame      0x0800ffc0        0x0 /Applications/ArmGNUToolchain/15.2.rel1/arm-none-eabi/bin/../lib/gcc/arm-none-eabi/15.2.1/thumb/v7e-m+fp/hard/crtbegin.o
 *(.init)
 .init          0x0800ffc0        0x4 /Applications/ArmGNUToolchain/15.2.rel1/arm-none-eabi/bin/../lib/gcc/arm-none-eabi/15.2.1/thumb/v7e-m+fp/hard/crti.o
                0x0800ffc0                _init
 .init          0x0800ffc4        0x8 /Applications/ArmGNUToolchain/15.2.rel1/arm-none-eabi/bin/../lib/gcc/arm-none-eabi/15.2.1/thumb/v7e-m+fp/hard/crtn.o
 *(.fini)
 .fini          0x0800ffcc        0x4 /Applications/ArmGNUToolchain/15.2.rel1/arm-none-eabi/bin/../lib/gcc/arm-none-eabi/15.2.1/thumb/v7e-m+fp/hard/crti.o
                0x0800ffcc                _fini
 .fini          0x0800ffd0        0x8 /Applications/ArmGNUToolchain/15.2.rel1/arm-none-eabi/bin/../lib/gcc/arm-none-eabi/15.2.1/thumb/v7e-m+fp/hard/crtn.o
                0x0800ffd8                        . = ALIGN (0x8)
                0x0800ffd8                        _etext = .

.vfp11_veneer   0x0800ffd8        0x0
 .vfp11_veneer  0x0800ffd8        0x0 linker stubs

.v4_bx          0x0800ffd8        0x0
 .v4_bx         0x0800ffd8        0x0 linker stubs

.iplt           0x0800ffd8        0x0
 .iplt          0x0800ffd8        0x0 /Applications/ArmGNUToolchain/15.2.rel1/arm-none-eabi/bin/../lib/gcc/arm-none-eabi/15.2.1/thumb/v7e-m+fp/hard/crtbegin.o

.rodata         0x0800ffd8     0x2ec8
                0x0800ffd8                        . = ALIGN (0x8)
 *(.rodata)
 .rodata        0x0800ffd8       0x24 build/sd_intf.o
 .rodata        0x0800fffc        0x6 build/bmi2.o
 *(.rodata*)
 *fill*         0x08010002        0x2 
 .rodata.HAL_UART_ErrorCallback.str1.4
                0x08010004      0x61b build/main.o
                                 0x12 (size before relaxing)
 .rodata.HAL_GPIO_EXTI_Callback.str1.4
                0x0801061f        0x0 build/main.o
                                 0x22 (size before relaxing)
 .rodata.hard_fault_handler_c.str1.4
                0x0801061f        0x0 build/main.o
                                 0x57 (size before relaxing)
 .rodata.main.str1.4
                0x0801061f        0x0 build/main.o
                                 0x5a (size before relaxing)
 .rodata.log_printf.str1.4
                0x0801061f        0x0 build/sd_intf.o
                                  0x3 (size before relaxing)
 .rodata.initSD.str1.4
                0x0801061f        0x0 build/sd_intf.o
                                 0x26 (size before relaxing)
 .rodata.initSDFiles.str1.4
                0x0801061f        0x0 build/sd_intf.o
                                 0x7a (size before relaxing)
 .rodata.initBMI270.str1.4
                0x0801061f        0x0 build/peripherals.o
                                0x196 (size before relaxing)
 .rodata.readTMP.str1.4
                0x0801061f        0x0 build/peripherals.o
                                 0x29 (size before relaxing)
 .rodata.readBMI270.str1.4
                0x0801061f        0x0 build/peripherals.o
                                 0x7f (size before relaxing)
 .rodata.GPS_Start.str1.4
                0x0801061f        0x0 build/peripherals.o
                                 0x17 (size before relaxing)
 .rodata.HAL_UART_RxCpltCallback.str1.4
                0x0801061f        0x0 build/peripherals.o
                                  0x7 (size before relaxing)
 .rodata.readGPS.str1.4
                0x0801061f        0x0 build/peripherals.o
                                 0x15 (size before relaxing)
 .rodata.initBMIC.str1.4
                0x0801061f        0x0 build/peripherals.o
                                 0x18 (size before relaxing)
 .rodata.readBMIC.str1.4
                0x0801061f        0x0 build/peripherals.o
                                 0x4c (size before relaxing)
 .rodata.setupAccSleep.str1.4
                0x0801061f        0x0 build/peripherals.o
                                 0x5a (size before relaxing)
 .rodata.tag_sleep.str1.4
                0x0801061f        0x0 build/peripherals.o
                                 0x63 (size before relaxing)
 *fill*         0x0801061f        0x1 
 .rodata.MONTH_DAYS
                0x08010620        0xc build/peripherals.o
 .rodata.Read_I2C_Reg.str1.4
                0x0801062c        0x0 build/i2c.o
                                 0x4e (size before relaxing)
 .rodata.Read_I2C_Reg_NoStop.str1.4
                0x0801062c        0x0 build/i2c.o
                                 0x4d (size before relaxing)
 .rodata.Write_I2C_Reg.str1.4
                0x0801062c        0x0 build/i2c.o
                                 0x4a (size before relaxing)
 .rodata.bmi270_feat_out
                0x0801062c       0x15 build/bmi270.o
                0x0801062c                bmi270_feat_out
 *fill*         0x08010641        0x3 
 .rodata.bmi270_feat_in
                0x08010644       0x33 build/bmi270.o
                0x08010644                bmi270_feat_in
 *fill*         0x08010677        0x1 
 .rodata.bmi270_config_file
                0x08010678     0x2000 build/bmi270.o
                0x08010678                bmi270_config_file
 .rodata.SD_Driver
                0x08012678       0x14 build/sd_diskio.o
                0x08012678                SD_Driver
 .rodata.MSIRangeTable
                0x0801268c       0x30 build/system_stm32l4xx.o
                0x0801268c                MSIRangeTable
 .rodata.APBPrescTable
                0x080126bc        0x8 build/system_stm32l4xx.o
                0x080126bc                APBPrescTable
 .rodata.AHBPrescTable
                0x080126c4       0x10 build/system_stm32l4xx.o
                0x080126c4                AHBPrescTable
 .rodata.check_fs.str1.4
                0x080126d4        0x0 build/ff.o
                                  0xc (size before relaxing)
 .rodata.create_name.str1.4
                0x080126d4        0x0 build/ff.o
                                 0x13 (size before relaxing)
 .rodata.LfnOfs
                0x080126d4        0xd build/ff.o
 *fill*         0x080126e1        0x3 
 .rodata.ExCvt  0x080126e4       0x80 build/ff.o
 .rodata.cvt2.0
                0x08012764       0xbc build/ccsbcs.o
 .rodata.cvt1.1
                0x08012820      0x1f2 build/ccsbcs.o
 *fill*         0x08012a12        0x2 
 .rodata.Tbl    0x08012a14      0x100 build/ccsbcs.o
 .rodata._printf_float.str1.1
                0x08012b14      0x183 /Applications/ArmGNUToolchain/15.2.rel1/arm-none-eabi/bin/../lib/gcc/arm-none-eabi/15.2.1/../../../../arm-none-eabi/lib/thumb/v7e-m+fp/hard/libc_nano.a(libc_a-nano-vfprintf_float.o)
                                 0x12 (size before relaxing)
 .rodata._printf_i.str1.1
                0x08012c97        0x0 /Applications/ArmGNUToolchain/15.2.rel1/arm-none-eabi/bin/../lib/gcc/arm-none-eabi/15.2.1/../../../../arm-none-eabi/lib/thumb/v7e-m+fp/hard/libc_nano.a(libc_a-nano-vfprintf_i.o)
                                 0x22 (size before relaxing)
 .rodata._dtoa_r.str1.1
                0x08012c97        0x0 /Applications/ArmGNUToolchain/15.2.rel1/arm-none-eabi/bin/../lib/gcc/arm-none-eabi/15.2.1/../../../../arm-none-eabi/lib/thumb/v7e-m+fp/hard/libc_nano.a(libc_a-dtoa.o)
                                 0x98 (size before relaxing)
 .rodata._svfprintf_r.str1.1
                0x08012c97        0x0 /Applications/ArmGNUToolchain/15.2.rel1/arm-none-eabi/bin/../lib/gcc/arm-none-eabi/15.2.1/../../../../arm-none-eabi/lib/thumb/v7e-m+fp/hard/libc_nano.a(libc_a-nano-svfprintf.o)
                                 0x11 (size before relaxing)
 .rodata._vfprintf_r.str1.1
                0x08012c97        0x0 /Applications/ArmGNUToolchain/15.2.rel1/arm-none-eabi/bin/../lib/gcc/arm-none-eabi/15.2.1/../../../../arm-none-eabi/lib/thumb/v7e-m+fp/hard/libc_nano.a(libc_a-nano-vfprintf.o)
                                 0x11 (size before relaxing)
 .rodata._Balloc.str1.1
                0x08012c97        0x0 /Applications/ArmGNUToolchain/15.2.rel1/arm-none-eabi/bin/../lib/gcc/arm-none-eabi/15.2.1/../../../../arm-none-eabi/lib/thumb/v7e-m+fp/hard/libc_nano.a(libc_a-mprec.o)
                                 0x79 (size before relaxing)
 .rodata.__multadd.str1.1
                0x08012c97        0x0 /Applications/ArmGNUToolchain/15.2.rel1/arm-none-eabi/bin/../lib/gcc/arm-none-eabi/15.2.1/../../../../arm-none-eabi/lib/thumb/v7e-m+fp/hard/libc_nano.a(libc_a-mprec.o)
                                 0x11 (size before relaxing)
 *fill*         0x08012c97        0x1 
 .rodata.p05.0  0x08012c98        0xc /Applications/ArmGNUToolchain/15.2.rel1/arm-none-eabi/bin/../lib/gcc/arm-none-eabi/15.2.1/../../../../arm-none-eabi/lib/thumb/v7e-m+fp/hard/libc_nano.a(libc_a-mprec.o)
 *fill*         0x08012ca4        0x4 
 .rodata.__mprec_bigtens
                0x08012ca8       0x28 /Applications/ArmGNUToolchain/15.2.rel1/arm-none-eabi/bin/../lib/gcc/arm-none-eabi/15.2.1/../../../../arm-none-eabi/lib/thumb/v7e-m+fp/hard/libc_nano.a(libc_a-mprec.o)
                0x08012ca8                __mprec_bigtens
 .rodata.__mprec_tens
                0x08012cd0       0xc8 /Applications/ArmGNUToolchain/15.2.rel1/arm-none-eabi/bin/../lib/gcc/arm-none-eabi/15.2.1/../../../../arm-none-eabi/lib/thumb/v7e-m+fp/hard/libc_nano.a(libc_a-mprec.o)
                0x08012cd0                __mprec_tens
 .rodata._setlocale_r.str1.1
                0x08012d98        0x0 /Applications/ArmGNUToolchain/15.2.rel1/arm-none-eabi/bin/../lib/gcc/arm-none-eabi/15.2.1/../../../../arm-none-eabi/lib/thumb/v7e-m+fp/hard/libc_nano.a(libc_a-locale.o)
                                  0x9 (size before relaxing)
 .rodata.str1.1
                0x08012d98        0x0 /Applications/ArmGNUToolchain/15.2.rel1/arm-none-eabi/bin/../lib/gcc/arm-none-eabi/15.2.1/../../../../arm-none-eabi/lib/thumb/v7e-m+fp/hard/libc_nano.a(libc_a-locale.o)
                                  0x2 (size before relaxing)
 .rodata.__assert_func.str1.1
                0x08012d98        0x0 /Applications/ArmGNUToolchain/15.2.rel1/arm-none-eabi/bin/../lib/gcc/arm-none-eabi/15.2.1/../../../../arm-none-eabi/lib/thumb/v7e-m+fp/hard/libc_nano.a(libc_a-assert.o)
                                 0x3d (size before relaxing)
 .rodata._ctype_
                0x08012d98      0x101 /Applications/ArmGNUToolchain/15.2.rel1/arm-none-eabi/bin/../lib/gcc/arm-none-eabi/15.2.1/../../../../arm-none-eabi/lib/thumb/v7e-m+fp/hard/libc_nano.a(libc_a-ctype_.o)
                0x08012d98                _ctype_
                0x08012ea0                        . = ALIGN (0x8)
 *fill*         0x08012e99        0x7 

.ARM.extab      0x08012ea0        0x0
                0x08012ea0                        . = ALIGN (0x8)
 *(.ARM.extab* .gnu.linkonce.armextab.*)
                0x08012ea0                        . = ALIGN (0x8)

.ARM            0x08012ea0        0x8
                0x08012ea0                        . = ALIGN (0x8)
                0x08012ea0                        __exidx_start = .
 *(.ARM.exidx*)
 .ARM.exidx     0x08012ea0        0x8 /Applications/ArmGNUToolchain/15.2.rel1/arm-none-eabi/bin/../lib/gcc/arm-none-eabi/15.2.1/../../../../arm-none-eabi/lib/thumb/v7e-m+fp/hard/libc_nano.a(libc_a-memchr.o)
 .ARM.exidx     0x08012ea8        0x0 /Applications/ArmGNUToolchain/15.2.rel1/arm-none-eabi/bin/../lib/gcc/arm-none-eabi/15.2.1/../../../../arm-none-eabi/lib/thumb/v7e-m+fp/hard/libc_nano.a(libc_a-strlen.o)
                                  0x8 (size before relaxing)
 .ARM.exidx.text.__udivmoddi4
                0x08012ea8        0x0 /Applications/ArmGNUToolchain/15.2.rel1/arm-none-eabi/bin/../lib/gcc/arm-none-eabi/15.2.1/thumb/v7e-m+fp/hard/libgcc.a(_udivmoddi4.o)
                                  0x8 (size before relaxing)
                0x08012ea8                        __exidx_end = .
                0x08012ea8                        . = ALIGN (0x8)

.preinit_array  0x08012ea8        0x0
                0x08012ea8                        . = ALIGN (0x8)
                0x08012ea8                        PROVIDE (__preinit_array_start = .)
 *(.preinit_array*)
                0x08012ea8                        PROVIDE (__preinit_array_end = .)
                0x08012ea8                        . = ALIGN (0x8)

.init_array     0x08012ea8        0x8
                0x08012ea8                        . = ALIGN (0x8)
                0x08012ea8                        PROVIDE (__init_array_start = .)
 *(SORT_BY_NAME(.init_array.*))
 *(.init_array*)
 .init_array    0x08012ea8        0x4 /Applications/ArmGNUToolchain/15.2.rel1/arm-none-eabi/bin/../lib/gcc/arm-none-eabi/15.2.1/thumb/v7e-m+fp/hard/crtbegin.o